INFO 09-15 01:36:48 sklearn_execution_time_predictor.py:241] Attention data filtering: original 43888 rows, filtered 10972 rows. Model config: n_embd=4096, n_q_head=32, n_kv_head=32, block_size=16, tp_workers=1
INFO 09-15 01:36:49 sklearn_execution_time_predictor.py:241] Attention data filtering: original 43888 rows, filtered 10972 rows. Model config: n_embd=4096, n_q_head=32, n_kv_head=32, block_size=16, tp_workers=1
INFO 09-15 01:36:49 simulator.py:68] Starting simulation with cluster: Cluster({'id': 0, 'num_replicas': 1}) and 6 requests
> Debug: time=0.3985399234482755 Event 1 of type request_arrival Generates 1 GlobalScheduleEvent
> Debug: time=0.3985399234482755 Generates 1 ReplicaScheduleEvents                 from event #7 global_schedule, replica_id=0
> Debug: time=0.3985399234482755 Generates 1 BatchStageArrivalEvents             from event #8 replica_schedule 
> Debug: time=0.3985399234482755 Event #9 of type batch_stage_arrival Generates 1 ReplicaStageScheduleEvent replica_id=0 stage_id=0
> Debug: time=0.4235519453256066 Generates 1 BatchStageArrivalEvents             from event #14 replica_schedule 
> Debug: time=0.4235519453256066 Event #15 of type batch_stage_arrival Generates 1 ReplicaStageScheduleEvent replica_id=0 stage_id=0
> Debug: time=0.4489815059732234 Generates 1 BatchStageArrivalEvents             from event #20 replica_schedule 
> Debug: time=0.4489815059732234 Event #21 of type batch_stage_arrival Generates 1 ReplicaStageScheduleEvent replica_id=0 stage_id=0
> Debug: time=0.4574375030952791 Generates 1 BatchStageArrivalEvents             from event #26 replica_schedule 
> Debug: time=0.4574375030952791 Event #27 of type batch_stage_arrival Generates 1 ReplicaStageScheduleEvent replica_id=0 stage_id=0
> Debug: time=0.4658935002173348 Generates 1 BatchStageArrivalEvents             from event #32 replica_schedule 
> Debug: time=0.4658935002173348 Event #33 of type batch_stage_arrival Generates 1 ReplicaStageScheduleEvent replica_id=0 stage_id=0
> Debug: time=0.47434949733939047 Generates 1 BatchStageArrivalEvents             from event #38 replica_schedule 
> Debug: time=0.47434949733939047 Event #39 of type batch_stage_arrival Generates 1 ReplicaStageScheduleEvent replica_id=0 stage_id=0
> Debug: time=0.48280549446144616 Generates 1 BatchStageArrivalEvents             from event #44 replica_schedule 
> Debug: time=0.48280549446144616 Event #45 of type batch_stage_arrival Generates 1 ReplicaStageScheduleEvent replica_id=0 stage_id=0
> Debug: time=0.49126149158350185 Generates 1 BatchStageArrivalEvents             from event #50 replica_schedule 
> Debug: time=0.49126149158350185 Event #51 of type batch_stage_arrival Generates 1 ReplicaStageScheduleEvent replica_id=0 stage_id=0
> Debug: time=0.49971748870555754 Generates 1 BatchStageArrivalEvents             from event #56 replica_schedule 
> Debug: time=0.49971748870555754 Event #57 of type batch_stage_arrival Generates 1 ReplicaStageScheduleEvent replica_id=0 stage_id=0
> Debug: time=0.5081734858276132 Generates 1 BatchStageArrivalEvents             from event #62 replica_schedule 
> Debug: time=0.5081734858276132 Event #63 of type batch_stage_arrival Generates 1 ReplicaStageScheduleEvent replica_id=0 stage_id=0
> Debug: time=0.5166294829496689 Generates 1 BatchStageArrivalEvents             from event #68 replica_schedule 
> Debug: time=0.5166294829496689 Event #69 of type batch_stage_arrival Generates 1 ReplicaStageScheduleEvent replica_id=0 stage_id=0
> Debug: time=0.5250854800717246 Generates 1 BatchStageArrivalEvents             from event #74 replica_schedule 
> Debug: time=0.5250854800717246 Event #75 of type batch_stage_arrival Generates 1 ReplicaStageScheduleEvent replica_id=0 stage_id=0
> Debug: time=0.5335414771937803 Generates 1 BatchStageArrivalEvents             from event #80 replica_schedule 
> Debug: time=0.5335414771937803 Event #81 of type batch_stage_arrival Generates 1 ReplicaStageScheduleEvent replica_id=0 stage_id=0
> Debug: time=0.541997474315836 Generates 1 BatchStageArrivalEvents             from event #86 replica_schedule 
> Debug: time=0.541997474315836 Event #87 of type batch_stage_arrival Generates 1 ReplicaStageScheduleEvent replica_id=0 stage_id=0
> Debug: time=0.5504534714378917 Generates 1 BatchStageArrivalEvents             from event #92 replica_schedule 
> Debug: time=0.5504534714378917 Event #93 of type batch_stage_arrival Generates 1 ReplicaStageScheduleEvent replica_id=0 stage_id=0
> Debug: time=0.5589094685599474 Generates 1 BatchStageArrivalEvents             from event #98 replica_schedule 
> Debug: time=0.5589094685599474 Event #99 of type batch_stage_arrival Generates 1 ReplicaStageScheduleEvent replica_id=0 stage_id=0
> Debug: time=0.5673654656820031 Generates 1 BatchStageArrivalEvents             from event #104 replica_schedule 
> Debug: time=0.5673654656820031 Event #105 of type batch_stage_arrival Generates 1 ReplicaStageScheduleEvent replica_id=0 stage_id=0
> Debug: time=0.5758214628040588 Generates 1 BatchStageArrivalEvents             from event #110 replica_schedule 
> Debug: time=0.5758214628040588 Event #111 of type batch_stage_arrival Generates 1 ReplicaStageScheduleEvent replica_id=0 stage_id=0
> Debug: time=0.5842774599261145 Generates 1 BatchStageArrivalEvents             from event #116 replica_schedule 
> Debug: time=0.5842774599261145 Event #117 of type batch_stage_arrival Generates 1 ReplicaStageScheduleEvent replica_id=0 stage_id=0
> Debug: time=0.5927334570481702 Generates 1 BatchStageArrivalEvents             from event #122 replica_schedule 
> Debug: time=0.5927334570481702 Event #123 of type batch_stage_arrival Generates 1 ReplicaStageScheduleEvent replica_id=0 stage_id=0
> Debug: time=0.6011894541702258 Generates 1 BatchStageArrivalEvents             from event #128 replica_schedule 
> Debug: time=0.6011894541702258 Event #129 of type batch_stage_arrival Generates 1 ReplicaStageScheduleEvent replica_id=0 stage_id=0
> Debug: time=0.6096454512922815 Generates 1 BatchStageArrivalEvents             from event #134 replica_schedule 
> Debug: time=0.6096454512922815 Event #135 of type batch_stage_arrival Generates 1 ReplicaStageScheduleEvent replica_id=0 stage_id=0
> Debug: time=0.6181014484143372 Generates 1 BatchStageArrivalEvents             from event #140 replica_schedule 
> Debug: time=0.6181014484143372 Event #141 of type batch_stage_arrival Generates 1 ReplicaStageScheduleEvent replica_id=0 stage_id=0
> Debug: time=0.6265574455363929 Generates 1 BatchStageArrivalEvents             from event #146 replica_schedule 
> Debug: time=0.6265574455363929 Event #147 of type batch_stage_arrival Generates 1 ReplicaStageScheduleEvent replica_id=0 stage_id=0
> Debug: time=0.6350134426584486 Generates 1 BatchStageArrivalEvents             from event #152 replica_schedule 
> Debug: time=0.6350134426584486 Event #153 of type batch_stage_arrival Generates 1 ReplicaStageScheduleEvent replica_id=0 stage_id=0
> Debug: time=0.6434694397805043 Generates 1 BatchStageArrivalEvents             from event #158 replica_schedule 
> Debug: time=0.6434694397805043 Event #159 of type batch_stage_arrival Generates 1 ReplicaStageScheduleEvent replica_id=0 stage_id=0
> Debug: time=0.65192543690256 Generates 1 BatchStageArrivalEvents             from event #164 replica_schedule 
> Debug: time=0.65192543690256 Event #165 of type batch_stage_arrival Generates 1 ReplicaStageScheduleEvent replica_id=0 stage_id=0
> Debug: time=0.6603814340246157 Generates 1 BatchStageArrivalEvents             from event #170 replica_schedule 
> Debug: time=0.6603814340246157 Event #171 of type batch_stage_arrival Generates 1 ReplicaStageScheduleEvent replica_id=0 stage_id=0
> Debug: time=0.6688374311466714 Generates 1 BatchStageArrivalEvents             from event #176 replica_schedule 
> Debug: time=0.6688374311466714 Event #177 of type batch_stage_arrival Generates 1 ReplicaStageScheduleEvent replica_id=0 stage_id=0
> Debug: time=0.6772934282687271 Generates 1 BatchStageArrivalEvents             from event #182 replica_schedule 
> Debug: time=0.6772934282687271 Event #183 of type batch_stage_arrival Generates 1 ReplicaStageScheduleEvent replica_id=0 stage_id=0
> Debug: time=0.6857494253907828 Generates 1 BatchStageArrivalEvents             from event #188 replica_schedule 
> Debug: time=0.6857494253907828 Event #189 of type batch_stage_arrival Generates 1 ReplicaStageScheduleEvent replica_id=0 stage_id=0
> Debug: time=0.6942054225128385 Generates 1 BatchStageArrivalEvents             from event #194 replica_schedule 
> Debug: time=0.6942054225128385 Event #195 of type batch_stage_arrival Generates 1 ReplicaStageScheduleEvent replica_id=0 stage_id=0
> Debug: time=0.7026614196348941 Generates 1 BatchStageArrivalEvents             from event #200 replica_schedule 
> Debug: time=0.7026614196348941 Event #201 of type batch_stage_arrival Generates 1 ReplicaStageScheduleEvent replica_id=0 stage_id=0
> Debug: time=0.7111174167569498 Generates 1 BatchStageArrivalEvents             from event #206 replica_schedule 
> Debug: time=0.7111174167569498 Event #207 of type batch_stage_arrival Generates 1 ReplicaStageScheduleEvent replica_id=0 stage_id=0
> Debug: time=0.7195734138790055 Generates 1 BatchStageArrivalEvents             from event #212 replica_schedule 
> Debug: time=0.7195734138790055 Event #213 of type batch_stage_arrival Generates 1 ReplicaStageScheduleEvent replica_id=0 stage_id=0
> Debug: time=0.7280294110010612 Generates 1 BatchStageArrivalEvents             from event #218 replica_schedule 
> Debug: time=0.7280294110010612 Event #219 of type batch_stage_arrival Generates 1 ReplicaStageScheduleEvent replica_id=0 stage_id=0
> Debug: time=0.7364854081231169 Generates 1 BatchStageArrivalEvents             from event #224 replica_schedule 
> Debug: time=0.7364854081231169 Event #225 of type batch_stage_arrival Generates 1 ReplicaStageScheduleEvent replica_id=0 stage_id=0
> Debug: time=0.7449414052451726 Generates 1 BatchStageArrivalEvents             from event #230 replica_schedule 
> Debug: time=0.7449414052451726 Event #231 of type batch_stage_arrival Generates 1 ReplicaStageScheduleEvent replica_id=0 stage_id=0
> Debug: time=0.7533974023672283 Generates 1 BatchStageArrivalEvents             from event #236 replica_schedule 
> Debug: time=0.7533974023672283 Event #237 of type batch_stage_arrival Generates 1 ReplicaStageScheduleEvent replica_id=0 stage_id=0
> Debug: time=0.761853399489284 Generates 1 BatchStageArrivalEvents             from event #242 replica_schedule 
> Debug: time=0.761853399489284 Event #243 of type batch_stage_arrival Generates 1 ReplicaStageScheduleEvent replica_id=0 stage_id=0
> Debug: time=0.7703093966113397 Generates 1 BatchStageArrivalEvents             from event #248 replica_schedule 
> Debug: time=0.7703093966113397 Event #249 of type batch_stage_arrival Generates 1 ReplicaStageScheduleEvent replica_id=0 stage_id=0
> Debug: time=0.7787653937333954 Generates 1 BatchStageArrivalEvents             from event #254 replica_schedule 
> Debug: time=0.7787653937333954 Event #255 of type batch_stage_arrival Generates 1 ReplicaStageScheduleEvent replica_id=0 stage_id=0
> Debug: time=0.7872213908554511 Generates 1 BatchStageArrivalEvents             from event #260 replica_schedule 
> Debug: time=0.7872213908554511 Event #261 of type batch_stage_arrival Generates 1 ReplicaStageScheduleEvent replica_id=0 stage_id=0
> Debug: time=0.7956773879775068 Generates 1 BatchStageArrivalEvents             from event #266 replica_schedule 
> Debug: time=0.7956773879775068 Event #267 of type batch_stage_arrival Generates 1 ReplicaStageScheduleEvent replica_id=0 stage_id=0
> Debug: time=0.8041333850995624 Generates 1 BatchStageArrivalEvents             from event #272 replica_schedule 
> Debug: time=0.8041333850995624 Event #273 of type batch_stage_arrival Generates 1 ReplicaStageScheduleEvent replica_id=0 stage_id=0
> Debug: time=0.8125893822216181 Generates 1 BatchStageArrivalEvents             from event #278 replica_schedule 
> Debug: time=0.8125893822216181 Event #279 of type batch_stage_arrival Generates 1 ReplicaStageScheduleEvent replica_id=0 stage_id=0
> Debug: time=0.8210453793436738 Generates 1 BatchStageArrivalEvents             from event #284 replica_schedule 
> Debug: time=0.8210453793436738 Event #285 of type batch_stage_arrival Generates 1 ReplicaStageScheduleEvent replica_id=0 stage_id=0
> Debug: time=0.8295013764657295 Generates 1 BatchStageArrivalEvents             from event #290 replica_schedule 
> Debug: time=0.8295013764657295 Event #291 of type batch_stage_arrival Generates 1 ReplicaStageScheduleEvent replica_id=0 stage_id=0
> Debug: time=0.8379573735877852 Generates 1 BatchStageArrivalEvents             from event #296 replica_schedule 
> Debug: time=0.8379573735877852 Event #297 of type batch_stage_arrival Generates 1 ReplicaStageScheduleEvent replica_id=0 stage_id=0
> Debug: time=0.8464133707098409 Generates 1 BatchStageArrivalEvents             from event #302 replica_schedule 
> Debug: time=0.8464133707098409 Event #303 of type batch_stage_arrival Generates 1 ReplicaStageScheduleEvent replica_id=0 stage_id=0
> Debug: time=0.8548693678318966 Generates 1 BatchStageArrivalEvents             from event #308 replica_schedule 
> Debug: time=0.8548693678318966 Event #309 of type batch_stage_arrival Generates 1 ReplicaStageScheduleEvent replica_id=0 stage_id=0
> Debug: time=3.3985399234482756 Event 2 of type request_arrival Generates 1 GlobalScheduleEvent
> Debug: time=3.3985399234482756 Generates 1 ReplicaScheduleEvents                 from event #315 global_schedule, replica_id=0
> Debug: time=3.3985399234482756 Generates 1 BatchStageArrivalEvents             from event #316 replica_schedule 
> Debug: time=3.3985399234482756 Event #317 of type batch_stage_arrival Generates 1 ReplicaStageScheduleEvent replica_id=0 stage_id=0
> Debug: time=3.423551945325607 Generates 1 BatchStageArrivalEvents             from event #322 replica_schedule 
> Debug: time=3.423551945325607 Event #323 of type batch_stage_arrival Generates 1 ReplicaStageScheduleEvent replica_id=0 stage_id=0
> Debug: time=3.4489815059732236 Generates 1 BatchStageArrivalEvents             from event #328 replica_schedule 
> Debug: time=3.4489815059732236 Event #329 of type batch_stage_arrival Generates 1 ReplicaStageScheduleEvent replica_id=0 stage_id=0
> Debug: time=3.4574375030952793 Generates 1 BatchStageArrivalEvents             from event #334 replica_schedule 
> Debug: time=3.4574375030952793 Event #335 of type batch_stage_arrival Generates 1 ReplicaStageScheduleEvent replica_id=0 stage_id=0
> Debug: time=3.465893500217335 Generates 1 BatchStageArrivalEvents             from event #340 replica_schedule 
> Debug: time=3.465893500217335 Event #341 of type batch_stage_arrival Generates 1 ReplicaStageScheduleEvent replica_id=0 stage_id=0
> Debug: time=3.4743494973393907 Generates 1 BatchStageArrivalEvents             from event #346 replica_schedule 
> Debug: time=3.4743494973393907 Event #347 of type batch_stage_arrival Generates 1 ReplicaStageScheduleEvent replica_id=0 stage_id=0
> Debug: time=3.4828054944614464 Generates 1 BatchStageArrivalEvents             from event #352 replica_schedule 
> Debug: time=3.4828054944614464 Event #353 of type batch_stage_arrival Generates 1 ReplicaStageScheduleEvent replica_id=0 stage_id=0
> Debug: time=3.491261491583502 Generates 1 BatchStageArrivalEvents             from event #358 replica_schedule 
> Debug: time=3.491261491583502 Event #359 of type batch_stage_arrival Generates 1 ReplicaStageScheduleEvent replica_id=0 stage_id=0
> Debug: time=3.4997174887055578 Generates 1 BatchStageArrivalEvents             from event #364 replica_schedule 
> Debug: time=3.4997174887055578 Event #365 of type batch_stage_arrival Generates 1 ReplicaStageScheduleEvent replica_id=0 stage_id=0
> Debug: time=3.5081734858276135 Generates 1 BatchStageArrivalEvents             from event #370 replica_schedule 
> Debug: time=3.5081734858276135 Event #371 of type batch_stage_arrival Generates 1 ReplicaStageScheduleEvent replica_id=0 stage_id=0
> Debug: time=3.516629482949669 Generates 1 BatchStageArrivalEvents             from event #376 replica_schedule 
> Debug: time=3.516629482949669 Event #377 of type batch_stage_arrival Generates 1 ReplicaStageScheduleEvent replica_id=0 stage_id=0
> Debug: time=3.525085480071725 Generates 1 BatchStageArrivalEvents             from event #382 replica_schedule 
> Debug: time=3.525085480071725 Event #383 of type batch_stage_arrival Generates 1 ReplicaStageScheduleEvent replica_id=0 stage_id=0
> Debug: time=3.5335414771937805 Generates 1 BatchStageArrivalEvents             from event #388 replica_schedule 
> Debug: time=3.5335414771937805 Event #389 of type batch_stage_arrival Generates 1 ReplicaStageScheduleEvent replica_id=0 stage_id=0
> Debug: time=3.5419974743158362 Generates 1 BatchStageArrivalEvents             from event #394 replica_schedule 
> Debug: time=3.5419974743158362 Event #395 of type batch_stage_arrival Generates 1 ReplicaStageScheduleEvent replica_id=0 stage_id=0
> Debug: time=3.550453471437892 Generates 1 BatchStageArrivalEvents             from event #400 replica_schedule 
> Debug: time=3.550453471437892 Event #401 of type batch_stage_arrival Generates 1 ReplicaStageScheduleEvent replica_id=0 stage_id=0
> Debug: time=3.5589094685599476 Generates 1 BatchStageArrivalEvents             from event #406 replica_schedule 
> Debug: time=3.5589094685599476 Event #407 of type batch_stage_arrival Generates 1 ReplicaStageScheduleEvent replica_id=0 stage_id=0
> Debug: time=3.5673654656820033 Generates 1 BatchStageArrivalEvents             from event #412 replica_schedule 
> Debug: time=3.5673654656820033 Event #413 of type batch_stage_arrival Generates 1 ReplicaStageScheduleEvent replica_id=0 stage_id=0
> Debug: time=3.575821462804059 Generates 1 BatchStageArrivalEvents             from event #418 replica_schedule 
> Debug: time=3.575821462804059 Event #419 of type batch_stage_arrival Generates 1 ReplicaStageScheduleEvent replica_id=0 stage_id=0
> Debug: time=3.5842774599261147 Generates 1 BatchStageArrivalEvents             from event #424 replica_schedule 
> Debug: time=3.5842774599261147 Event #425 of type batch_stage_arrival Generates 1 ReplicaStageScheduleEvent replica_id=0 stage_id=0
> Debug: time=3.5927334570481704 Generates 1 BatchStageArrivalEvents             from event #430 replica_schedule 
> Debug: time=3.5927334570481704 Event #431 of type batch_stage_arrival Generates 1 ReplicaStageScheduleEvent replica_id=0 stage_id=0
> Debug: time=3.601189454170226 Generates 1 BatchStageArrivalEvents             from event #436 replica_schedule 
> Debug: time=3.601189454170226 Event #437 of type batch_stage_arrival Generates 1 ReplicaStageScheduleEvent replica_id=0 stage_id=0
> Debug: time=3.6096454512922818 Generates 1 BatchStageArrivalEvents             from event #442 replica_schedule 
> Debug: time=3.6096454512922818 Event #443 of type batch_stage_arrival Generates 1 ReplicaStageScheduleEvent replica_id=0 stage_id=0
> Debug: time=3.6181014484143375 Generates 1 BatchStageArrivalEvents             from event #448 replica_schedule 
> Debug: time=3.6181014484143375 Event #449 of type batch_stage_arrival Generates 1 ReplicaStageScheduleEvent replica_id=0 stage_id=0
> Debug: time=3.626557445536393 Generates 1 BatchStageArrivalEvents             from event #454 replica_schedule 
> Debug: time=3.626557445536393 Event #455 of type batch_stage_arrival Generates 1 ReplicaStageScheduleEvent replica_id=0 stage_id=0
> Debug: time=3.635013442658449 Generates 1 BatchStageArrivalEvents             from event #460 replica_schedule 
> Debug: time=3.635013442658449 Event #461 of type batch_stage_arrival Generates 1 ReplicaStageScheduleEvent replica_id=0 stage_id=0
> Debug: time=3.6434694397805045 Generates 1 BatchStageArrivalEvents             from event #466 replica_schedule 
> Debug: time=3.6434694397805045 Event #467 of type batch_stage_arrival Generates 1 ReplicaStageScheduleEvent replica_id=0 stage_id=0
> Debug: time=3.65192543690256 Generates 1 BatchStageArrivalEvents             from event #472 replica_schedule 
> Debug: time=3.65192543690256 Event #473 of type batch_stage_arrival Generates 1 ReplicaStageScheduleEvent replica_id=0 stage_id=0
> Debug: time=3.660381434024616 Generates 1 BatchStageArrivalEvents             from event #478 replica_schedule 
> Debug: time=3.660381434024616 Event #479 of type batch_stage_arrival Generates 1 ReplicaStageScheduleEvent replica_id=0 stage_id=0
> Debug: time=3.6688374311466716 Generates 1 BatchStageArrivalEvents             from event #484 replica_schedule 
> Debug: time=3.6688374311466716 Event #485 of type batch_stage_arrival Generates 1 ReplicaStageScheduleEvent replica_id=0 stage_id=0
> Debug: time=3.6772934282687273 Generates 1 BatchStageArrivalEvents             from event #490 replica_schedule 
> Debug: time=3.6772934282687273 Event #491 of type batch_stage_arrival Generates 1 ReplicaStageScheduleEvent replica_id=0 stage_id=0
> Debug: time=3.685749425390783 Generates 1 BatchStageArrivalEvents             from event #496 replica_schedule 
> Debug: time=3.685749425390783 Event #497 of type batch_stage_arrival Generates 1 ReplicaStageScheduleEvent replica_id=0 stage_id=0
> Debug: time=3.6942054225128387 Generates 1 BatchStageArrivalEvents             from event #502 replica_schedule 
> Debug: time=3.6942054225128387 Event #503 of type batch_stage_arrival Generates 1 ReplicaStageScheduleEvent replica_id=0 stage_id=0
> Debug: time=3.7026614196348944 Generates 1 BatchStageArrivalEvents             from event #508 replica_schedule 
> Debug: time=3.7026614196348944 Event #509 of type batch_stage_arrival Generates 1 ReplicaStageScheduleEvent replica_id=0 stage_id=0
> Debug: time=3.71111741675695 Generates 1 BatchStageArrivalEvents             from event #514 replica_schedule 
> Debug: time=3.71111741675695 Event #515 of type batch_stage_arrival Generates 1 ReplicaStageScheduleEvent replica_id=0 stage_id=0
> Debug: time=3.7195734138790058 Generates 1 BatchStageArrivalEvents             from event #520 replica_schedule 
> Debug: time=3.7195734138790058 Event #521 of type batch_stage_arrival Generates 1 ReplicaStageScheduleEvent replica_id=0 stage_id=0
> Debug: time=3.7280294110010614 Generates 1 BatchStageArrivalEvents             from event #526 replica_schedule 
> Debug: time=3.7280294110010614 Event #527 of type batch_stage_arrival Generates 1 ReplicaStageScheduleEvent replica_id=0 stage_id=0
> Debug: time=3.736485408123117 Generates 1 BatchStageArrivalEvents             from event #532 replica_schedule 
> Debug: time=3.736485408123117 Event #533 of type batch_stage_arrival Generates 1 ReplicaStageScheduleEvent replica_id=0 stage_id=0
> Debug: time=3.744941405245173 Generates 1 BatchStageArrivalEvents             from event #538 replica_schedule 
> Debug: time=3.744941405245173 Event #539 of type batch_stage_arrival Generates 1 ReplicaStageScheduleEvent replica_id=0 stage_id=0
> Debug: time=3.7533974023672285 Generates 1 BatchStageArrivalEvents             from event #544 replica_schedule 
> Debug: time=3.7533974023672285 Event #545 of type batch_stage_arrival Generates 1 ReplicaStageScheduleEvent replica_id=0 stage_id=0
> Debug: time=3.761853399489284 Generates 1 BatchStageArrivalEvents             from event #550 replica_schedule 
> Debug: time=3.761853399489284 Event #551 of type batch_stage_arrival Generates 1 ReplicaStageScheduleEvent replica_id=0 stage_id=0
> Debug: time=3.77030939661134 Generates 1 BatchStageArrivalEvents             from event #556 replica_schedule 
> Debug: time=3.77030939661134 Event #557 of type batch_stage_arrival Generates 1 ReplicaStageScheduleEvent replica_id=0 stage_id=0
> Debug: time=3.7787653937333956 Generates 1 BatchStageArrivalEvents             from event #562 replica_schedule 
> Debug: time=3.7787653937333956 Event #563 of type batch_stage_arrival Generates 1 ReplicaStageScheduleEvent replica_id=0 stage_id=0
> Debug: time=3.7872213908554513 Generates 1 BatchStageArrivalEvents             from event #568 replica_schedule 
> Debug: time=3.7872213908554513 Event #569 of type batch_stage_arrival Generates 1 ReplicaStageScheduleEvent replica_id=0 stage_id=0
> Debug: time=3.795677387977507 Generates 1 BatchStageArrivalEvents             from event #574 replica_schedule 
> Debug: time=3.795677387977507 Event #575 of type batch_stage_arrival Generates 1 ReplicaStageScheduleEvent replica_id=0 stage_id=0
> Debug: time=3.8041333850995627 Generates 1 BatchStageArrivalEvents             from event #580 replica_schedule 
> Debug: time=3.8041333850995627 Event #581 of type batch_stage_arrival Generates 1 ReplicaStageScheduleEvent replica_id=0 stage_id=0
> Debug: time=3.8125893822216184 Generates 1 BatchStageArrivalEvents             from event #586 replica_schedule 
> Debug: time=3.8125893822216184 Event #587 of type batch_stage_arrival Generates 1 ReplicaStageScheduleEvent replica_id=0 stage_id=0
> Debug: time=3.821045379343674 Generates 1 BatchStageArrivalEvents             from event #592 replica_schedule 
> Debug: time=3.821045379343674 Event #593 of type batch_stage_arrival Generates 1 ReplicaStageScheduleEvent replica_id=0 stage_id=0
> Debug: time=3.8295013764657297 Generates 1 BatchStageArrivalEvents             from event #598 replica_schedule 
> Debug: time=3.8295013764657297 Event #599 of type batch_stage_arrival Generates 1 ReplicaStageScheduleEvent replica_id=0 stage_id=0
> Debug: time=3.8379573735877854 Generates 1 BatchStageArrivalEvents             from event #604 replica_schedule 
> Debug: time=3.8379573735877854 Event #605 of type batch_stage_arrival Generates 1 ReplicaStageScheduleEvent replica_id=0 stage_id=0
> Debug: time=3.846413370709841 Generates 1 BatchStageArrivalEvents             from event #610 replica_schedule 
> Debug: time=3.846413370709841 Event #611 of type batch_stage_arrival Generates 1 ReplicaStageScheduleEvent replica_id=0 stage_id=0
> Debug: time=3.854869367831897 Generates 1 BatchStageArrivalEvents             from event #616 replica_schedule 
> Debug: time=3.854869367831897 Event #617 of type batch_stage_arrival Generates 1 ReplicaStageScheduleEvent replica_id=0 stage_id=0
> Debug: time=6.398539923448276 Event 3 of type request_arrival Generates 1 GlobalScheduleEvent
> Debug: time=6.398539923448276 Generates 1 ReplicaScheduleEvents                 from event #623 global_schedule, replica_id=0
> Debug: time=6.398539923448276 Generates 1 BatchStageArrivalEvents             from event #624 replica_schedule 
> Debug: time=6.398539923448276 Event #625 of type batch_stage_arrival Generates 1 ReplicaStageScheduleEvent replica_id=0 stage_id=0
> Debug: time=6.423551945325607 Generates 1 BatchStageArrivalEvents             from event #630 replica_schedule 
> Debug: time=6.423551945325607 Event #631 of type batch_stage_arrival Generates 1 ReplicaStageScheduleEvent replica_id=0 stage_id=0
> Debug: time=6.448981505973224 Generates 1 BatchStageArrivalEvents             from event #636 replica_schedule 
> Debug: time=6.448981505973224 Event #637 of type batch_stage_arrival Generates 1 ReplicaStageScheduleEvent replica_id=0 stage_id=0
> Debug: time=6.45743750309528 Generates 1 BatchStageArrivalEvents             from event #642 replica_schedule 
> Debug: time=6.45743750309528 Event #643 of type batch_stage_arrival Generates 1 ReplicaStageScheduleEvent replica_id=0 stage_id=0
> Debug: time=6.465893500217335 Generates 1 BatchStageArrivalEvents             from event #648 replica_schedule 
> Debug: time=6.465893500217335 Event #649 of type batch_stage_arrival Generates 1 ReplicaStageScheduleEvent replica_id=0 stage_id=0
> Debug: time=6.474349497339391 Generates 1 BatchStageArrivalEvents             from event #654 replica_schedule 
> Debug: time=6.474349497339391 Event #655 of type batch_stage_arrival Generates 1 ReplicaStageScheduleEvent replica_id=0 stage_id=0
> Debug: time=6.482805494461447 Generates 1 BatchStageArrivalEvents             from event #660 replica_schedule 
> Debug: time=6.482805494461447 Event #661 of type batch_stage_arrival Generates 1 ReplicaStageScheduleEvent replica_id=0 stage_id=0
> Debug: time=6.4912614915835025 Generates 1 BatchStageArrivalEvents             from event #666 replica_schedule 
> Debug: time=6.4912614915835025 Event #667 of type batch_stage_arrival Generates 1 ReplicaStageScheduleEvent replica_id=0 stage_id=0
> Debug: time=6.499717488705558 Generates 1 BatchStageArrivalEvents             from event #672 replica_schedule 
> Debug: time=6.499717488705558 Event #673 of type batch_stage_arrival Generates 1 ReplicaStageScheduleEvent replica_id=0 stage_id=0
> Debug: time=6.508173485827614 Generates 1 BatchStageArrivalEvents             from event #678 replica_schedule 
> Debug: time=6.508173485827614 Event #679 of type batch_stage_arrival Generates 1 ReplicaStageScheduleEvent replica_id=0 stage_id=0
> Debug: time=6.51662948294967 Generates 1 BatchStageArrivalEvents             from event #684 replica_schedule 
> Debug: time=6.51662948294967 Event #685 of type batch_stage_arrival Generates 1 ReplicaStageScheduleEvent replica_id=0 stage_id=0
> Debug: time=6.525085480071725 Generates 1 BatchStageArrivalEvents             from event #690 replica_schedule 
> Debug: time=6.525085480071725 Event #691 of type batch_stage_arrival Generates 1 ReplicaStageScheduleEvent replica_id=0 stage_id=0
> Debug: time=6.533541477193781 Generates 1 BatchStageArrivalEvents             from event #696 replica_schedule 
> Debug: time=6.533541477193781 Event #697 of type batch_stage_arrival Generates 1 ReplicaStageScheduleEvent replica_id=0 stage_id=0
> Debug: time=6.541997474315837 Generates 1 BatchStageArrivalEvents             from event #702 replica_schedule 
> Debug: time=6.541997474315837 Event #703 of type batch_stage_arrival Generates 1 ReplicaStageScheduleEvent replica_id=0 stage_id=0
> Debug: time=6.550453471437892 Generates 1 BatchStageArrivalEvents             from event #708 replica_schedule 
> Debug: time=6.550453471437892 Event #709 of type batch_stage_arrival Generates 1 ReplicaStageScheduleEvent replica_id=0 stage_id=0
> Debug: time=6.558909468559948 Generates 1 BatchStageArrivalEvents             from event #714 replica_schedule 
> Debug: time=6.558909468559948 Event #715 of type batch_stage_arrival Generates 1 ReplicaStageScheduleEvent replica_id=0 stage_id=0
> Debug: time=6.567365465682004 Generates 1 BatchStageArrivalEvents             from event #720 replica_schedule 
> Debug: time=6.567365465682004 Event #721 of type batch_stage_arrival Generates 1 ReplicaStageScheduleEvent replica_id=0 stage_id=0
> Debug: time=6.575821462804059 Generates 1 BatchStageArrivalEvents             from event #726 replica_schedule 
> Debug: time=6.575821462804059 Event #727 of type batch_stage_arrival Generates 1 ReplicaStageScheduleEvent replica_id=0 stage_id=0
> Debug: time=6.584277459926115 Generates 1 BatchStageArrivalEvents             from event #732 replica_schedule 
> Debug: time=6.584277459926115 Event #733 of type batch_stage_arrival Generates 1 ReplicaStageScheduleEvent replica_id=0 stage_id=0
> Debug: time=6.592733457048171 Generates 1 BatchStageArrivalEvents             from event #738 replica_schedule 
> Debug: time=6.592733457048171 Event #739 of type batch_stage_arrival Generates 1 ReplicaStageScheduleEvent replica_id=0 stage_id=0
> Debug: time=6.6011894541702265 Generates 1 BatchStageArrivalEvents             from event #744 replica_schedule 
> Debug: time=6.6011894541702265 Event #745 of type batch_stage_arrival Generates 1 ReplicaStageScheduleEvent replica_id=0 stage_id=0
> Debug: time=6.609645451292282 Generates 1 BatchStageArrivalEvents             from event #750 replica_schedule 
> Debug: time=6.609645451292282 Event #751 of type batch_stage_arrival Generates 1 ReplicaStageScheduleEvent replica_id=0 stage_id=0
> Debug: time=6.618101448414338 Generates 1 BatchStageArrivalEvents             from event #756 replica_schedule 
> Debug: time=6.618101448414338 Event #757 of type batch_stage_arrival Generates 1 ReplicaStageScheduleEvent replica_id=0 stage_id=0
> Debug: time=6.626557445536394 Generates 1 BatchStageArrivalEvents             from event #762 replica_schedule 
> Debug: time=6.626557445536394 Event #763 of type batch_stage_arrival Generates 1 ReplicaStageScheduleEvent replica_id=0 stage_id=0
> Debug: time=6.635013442658449 Generates 1 BatchStageArrivalEvents             from event #768 replica_schedule 
> Debug: time=6.635013442658449 Event #769 of type batch_stage_arrival Generates 1 ReplicaStageScheduleEvent replica_id=0 stage_id=0
> Debug: time=6.643469439780505 Generates 1 BatchStageArrivalEvents             from event #774 replica_schedule 
> Debug: time=6.643469439780505 Event #775 of type batch_stage_arrival Generates 1 ReplicaStageScheduleEvent replica_id=0 stage_id=0
> Debug: time=6.651925436902561 Generates 1 BatchStageArrivalEvents             from event #780 replica_schedule 
> Debug: time=6.651925436902561 Event #781 of type batch_stage_arrival Generates 1 ReplicaStageScheduleEvent replica_id=0 stage_id=0
> Debug: time=6.660381434024616 Generates 1 BatchStageArrivalEvents             from event #786 replica_schedule 
> Debug: time=6.660381434024616 Event #787 of type batch_stage_arrival Generates 1 ReplicaStageScheduleEvent replica_id=0 stage_id=0
> Debug: time=6.668837431146672 Generates 1 BatchStageArrivalEvents             from event #792 replica_schedule 
> Debug: time=6.668837431146672 Event #793 of type batch_stage_arrival Generates 1 ReplicaStageScheduleEvent replica_id=0 stage_id=0
> Debug: time=6.677293428268728 Generates 1 BatchStageArrivalEvents             from event #798 replica_schedule 
> Debug: time=6.677293428268728 Event #799 of type batch_stage_arrival Generates 1 ReplicaStageScheduleEvent replica_id=0 stage_id=0
> Debug: time=6.685749425390783 Generates 1 BatchStageArrivalEvents             from event #804 replica_schedule 
> Debug: time=6.685749425390783 Event #805 of type batch_stage_arrival Generates 1 ReplicaStageScheduleEvent replica_id=0 stage_id=0
> Debug: time=6.694205422512839 Generates 1 BatchStageArrivalEvents             from event #810 replica_schedule 
> Debug: time=6.694205422512839 Event #811 of type batch_stage_arrival Generates 1 ReplicaStageScheduleEvent replica_id=0 stage_id=0
> Debug: time=6.702661419634895 Generates 1 BatchStageArrivalEvents             from event #816 replica_schedule 
> Debug: time=6.702661419634895 Event #817 of type batch_stage_arrival Generates 1 ReplicaStageScheduleEvent replica_id=0 stage_id=0
> Debug: time=6.7111174167569505 Generates 1 BatchStageArrivalEvents             from event #822 replica_schedule 
> Debug: time=6.7111174167569505 Event #823 of type batch_stage_arrival Generates 1 ReplicaStageScheduleEvent replica_id=0 stage_id=0
> Debug: time=6.719573413879006 Generates 1 BatchStageArrivalEvents             from event #828 replica_schedule 
> Debug: time=6.719573413879006 Event #829 of type batch_stage_arrival Generates 1 ReplicaStageScheduleEvent replica_id=0 stage_id=0
> Debug: time=6.728029411001062 Generates 1 BatchStageArrivalEvents             from event #834 replica_schedule 
> Debug: time=6.728029411001062 Event #835 of type batch_stage_arrival Generates 1 ReplicaStageScheduleEvent replica_id=0 stage_id=0
> Debug: time=6.736485408123118 Generates 1 BatchStageArrivalEvents             from event #840 replica_schedule 
> Debug: time=6.736485408123118 Event #841 of type batch_stage_arrival Generates 1 ReplicaStageScheduleEvent replica_id=0 stage_id=0
> Debug: time=6.744941405245173 Generates 1 BatchStageArrivalEvents             from event #846 replica_schedule 
> Debug: time=6.744941405245173 Event #847 of type batch_stage_arrival Generates 1 ReplicaStageScheduleEvent replica_id=0 stage_id=0
> Debug: time=6.753397402367229 Generates 1 BatchStageArrivalEvents             from event #852 replica_schedule 
> Debug: time=6.753397402367229 Event #853 of type batch_stage_arrival Generates 1 ReplicaStageScheduleEvent replica_id=0 stage_id=0
> Debug: time=6.761853399489285 Generates 1 BatchStageArrivalEvents             from event #858 replica_schedule 
> Debug: time=6.761853399489285 Event #859 of type batch_stage_arrival Generates 1 ReplicaStageScheduleEvent replica_id=0 stage_id=0
> Debug: time=6.77030939661134 Generates 1 BatchStageArrivalEvents             from event #864 replica_schedule 
> Debug: time=6.77030939661134 Event #865 of type batch_stage_arrival Generates 1 ReplicaStageScheduleEvent replica_id=0 stage_id=0
> Debug: time=6.778765393733396 Generates 1 BatchStageArrivalEvents             from event #870 replica_schedule 
> Debug: time=6.778765393733396 Event #871 of type batch_stage_arrival Generates 1 ReplicaStageScheduleEvent replica_id=0 stage_id=0
> Debug: time=6.787221390855452 Generates 1 BatchStageArrivalEvents             from event #876 replica_schedule 
> Debug: time=6.787221390855452 Event #877 of type batch_stage_arrival Generates 1 ReplicaStageScheduleEvent replica_id=0 stage_id=0
> Debug: time=6.795677387977507 Generates 1 BatchStageArrivalEvents             from event #882 replica_schedule 
> Debug: time=6.795677387977507 Event #883 of type batch_stage_arrival Generates 1 ReplicaStageScheduleEvent replica_id=0 stage_id=0
> Debug: time=6.804133385099563 Generates 1 BatchStageArrivalEvents             from event #888 replica_schedule 
> Debug: time=6.804133385099563 Event #889 of type batch_stage_arrival Generates 1 ReplicaStageScheduleEvent replica_id=0 stage_id=0
> Debug: time=6.812589382221619 Generates 1 BatchStageArrivalEvents             from event #894 replica_schedule 
> Debug: time=6.812589382221619 Event #895 of type batch_stage_arrival Generates 1 ReplicaStageScheduleEvent replica_id=0 stage_id=0
> Debug: time=6.8210453793436745 Generates 1 BatchStageArrivalEvents             from event #900 replica_schedule 
> Debug: time=6.8210453793436745 Event #901 of type batch_stage_arrival Generates 1 ReplicaStageScheduleEvent replica_id=0 stage_id=0
> Debug: time=6.82950137646573 Generates 1 BatchStageArrivalEvents             from event #906 replica_schedule 
> Debug: time=6.82950137646573 Event #907 of type batch_stage_arrival Generates 1 ReplicaStageScheduleEvent replica_id=0 stage_id=0
> Debug: time=6.837957373587786 Generates 1 BatchStageArrivalEvents             from event #912 replica_schedule 
> Debug: time=6.837957373587786 Event #913 of type batch_stage_arrival Generates 1 ReplicaStageScheduleEvent replica_id=0 stage_id=0
> Debug: time=6.846413370709842 Generates 1 BatchStageArrivalEvents             from event #918 replica_schedule 
> Debug: time=6.846413370709842 Event #919 of type batch_stage_arrival Generates 1 ReplicaStageScheduleEvent replica_id=0 stage_id=0
> Debug: time=6.854869367831897 Generates 1 BatchStageArrivalEvents             from event #924 replica_schedule 
> Debug: time=6.854869367831897 Event #925 of type batch_stage_arrival Generates 1 ReplicaStageScheduleEvent replica_id=0 stage_id=0
> Debug: time=8.903540389044805 Event 4 of type request_arrival Generates 1 GlobalScheduleEvent
> Debug: time=8.903540389044805 Generates 1 ReplicaScheduleEvents                 from event #931 global_schedule, replica_id=0
> Debug: time=8.903540389044805 Generates 1 BatchStageArrivalEvents             from event #932 replica_schedule 
> Debug: time=8.903540389044805 Event #933 of type batch_stage_arrival Generates 1 ReplicaStageScheduleEvent replica_id=0 stage_id=0
> Debug: time=8.928552410922135 Generates 1 BatchStageArrivalEvents             from event #938 replica_schedule 
> Debug: time=8.928552410922135 Event #939 of type batch_stage_arrival Generates 1 ReplicaStageScheduleEvent replica_id=0 stage_id=0
> Debug: time=8.953981971569752 Generates 1 BatchStageArrivalEvents             from event #944 replica_schedule 
> Debug: time=8.953981971569752 Event #945 of type batch_stage_arrival Generates 1 ReplicaStageScheduleEvent replica_id=0 stage_id=0
> Debug: time=8.962437968691807 Generates 1 BatchStageArrivalEvents             from event #950 replica_schedule 
> Debug: time=8.962437968691807 Event #951 of type batch_stage_arrival Generates 1 ReplicaStageScheduleEvent replica_id=0 stage_id=0
> Debug: time=8.970893965813863 Generates 1 BatchStageArrivalEvents             from event #956 replica_schedule 
> Debug: time=8.970893965813863 Event #957 of type batch_stage_arrival Generates 1 ReplicaStageScheduleEvent replica_id=0 stage_id=0
> Debug: time=8.979349962935919 Generates 1 BatchStageArrivalEvents             from event #962 replica_schedule 
> Debug: time=8.979349962935919 Event #963 of type batch_stage_arrival Generates 1 ReplicaStageScheduleEvent replica_id=0 stage_id=0
> Debug: time=8.987805960057974 Generates 1 BatchStageArrivalEvents             from event #968 replica_schedule 
> Debug: time=8.987805960057974 Event #969 of type batch_stage_arrival Generates 1 ReplicaStageScheduleEvent replica_id=0 stage_id=0
> Debug: time=8.99626195718003 Generates 1 BatchStageArrivalEvents             from event #974 replica_schedule 
> Debug: time=8.99626195718003 Event #975 of type batch_stage_arrival Generates 1 ReplicaStageScheduleEvent replica_id=0 stage_id=0
> Debug: time=9.004717954302086 Generates 1 BatchStageArrivalEvents             from event #980 replica_schedule 
> Debug: time=9.004717954302086 Event #981 of type batch_stage_arrival Generates 1 ReplicaStageScheduleEvent replica_id=0 stage_id=0
> Debug: time=9.013173951424141 Generates 1 BatchStageArrivalEvents             from event #986 replica_schedule 
> Debug: time=9.013173951424141 Event #987 of type batch_stage_arrival Generates 1 ReplicaStageScheduleEvent replica_id=0 stage_id=0
> Debug: time=9.021629948546197 Generates 1 BatchStageArrivalEvents             from event #992 replica_schedule 
> Debug: time=9.021629948546197 Event #993 of type batch_stage_arrival Generates 1 ReplicaStageScheduleEvent replica_id=0 stage_id=0
> Debug: time=9.030085945668253 Generates 1 BatchStageArrivalEvents             from event #998 replica_schedule 
> Debug: time=9.030085945668253 Event #999 of type batch_stage_arrival Generates 1 ReplicaStageScheduleEvent replica_id=0 stage_id=0
> Debug: time=9.038541942790308 Generates 1 BatchStageArrivalEvents             from event #1004 replica_schedule 
> Debug: time=9.038541942790308 Event #1005 of type batch_stage_arrival Generates 1 ReplicaStageScheduleEvent replica_id=0 stage_id=0
> Debug: time=9.046997939912364 Generates 1 BatchStageArrivalEvents             from event #1010 replica_schedule 
> Debug: time=9.046997939912364 Event #1011 of type batch_stage_arrival Generates 1 ReplicaStageScheduleEvent replica_id=0 stage_id=0
> Debug: time=9.05545393703442 Generates 1 BatchStageArrivalEvents             from event #1016 replica_schedule 
> Debug: time=9.05545393703442 Event #1017 of type batch_stage_arrival Generates 1 ReplicaStageScheduleEvent replica_id=0 stage_id=0
> Debug: time=9.063909934156476 Generates 1 BatchStageArrivalEvents             from event #1022 replica_schedule 
> Debug: time=9.063909934156476 Event #1023 of type batch_stage_arrival Generates 1 ReplicaStageScheduleEvent replica_id=0 stage_id=0
> Debug: time=9.072365931278531 Generates 1 BatchStageArrivalEvents             from event #1028 replica_schedule 
> Debug: time=9.072365931278531 Event #1029 of type batch_stage_arrival Generates 1 ReplicaStageScheduleEvent replica_id=0 stage_id=0
> Debug: time=9.080821928400587 Generates 1 BatchStageArrivalEvents             from event #1034 replica_schedule 
> Debug: time=9.080821928400587 Event #1035 of type batch_stage_arrival Generates 1 ReplicaStageScheduleEvent replica_id=0 stage_id=0
> Debug: time=9.089277925522643 Generates 1 BatchStageArrivalEvents             from event #1040 replica_schedule 
> Debug: time=9.089277925522643 Event #1041 of type batch_stage_arrival Generates 1 ReplicaStageScheduleEvent replica_id=0 stage_id=0
> Debug: time=9.097733922644698 Generates 1 BatchStageArrivalEvents             from event #1046 replica_schedule 
> Debug: time=9.097733922644698 Event #1047 of type batch_stage_arrival Generates 1 ReplicaStageScheduleEvent replica_id=0 stage_id=0
> Debug: time=9.106189919766754 Generates 1 BatchStageArrivalEvents             from event #1052 replica_schedule 
> Debug: time=9.106189919766754 Event #1053 of type batch_stage_arrival Generates 1 ReplicaStageScheduleEvent replica_id=0 stage_id=0
> Debug: time=9.11464591688881 Generates 1 BatchStageArrivalEvents             from event #1058 replica_schedule 
> Debug: time=9.11464591688881 Event #1059 of type batch_stage_arrival Generates 1 ReplicaStageScheduleEvent replica_id=0 stage_id=0
> Debug: time=9.123101914010865 Generates 1 BatchStageArrivalEvents             from event #1064 replica_schedule 
> Debug: time=9.123101914010865 Event #1065 of type batch_stage_arrival Generates 1 ReplicaStageScheduleEvent replica_id=0 stage_id=0
> Debug: time=9.131557911132921 Generates 1 BatchStageArrivalEvents             from event #1070 replica_schedule 
> Debug: time=9.131557911132921 Event #1071 of type batch_stage_arrival Generates 1 ReplicaStageScheduleEvent replica_id=0 stage_id=0
> Debug: time=9.140013908254977 Generates 1 BatchStageArrivalEvents             from event #1076 replica_schedule 
> Debug: time=9.140013908254977 Event #1077 of type batch_stage_arrival Generates 1 ReplicaStageScheduleEvent replica_id=0 stage_id=0
> Debug: time=9.148469905377032 Generates 1 BatchStageArrivalEvents             from event #1082 replica_schedule 
> Debug: time=9.148469905377032 Event #1083 of type batch_stage_arrival Generates 1 ReplicaStageScheduleEvent replica_id=0 stage_id=0
> Debug: time=9.156925902499088 Generates 1 BatchStageArrivalEvents             from event #1088 replica_schedule 
> Debug: time=9.156925902499088 Event #1089 of type batch_stage_arrival Generates 1 ReplicaStageScheduleEvent replica_id=0 stage_id=0
> Debug: time=9.165381899621144 Generates 1 BatchStageArrivalEvents             from event #1094 replica_schedule 
> Debug: time=9.165381899621144 Event #1095 of type batch_stage_arrival Generates 1 ReplicaStageScheduleEvent replica_id=0 stage_id=0
> Debug: time=9.1738378967432 Generates 1 BatchStageArrivalEvents             from event #1100 replica_schedule 
> Debug: time=9.1738378967432 Event #1101 of type batch_stage_arrival Generates 1 ReplicaStageScheduleEvent replica_id=0 stage_id=0
> Debug: time=9.182293893865255 Generates 1 BatchStageArrivalEvents             from event #1106 replica_schedule 
> Debug: time=9.182293893865255 Event #1107 of type batch_stage_arrival Generates 1 ReplicaStageScheduleEvent replica_id=0 stage_id=0
> Debug: time=9.19074989098731 Generates 1 BatchStageArrivalEvents             from event #1112 replica_schedule 
> Debug: time=9.19074989098731 Event #1113 of type batch_stage_arrival Generates 1 ReplicaStageScheduleEvent replica_id=0 stage_id=0
> Debug: time=9.199205888109367 Generates 1 BatchStageArrivalEvents             from event #1118 replica_schedule 
> Debug: time=9.199205888109367 Event #1119 of type batch_stage_arrival Generates 1 ReplicaStageScheduleEvent replica_id=0 stage_id=0
> Debug: time=9.207661885231422 Generates 1 BatchStageArrivalEvents             from event #1124 replica_schedule 
> Debug: time=9.207661885231422 Event #1125 of type batch_stage_arrival Generates 1 ReplicaStageScheduleEvent replica_id=0 stage_id=0
> Debug: time=9.216117882353478 Generates 1 BatchStageArrivalEvents             from event #1130 replica_schedule 
> Debug: time=9.216117882353478 Event #1131 of type batch_stage_arrival Generates 1 ReplicaStageScheduleEvent replica_id=0 stage_id=0
> Debug: time=9.224573879475534 Generates 1 BatchStageArrivalEvents             from event #1136 replica_schedule 
> Debug: time=9.224573879475534 Event #1137 of type batch_stage_arrival Generates 1 ReplicaStageScheduleEvent replica_id=0 stage_id=0
> Debug: time=9.23302987659759 Generates 1 BatchStageArrivalEvents             from event #1142 replica_schedule 
> Debug: time=9.23302987659759 Event #1143 of type batch_stage_arrival Generates 1 ReplicaStageScheduleEvent replica_id=0 stage_id=0
> Debug: time=9.241485873719645 Generates 1 BatchStageArrivalEvents             from event #1148 replica_schedule 
> Debug: time=9.241485873719645 Event #1149 of type batch_stage_arrival Generates 1 ReplicaStageScheduleEvent replica_id=0 stage_id=0
> Debug: time=9.2499418708417 Generates 1 BatchStageArrivalEvents             from event #1154 replica_schedule 
> Debug: time=9.2499418708417 Event #1155 of type batch_stage_arrival Generates 1 ReplicaStageScheduleEvent replica_id=0 stage_id=0
> Debug: time=9.258397867963756 Generates 1 BatchStageArrivalEvents             from event #1160 replica_schedule 
> Debug: time=9.258397867963756 Event #1161 of type batch_stage_arrival Generates 1 ReplicaStageScheduleEvent replica_id=0 stage_id=0
> Debug: time=9.266853865085812 Generates 1 BatchStageArrivalEvents             from event #1166 replica_schedule 
> Debug: time=9.266853865085812 Event #1167 of type batch_stage_arrival Generates 1 ReplicaStageScheduleEvent replica_id=0 stage_id=0
> Debug: time=9.275309862207868 Generates 1 BatchStageArrivalEvents             from event #1172 replica_schedule 
> Debug: time=9.275309862207868 Event #1173 of type batch_stage_arrival Generates 1 ReplicaStageScheduleEvent replica_id=0 stage_id=0
> Debug: time=9.283765859329923 Generates 1 BatchStageArrivalEvents             from event #1178 replica_schedule 
> Debug: time=9.283765859329923 Event #1179 of type batch_stage_arrival Generates 1 ReplicaStageScheduleEvent replica_id=0 stage_id=0
> Debug: time=9.29222185645198 Generates 1 BatchStageArrivalEvents             from event #1184 replica_schedule 
> Debug: time=9.29222185645198 Event #1185 of type batch_stage_arrival Generates 1 ReplicaStageScheduleEvent replica_id=0 stage_id=0
> Debug: time=9.300677853574035 Generates 1 BatchStageArrivalEvents             from event #1190 replica_schedule 
> Debug: time=9.300677853574035 Event #1191 of type batch_stage_arrival Generates 1 ReplicaStageScheduleEvent replica_id=0 stage_id=0
> Debug: time=9.30913385069609 Generates 1 BatchStageArrivalEvents             from event #1196 replica_schedule 
> Debug: time=9.30913385069609 Event #1197 of type batch_stage_arrival Generates 1 ReplicaStageScheduleEvent replica_id=0 stage_id=0
> Debug: time=9.317589847818146 Generates 1 BatchStageArrivalEvents             from event #1202 replica_schedule 
> Debug: time=9.317589847818146 Event #1203 of type batch_stage_arrival Generates 1 ReplicaStageScheduleEvent replica_id=0 stage_id=0
> Debug: time=9.326045844940202 Generates 1 BatchStageArrivalEvents             from event #1208 replica_schedule 
> Debug: time=9.326045844940202 Event #1209 of type batch_stage_arrival Generates 1 ReplicaStageScheduleEvent replica_id=0 stage_id=0
> Debug: time=9.334501842062258 Generates 1 BatchStageArrivalEvents             from event #1214 replica_schedule 
> Debug: time=9.334501842062258 Event #1215 of type batch_stage_arrival Generates 1 ReplicaStageScheduleEvent replica_id=0 stage_id=0
> Debug: time=9.342957839184313 Generates 1 BatchStageArrivalEvents             from event #1220 replica_schedule 
> Debug: time=9.342957839184313 Event #1221 of type batch_stage_arrival Generates 1 ReplicaStageScheduleEvent replica_id=0 stage_id=0
> Debug: time=9.351413836306369 Generates 1 BatchStageArrivalEvents             from event #1226 replica_schedule 
> Debug: time=9.351413836306369 Event #1227 of type batch_stage_arrival Generates 1 ReplicaStageScheduleEvent replica_id=0 stage_id=0
> Debug: time=9.359869833428425 Generates 1 BatchStageArrivalEvents             from event #1232 replica_schedule 
> Debug: time=9.359869833428425 Event #1233 of type batch_stage_arrival Generates 1 ReplicaStageScheduleEvent replica_id=0 stage_id=0
> Debug: time=10.463738867634888 Event 5 of type request_arrival Generates 1 GlobalScheduleEvent
> Debug: time=10.463738867634888 Generates 1 ReplicaScheduleEvents                 from event #1239 global_schedule, replica_id=0
> Debug: time=10.463738867634888 Generates 1 BatchStageArrivalEvents             from event #1240 replica_schedule 
> Debug: time=10.463738867634888 Event #1241 of type batch_stage_arrival Generates 1 ReplicaStageScheduleEvent replica_id=0 stage_id=0
> Debug: time=10.488750889512218 Generates 1 BatchStageArrivalEvents             from event #1246 replica_schedule 
> Debug: time=10.488750889512218 Event #1247 of type batch_stage_arrival Generates 1 ReplicaStageScheduleEvent replica_id=0 stage_id=0
> Debug: time=10.514180450159834 Generates 1 BatchStageArrivalEvents             from event #1252 replica_schedule 
> Debug: time=10.514180450159834 Event #1253 of type batch_stage_arrival Generates 1 ReplicaStageScheduleEvent replica_id=0 stage_id=0
> Debug: time=10.52263644728189 Generates 1 BatchStageArrivalEvents             from event #1258 replica_schedule 
> Debug: time=10.52263644728189 Event #1259 of type batch_stage_arrival Generates 1 ReplicaStageScheduleEvent replica_id=0 stage_id=0
> Debug: time=10.531092444403946 Generates 1 BatchStageArrivalEvents             from event #1264 replica_schedule 
> Debug: time=10.531092444403946 Event #1265 of type batch_stage_arrival Generates 1 ReplicaStageScheduleEvent replica_id=0 stage_id=0
> Debug: time=10.539548441526001 Generates 1 BatchStageArrivalEvents             from event #1270 replica_schedule 
> Debug: time=10.539548441526001 Event #1271 of type batch_stage_arrival Generates 1 ReplicaStageScheduleEvent replica_id=0 stage_id=0
> Debug: time=10.548004438648057 Generates 1 BatchStageArrivalEvents             from event #1276 replica_schedule 
> Debug: time=10.548004438648057 Event #1277 of type batch_stage_arrival Generates 1 ReplicaStageScheduleEvent replica_id=0 stage_id=0
> Debug: time=10.556460435770113 Generates 1 BatchStageArrivalEvents             from event #1282 replica_schedule 
> Debug: time=10.556460435770113 Event #1283 of type batch_stage_arrival Generates 1 ReplicaStageScheduleEvent replica_id=0 stage_id=0
> Debug: time=10.564916432892169 Generates 1 BatchStageArrivalEvents             from event #1288 replica_schedule 
> Debug: time=10.564916432892169 Event #1289 of type batch_stage_arrival Generates 1 ReplicaStageScheduleEvent replica_id=0 stage_id=0
> Debug: time=10.573372430014224 Generates 1 BatchStageArrivalEvents             from event #1294 replica_schedule 
> Debug: time=10.573372430014224 Event #1295 of type batch_stage_arrival Generates 1 ReplicaStageScheduleEvent replica_id=0 stage_id=0
> Debug: time=10.58182842713628 Generates 1 BatchStageArrivalEvents             from event #1300 replica_schedule 
> Debug: time=10.58182842713628 Event #1301 of type batch_stage_arrival Generates 1 ReplicaStageScheduleEvent replica_id=0 stage_id=0
> Debug: time=10.590284424258336 Generates 1 BatchStageArrivalEvents             from event #1306 replica_schedule 
> Debug: time=10.590284424258336 Event #1307 of type batch_stage_arrival Generates 1 ReplicaStageScheduleEvent replica_id=0 stage_id=0
> Debug: time=10.598740421380391 Generates 1 BatchStageArrivalEvents             from event #1312 replica_schedule 
> Debug: time=10.598740421380391 Event #1313 of type batch_stage_arrival Generates 1 ReplicaStageScheduleEvent replica_id=0 stage_id=0
> Debug: time=10.607196418502447 Generates 1 BatchStageArrivalEvents             from event #1318 replica_schedule 
> Debug: time=10.607196418502447 Event #1319 of type batch_stage_arrival Generates 1 ReplicaStageScheduleEvent replica_id=0 stage_id=0
> Debug: time=10.615652415624503 Generates 1 BatchStageArrivalEvents             from event #1324 replica_schedule 
> Debug: time=10.615652415624503 Event #1325 of type batch_stage_arrival Generates 1 ReplicaStageScheduleEvent replica_id=0 stage_id=0
> Debug: time=10.624108412746558 Generates 1 BatchStageArrivalEvents             from event #1330 replica_schedule 
> Debug: time=10.624108412746558 Event #1331 of type batch_stage_arrival Generates 1 ReplicaStageScheduleEvent replica_id=0 stage_id=0
> Debug: time=10.632564409868614 Generates 1 BatchStageArrivalEvents             from event #1336 replica_schedule 
> Debug: time=10.632564409868614 Event #1337 of type batch_stage_arrival Generates 1 ReplicaStageScheduleEvent replica_id=0 stage_id=0
> Debug: time=10.64102040699067 Generates 1 BatchStageArrivalEvents             from event #1342 replica_schedule 
> Debug: time=10.64102040699067 Event #1343 of type batch_stage_arrival Generates 1 ReplicaStageScheduleEvent replica_id=0 stage_id=0
> Debug: time=10.649476404112725 Generates 1 BatchStageArrivalEvents             from event #1348 replica_schedule 
> Debug: time=10.649476404112725 Event #1349 of type batch_stage_arrival Generates 1 ReplicaStageScheduleEvent replica_id=0 stage_id=0
> Debug: time=10.657932401234781 Generates 1 BatchStageArrivalEvents             from event #1354 replica_schedule 
> Debug: time=10.657932401234781 Event #1355 of type batch_stage_arrival Generates 1 ReplicaStageScheduleEvent replica_id=0 stage_id=0
> Debug: time=10.666388398356837 Generates 1 BatchStageArrivalEvents             from event #1360 replica_schedule 
> Debug: time=10.666388398356837 Event #1361 of type batch_stage_arrival Generates 1 ReplicaStageScheduleEvent replica_id=0 stage_id=0
> Debug: time=10.674844395478893 Generates 1 BatchStageArrivalEvents             from event #1366 replica_schedule 
> Debug: time=10.674844395478893 Event #1367 of type batch_stage_arrival Generates 1 ReplicaStageScheduleEvent replica_id=0 stage_id=0
> Debug: time=10.683300392600948 Generates 1 BatchStageArrivalEvents             from event #1372 replica_schedule 
> Debug: time=10.683300392600948 Event #1373 of type batch_stage_arrival Generates 1 ReplicaStageScheduleEvent replica_id=0 stage_id=0
> Debug: time=10.691756389723004 Generates 1 BatchStageArrivalEvents             from event #1378 replica_schedule 
> Debug: time=10.691756389723004 Event #1379 of type batch_stage_arrival Generates 1 ReplicaStageScheduleEvent replica_id=0 stage_id=0
> Debug: time=10.70021238684506 Generates 1 BatchStageArrivalEvents             from event #1384 replica_schedule 
> Debug: time=10.70021238684506 Event #1385 of type batch_stage_arrival Generates 1 ReplicaStageScheduleEvent replica_id=0 stage_id=0
> Debug: time=10.708668383967115 Generates 1 BatchStageArrivalEvents             from event #1390 replica_schedule 
> Debug: time=10.708668383967115 Event #1391 of type batch_stage_arrival Generates 1 ReplicaStageScheduleEvent replica_id=0 stage_id=0
> Debug: time=10.717124381089171 Generates 1 BatchStageArrivalEvents             from event #1396 replica_schedule 
> Debug: time=10.717124381089171 Event #1397 of type batch_stage_arrival Generates 1 ReplicaStageScheduleEvent replica_id=0 stage_id=0
> Debug: time=10.725580378211227 Generates 1 BatchStageArrivalEvents             from event #1402 replica_schedule 
> Debug: time=10.725580378211227 Event #1403 of type batch_stage_arrival Generates 1 ReplicaStageScheduleEvent replica_id=0 stage_id=0
> Debug: time=10.734036375333282 Generates 1 BatchStageArrivalEvents             from event #1408 replica_schedule 
> Debug: time=10.734036375333282 Event #1409 of type batch_stage_arrival Generates 1 ReplicaStageScheduleEvent replica_id=0 stage_id=0
> Debug: time=10.742492372455338 Generates 1 BatchStageArrivalEvents             from event #1414 replica_schedule 
> Debug: time=10.742492372455338 Event #1415 of type batch_stage_arrival Generates 1 ReplicaStageScheduleEvent replica_id=0 stage_id=0
> Debug: time=10.750948369577394 Generates 1 BatchStageArrivalEvents             from event #1420 replica_schedule 
> Debug: time=10.750948369577394 Event #1421 of type batch_stage_arrival Generates 1 ReplicaStageScheduleEvent replica_id=0 stage_id=0
> Debug: time=10.75940436669945 Generates 1 BatchStageArrivalEvents             from event #1426 replica_schedule 
> Debug: time=10.75940436669945 Event #1427 of type batch_stage_arrival Generates 1 ReplicaStageScheduleEvent replica_id=0 stage_id=0
> Debug: time=10.767860363821505 Generates 1 BatchStageArrivalEvents             from event #1432 replica_schedule 
> Debug: time=10.767860363821505 Event #1433 of type batch_stage_arrival Generates 1 ReplicaStageScheduleEvent replica_id=0 stage_id=0
> Debug: time=10.77631636094356 Generates 1 BatchStageArrivalEvents             from event #1438 replica_schedule 
> Debug: time=10.77631636094356 Event #1439 of type batch_stage_arrival Generates 1 ReplicaStageScheduleEvent replica_id=0 stage_id=0
> Debug: time=10.784772358065617 Generates 1 BatchStageArrivalEvents             from event #1444 replica_schedule 
> Debug: time=10.784772358065617 Event #1445 of type batch_stage_arrival Generates 1 ReplicaStageScheduleEvent replica_id=0 stage_id=0
> Debug: time=10.793228355187672 Generates 1 BatchStageArrivalEvents             from event #1450 replica_schedule 
> Debug: time=10.793228355187672 Event #1451 of type batch_stage_arrival Generates 1 ReplicaStageScheduleEvent replica_id=0 stage_id=0
> Debug: time=10.801684352309728 Generates 1 BatchStageArrivalEvents             from event #1456 replica_schedule 
> Debug: time=10.801684352309728 Event #1457 of type batch_stage_arrival Generates 1 ReplicaStageScheduleEvent replica_id=0 stage_id=0
> Debug: time=10.810140349431784 Generates 1 BatchStageArrivalEvents             from event #1462 replica_schedule 
> Debug: time=10.810140349431784 Event #1463 of type batch_stage_arrival Generates 1 ReplicaStageScheduleEvent replica_id=0 stage_id=0
> Debug: time=10.81859634655384 Generates 1 BatchStageArrivalEvents             from event #1468 replica_schedule 
> Debug: time=10.81859634655384 Event #1469 of type batch_stage_arrival Generates 1 ReplicaStageScheduleEvent replica_id=0 stage_id=0
> Debug: time=10.827052343675895 Generates 1 BatchStageArrivalEvents             from event #1474 replica_schedule 
> Debug: time=10.827052343675895 Event #1475 of type batch_stage_arrival Generates 1 ReplicaStageScheduleEvent replica_id=0 stage_id=0
> Debug: time=10.83550834079795 Generates 1 BatchStageArrivalEvents             from event #1480 replica_schedule 
> Debug: time=10.83550834079795 Event #1481 of type batch_stage_arrival Generates 1 ReplicaStageScheduleEvent replica_id=0 stage_id=0
> Debug: time=10.843964337920006 Generates 1 BatchStageArrivalEvents             from event #1486 replica_schedule 
> Debug: time=10.843964337920006 Event #1487 of type batch_stage_arrival Generates 1 ReplicaStageScheduleEvent replica_id=0 stage_id=0
> Debug: time=10.852420335042062 Generates 1 BatchStageArrivalEvents             from event #1492 replica_schedule 
> Debug: time=10.852420335042062 Event #1493 of type batch_stage_arrival Generates 1 ReplicaStageScheduleEvent replica_id=0 stage_id=0
> Debug: time=10.860876332164118 Generates 1 BatchStageArrivalEvents             from event #1498 replica_schedule 
> Debug: time=10.860876332164118 Event #1499 of type batch_stage_arrival Generates 1 ReplicaStageScheduleEvent replica_id=0 stage_id=0
> Debug: time=10.869332329286173 Generates 1 BatchStageArrivalEvents             from event #1504 replica_schedule 
> Debug: time=10.869332329286173 Event #1505 of type batch_stage_arrival Generates 1 ReplicaStageScheduleEvent replica_id=0 stage_id=0
> Debug: time=10.87778832640823 Generates 1 BatchStageArrivalEvents             from event #1510 replica_schedule 
> Debug: time=10.87778832640823 Event #1511 of type batch_stage_arrival Generates 1 ReplicaStageScheduleEvent replica_id=0 stage_id=0
> Debug: time=10.886244323530285 Generates 1 BatchStageArrivalEvents             from event #1516 replica_schedule 
> Debug: time=10.886244323530285 Event #1517 of type batch_stage_arrival Generates 1 ReplicaStageScheduleEvent replica_id=0 stage_id=0
> Debug: time=10.89470032065234 Generates 1 BatchStageArrivalEvents             from event #1522 replica_schedule 
> Debug: time=10.89470032065234 Event #1523 of type batch_stage_arrival Generates 1 ReplicaStageScheduleEvent replica_id=0 stage_id=0
> Debug: time=10.903156317774396 Generates 1 BatchStageArrivalEvents             from event #1528 replica_schedule 
> Debug: time=10.903156317774396 Event #1529 of type batch_stage_arrival Generates 1 ReplicaStageScheduleEvent replica_id=0 stage_id=0
> Debug: time=10.911612314896452 Generates 1 BatchStageArrivalEvents             from event #1534 replica_schedule 
> Debug: time=10.911612314896452 Event #1535 of type batch_stage_arrival Generates 1 ReplicaStageScheduleEvent replica_id=0 stage_id=0
> Debug: time=10.920068312018508 Generates 1 BatchStageArrivalEvents             from event #1540 replica_schedule 
> Debug: time=10.920068312018508 Event #1541 of type batch_stage_arrival Generates 1 ReplicaStageScheduleEvent replica_id=0 stage_id=0
> Debug: time=12.543713540822246 Event 6 of type request_arrival Generates 1 GlobalScheduleEvent
> Debug: time=12.543713540822246 Generates 1 ReplicaScheduleEvents                 from event #1547 global_schedule, replica_id=0
> Debug: time=12.543713540822246 Generates 1 BatchStageArrivalEvents             from event #1548 replica_schedule 
> Debug: time=12.543713540822246 Event #1549 of type batch_stage_arrival Generates 1 ReplicaStageScheduleEvent replica_id=0 stage_id=0
> Debug: time=12.568725562699576 Generates 1 BatchStageArrivalEvents             from event #1554 replica_schedule 
> Debug: time=12.568725562699576 Event #1555 of type batch_stage_arrival Generates 1 ReplicaStageScheduleEvent replica_id=0 stage_id=0
> Debug: time=12.594155123347193 Generates 1 BatchStageArrivalEvents             from event #1560 replica_schedule 
> Debug: time=12.594155123347193 Event #1561 of type batch_stage_arrival Generates 1 ReplicaStageScheduleEvent replica_id=0 stage_id=0
> Debug: time=12.602611120469248 Generates 1 BatchStageArrivalEvents             from event #1566 replica_schedule 
> Debug: time=12.602611120469248 Event #1567 of type batch_stage_arrival Generates 1 ReplicaStageScheduleEvent replica_id=0 stage_id=0
> Debug: time=12.611067117591304 Generates 1 BatchStageArrivalEvents             from event #1572 replica_schedule 
> Debug: time=12.611067117591304 Event #1573 of type batch_stage_arrival Generates 1 ReplicaStageScheduleEvent replica_id=0 stage_id=0
> Debug: time=12.61952311471336 Generates 1 BatchStageArrivalEvents             from event #1578 replica_schedule 
> Debug: time=12.61952311471336 Event #1579 of type batch_stage_arrival Generates 1 ReplicaStageScheduleEvent replica_id=0 stage_id=0
> Debug: time=12.627979111835415 Generates 1 BatchStageArrivalEvents             from event #1584 replica_schedule 
> Debug: time=12.627979111835415 Event #1585 of type batch_stage_arrival Generates 1 ReplicaStageScheduleEvent replica_id=0 stage_id=0
> Debug: time=12.636435108957471 Generates 1 BatchStageArrivalEvents             from event #1590 replica_schedule 
> Debug: time=12.636435108957471 Event #1591 of type batch_stage_arrival Generates 1 ReplicaStageScheduleEvent replica_id=0 stage_id=0
> Debug: time=12.644891106079527 Generates 1 BatchStageArrivalEvents             from event #1596 replica_schedule 
> Debug: time=12.644891106079527 Event #1597 of type batch_stage_arrival Generates 1 ReplicaStageScheduleEvent replica_id=0 stage_id=0
> Debug: time=12.653347103201583 Generates 1 BatchStageArrivalEvents             from event #1602 replica_schedule 
> Debug: time=12.653347103201583 Event #1603 of type batch_stage_arrival Generates 1 ReplicaStageScheduleEvent replica_id=0 stage_id=0
> Debug: time=12.661803100323638 Generates 1 BatchStageArrivalEvents             from event #1608 replica_schedule 
> Debug: time=12.661803100323638 Event #1609 of type batch_stage_arrival Generates 1 ReplicaStageScheduleEvent replica_id=0 stage_id=0
> Debug: time=12.670259097445694 Generates 1 BatchStageArrivalEvents             from event #1614 replica_schedule 
> Debug: time=12.670259097445694 Event #1615 of type batch_stage_arrival Generates 1 ReplicaStageScheduleEvent replica_id=0 stage_id=0
> Debug: time=12.67871509456775 Generates 1 BatchStageArrivalEvents             from event #1620 replica_schedule 
> Debug: time=12.67871509456775 Event #1621 of type batch_stage_arrival Generates 1 ReplicaStageScheduleEvent replica_id=0 stage_id=0
> Debug: time=12.687171091689805 Generates 1 BatchStageArrivalEvents             from event #1626 replica_schedule 
> Debug: time=12.687171091689805 Event #1627 of type batch_stage_arrival Generates 1 ReplicaStageScheduleEvent replica_id=0 stage_id=0
> Debug: time=12.695627088811861 Generates 1 BatchStageArrivalEvents             from event #1632 replica_schedule 
> Debug: time=12.695627088811861 Event #1633 of type batch_stage_arrival Generates 1 ReplicaStageScheduleEvent replica_id=0 stage_id=0
> Debug: time=12.704083085933917 Generates 1 BatchStageArrivalEvents             from event #1638 replica_schedule 
> Debug: time=12.704083085933917 Event #1639 of type batch_stage_arrival Generates 1 ReplicaStageScheduleEvent replica_id=0 stage_id=0
> Debug: time=12.712539083055972 Generates 1 BatchStageArrivalEvents             from event #1644 replica_schedule 
> Debug: time=12.712539083055972 Event #1645 of type batch_stage_arrival Generates 1 ReplicaStageScheduleEvent replica_id=0 stage_id=0
> Debug: time=12.720995080178028 Generates 1 BatchStageArrivalEvents             from event #1650 replica_schedule 
> Debug: time=12.720995080178028 Event #1651 of type batch_stage_arrival Generates 1 ReplicaStageScheduleEvent replica_id=0 stage_id=0
> Debug: time=12.729451077300084 Generates 1 BatchStageArrivalEvents             from event #1656 replica_schedule 
> Debug: time=12.729451077300084 Event #1657 of type batch_stage_arrival Generates 1 ReplicaStageScheduleEvent replica_id=0 stage_id=0
> Debug: time=12.73790707442214 Generates 1 BatchStageArrivalEvents             from event #1662 replica_schedule 
> Debug: time=12.73790707442214 Event #1663 of type batch_stage_arrival Generates 1 ReplicaStageScheduleEvent replica_id=0 stage_id=0
> Debug: time=12.746363071544195 Generates 1 BatchStageArrivalEvents             from event #1668 replica_schedule 
> Debug: time=12.746363071544195 Event #1669 of type batch_stage_arrival Generates 1 ReplicaStageScheduleEvent replica_id=0 stage_id=0
> Debug: time=12.75481906866625 Generates 1 BatchStageArrivalEvents             from event #1674 replica_schedule 
> Debug: time=12.75481906866625 Event #1675 of type batch_stage_arrival Generates 1 ReplicaStageScheduleEvent replica_id=0 stage_id=0
> Debug: time=12.763275065788307 Generates 1 BatchStageArrivalEvents             from event #1680 replica_schedule 
> Debug: time=12.763275065788307 Event #1681 of type batch_stage_arrival Generates 1 ReplicaStageScheduleEvent replica_id=0 stage_id=0
> Debug: time=12.771731062910362 Generates 1 BatchStageArrivalEvents             from event #1686 replica_schedule 
> Debug: time=12.771731062910362 Event #1687 of type batch_stage_arrival Generates 1 ReplicaStageScheduleEvent replica_id=0 stage_id=0
> Debug: time=12.780187060032418 Generates 1 BatchStageArrivalEvents             from event #1692 replica_schedule 
> Debug: time=12.780187060032418 Event #1693 of type batch_stage_arrival Generates 1 ReplicaStageScheduleEvent replica_id=0 stage_id=0
> Debug: time=12.788643057154474 Generates 1 BatchStageArrivalEvents             from event #1698 replica_schedule 
> Debug: time=12.788643057154474 Event #1699 of type batch_stage_arrival Generates 1 ReplicaStageScheduleEvent replica_id=0 stage_id=0
> Debug: time=12.79709905427653 Generates 1 BatchStageArrivalEvents             from event #1704 replica_schedule 
> Debug: time=12.79709905427653 Event #1705 of type batch_stage_arrival Generates 1 ReplicaStageScheduleEvent replica_id=0 stage_id=0
> Debug: time=12.805555051398585 Generates 1 BatchStageArrivalEvents             from event #1710 replica_schedule 
> Debug: time=12.805555051398585 Event #1711 of type batch_stage_arrival Generates 1 ReplicaStageScheduleEvent replica_id=0 stage_id=0
> Debug: time=12.81401104852064 Generates 1 BatchStageArrivalEvents             from event #1716 replica_schedule 
> Debug: time=12.81401104852064 Event #1717 of type batch_stage_arrival Generates 1 ReplicaStageScheduleEvent replica_id=0 stage_id=0
> Debug: time=12.822467045642696 Generates 1 BatchStageArrivalEvents             from event #1722 replica_schedule 
> Debug: time=12.822467045642696 Event #1723 of type batch_stage_arrival Generates 1 ReplicaStageScheduleEvent replica_id=0 stage_id=0
> Debug: time=12.830923042764752 Generates 1 BatchStageArrivalEvents             from event #1728 replica_schedule 
> Debug: time=12.830923042764752 Event #1729 of type batch_stage_arrival Generates 1 ReplicaStageScheduleEvent replica_id=0 stage_id=0
> Debug: time=12.839379039886808 Generates 1 BatchStageArrivalEvents             from event #1734 replica_schedule 
> Debug: time=12.839379039886808 Event #1735 of type batch_stage_arrival Generates 1 ReplicaStageScheduleEvent replica_id=0 stage_id=0
> Debug: time=12.847835037008863 Generates 1 BatchStageArrivalEvents             from event #1740 replica_schedule 
> Debug: time=12.847835037008863 Event #1741 of type batch_stage_arrival Generates 1 ReplicaStageScheduleEvent replica_id=0 stage_id=0
> Debug: time=12.85629103413092 Generates 1 BatchStageArrivalEvents             from event #1746 replica_schedule 
> Debug: time=12.85629103413092 Event #1747 of type batch_stage_arrival Generates 1 ReplicaStageScheduleEvent replica_id=0 stage_id=0
> Debug: time=12.864747031252975 Generates 1 BatchStageArrivalEvents             from event #1752 replica_schedule 
> Debug: time=12.864747031252975 Event #1753 of type batch_stage_arrival Generates 1 ReplicaStageScheduleEvent replica_id=0 stage_id=0
> Debug: time=12.87320302837503 Generates 1 BatchStageArrivalEvents             from event #1758 replica_schedule 
> Debug: time=12.87320302837503 Event #1759 of type batch_stage_arrival Generates 1 ReplicaStageScheduleEvent replica_id=0 stage_id=0
> Debug: time=12.881659025497086 Generates 1 BatchStageArrivalEvents             from event #1764 replica_schedule 
> Debug: time=12.881659025497086 Event #1765 of type batch_stage_arrival Generates 1 ReplicaStageScheduleEvent replica_id=0 stage_id=0
> Debug: time=12.890115022619142 Generates 1 BatchStageArrivalEvents             from event #1770 replica_schedule 
> Debug: time=12.890115022619142 Event #1771 of type batch_stage_arrival Generates 1 ReplicaStageScheduleEvent replica_id=0 stage_id=0
> Debug: time=12.898571019741198 Generates 1 BatchStageArrivalEvents             from event #1776 replica_schedule 
> Debug: time=12.898571019741198 Event #1777 of type batch_stage_arrival Generates 1 ReplicaStageScheduleEvent replica_id=0 stage_id=0
> Debug: time=12.907027016863253 Generates 1 BatchStageArrivalEvents             from event #1782 replica_schedule 
> Debug: time=12.907027016863253 Event #1783 of type batch_stage_arrival Generates 1 ReplicaStageScheduleEvent replica_id=0 stage_id=0
> Debug: time=12.915483013985309 Generates 1 BatchStageArrivalEvents             from event #1788 replica_schedule 
> Debug: time=12.915483013985309 Event #1789 of type batch_stage_arrival Generates 1 ReplicaStageScheduleEvent replica_id=0 stage_id=0
> Debug: time=12.923939011107365 Generates 1 BatchStageArrivalEvents             from event #1794 replica_schedule 
> Debug: time=12.923939011107365 Event #1795 of type batch_stage_arrival Generates 1 ReplicaStageScheduleEvent replica_id=0 stage_id=0
> Debug: time=12.93239500822942 Generates 1 BatchStageArrivalEvents             from event #1800 replica_schedule 
> Debug: time=12.93239500822942 Event #1801 of type batch_stage_arrival Generates 1 ReplicaStageScheduleEvent replica_id=0 stage_id=0
> Debug: time=12.940851005351476 Generates 1 BatchStageArrivalEvents             from event #1806 replica_schedule 
> Debug: time=12.940851005351476 Event #1807 of type batch_stage_arrival Generates 1 ReplicaStageScheduleEvent replica_id=0 stage_id=0
> Debug: time=12.949307002473532 Generates 1 BatchStageArrivalEvents             from event #1812 replica_schedule 
> Debug: time=12.949307002473532 Event #1813 of type batch_stage_arrival Generates 1 ReplicaStageScheduleEvent replica_id=0 stage_id=0
> Debug: time=12.957762999595587 Generates 1 BatchStageArrivalEvents             from event #1818 replica_schedule 
> Debug: time=12.957762999595587 Event #1819 of type batch_stage_arrival Generates 1 ReplicaStageScheduleEvent replica_id=0 stage_id=0
> Debug: time=12.966218996717643 Generates 1 BatchStageArrivalEvents             from event #1824 replica_schedule 
> Debug: time=12.966218996717643 Event #1825 of type batch_stage_arrival Generates 1 ReplicaStageScheduleEvent replica_id=0 stage_id=0
> Debug: time=12.974674993839699 Generates 1 BatchStageArrivalEvents             from event #1830 replica_schedule 
> Debug: time=12.974674993839699 Event #1831 of type batch_stage_arrival Generates 1 ReplicaStageScheduleEvent replica_id=0 stage_id=0
> Debug: time=12.983130990961754 Generates 1 BatchStageArrivalEvents             from event #1836 replica_schedule 
> Debug: time=12.983130990961754 Event #1837 of type batch_stage_arrival Generates 1 ReplicaStageScheduleEvent replica_id=0 stage_id=0
> Debug: time=12.99158698808381 Generates 1 BatchStageArrivalEvents             from event #1842 replica_schedule 
> Debug: time=12.99158698808381 Event #1843 of type batch_stage_arrival Generates 1 ReplicaStageScheduleEvent replica_id=0 stage_id=0
> Debug: time=13.000042985205866 Generates 1 BatchStageArrivalEvents             from event #1848 replica_schedule 
> Debug: time=13.000042985205866 Event #1849 of type batch_stage_arrival Generates 1 ReplicaStageScheduleEvent replica_id=0 stage_id=0
INFO 09-15 01:36:49 simulator.py:110] Simulation ended at: 13.008498982327922s
INFO 09-15 01:36:49 simulator.py:121] Writing output
/home/turbo_ops/miniconda3/envs/sarathi/lib/python3.10/site-packages/numpy/lib/_function_base_impl.py:4653: RuntimeWarning: invalid value encountered in subtract
  diff_b_a = subtract(b, a)
/home/turbo_ops/miniconda3/envs/sarathi/lib/python3.10/site-packages/numpy/lib/_function_base_impl.py:4653: RuntimeWarning: invalid value encountered in subtract
  diff_b_a = subtract(b, a)
/home/turbo_ops/miniconda3/envs/sarathi/lib/python3.10/site-packages/numpy/lib/_function_base_impl.py:4653: RuntimeWarning: invalid value encountered in subtract
  diff_b_a = subtract(b, a)
/home/turbo_ops/miniconda3/envs/sarathi/lib/python3.10/site-packages/numpy/lib/_function_base_impl.py:4653: RuntimeWarning: invalid value encountered in subtract
  diff_b_a = subtract(b, a)
/home/turbo_ops/miniconda3/envs/sarathi/lib/python3.10/site-packages/numpy/lib/_function_base_impl.py:4653: RuntimeWarning: invalid value encountered in subtract
  diff_b_a = subtract(b, a)
/home/turbo_ops/miniconda3/envs/sarathi/lib/python3.10/site-packages/numpy/lib/_function_base_impl.py:4653: RuntimeWarning: invalid value encountered in subtract
  diff_b_a = subtract(b, a)
/home/turbo_ops/miniconda3/envs/sarathi/lib/python3.10/site-packages/numpy/lib/_function_base_impl.py:4653: RuntimeWarning: invalid value encountered in subtract
  diff_b_a = subtract(b, a)
/home/turbo_ops/miniconda3/envs/sarathi/lib/python3.10/site-packages/numpy/lib/_function_base_impl.py:4653: RuntimeWarning: invalid value encountered in subtract
  diff_b_a = subtract(b, a)
/home/turbo_ops/miniconda3/envs/sarathi/lib/python3.10/site-packages/numpy/lib/_function_base_impl.py:4653: RuntimeWarning: invalid value encountered in subtract
  diff_b_a = subtract(b, a)
INFO 09-15 01:36:50 simulator.py:124] Metrics written
tp=1 p=1024 rc=0
