INFO 09-15 00:48:14 sklearn_execution_time_predictor.py:241] Attention data filtering: original 43888 rows, filtered 10972 rows. Model config: n_embd=4096, n_q_head=32, n_kv_head=32, block_size=16, tp_workers=1
INFO 09-15 00:48:15 sklearn_execution_time_predictor.py:241] Attention data filtering: original 43888 rows, filtered 10972 rows. Model config: n_embd=4096, n_q_head=32, n_kv_head=32, block_size=16, tp_workers=1
INFO 09-15 00:48:15 simulator.py:68] Starting simulation with cluster: Cluster({'id': 0, 'num_replicas': 1}) and 1 requests
> Debug: time=0.01020060287274801 Event 1 of type request_arrival Generates 1 GlobalScheduleEvent
> Debug: time=0.01020060287274801 Generates 1 ReplicaScheduleEvents                 from event #2 global_schedule, replica_id=0
> Debug: time=0.01020060287274801 Generates 1 BatchStageArrivalEvents             from event #3 replica_schedule 
> Debug: time=0.01020060287274801 Event #4 of type batch_stage_arrival Generates 1 ReplicaStageScheduleEvent replica_id=0 stage_id=0
> Debug: time=0.03269740164689377 Generates 1 BatchStageArrivalEvents             from event #9 replica_schedule 
> Debug: time=0.03269740164689377 Event #10 of type batch_stage_arrival Generates 1 ReplicaStageScheduleEvent replica_id=0 stage_id=0
> Debug: time=0.055611739191325255 Generates 1 BatchStageArrivalEvents             from event #15 replica_schedule 
> Debug: time=0.055611739191325255 Event #16 of type batch_stage_arrival Generates 1 ReplicaStageScheduleEvent replica_id=0 stage_id=0
> Debug: time=0.07897716377575673 Generates 1 BatchStageArrivalEvents             from event #21 replica_schedule 
> Debug: time=0.07897716377575673 Event #22 of type batch_stage_arrival Generates 1 ReplicaStageScheduleEvent replica_id=0 stage_id=0
> Debug: time=0.10277744553352154 Generates 1 BatchStageArrivalEvents             from event #27 replica_schedule 
> Debug: time=0.10277744553352154 Event #28 of type batch_stage_arrival Generates 1 ReplicaStageScheduleEvent replica_id=0 stage_id=0
> Debug: time=0.12698701113128638 Generates 1 BatchStageArrivalEvents             from event #33 replica_schedule 
> Debug: time=0.12698701113128638 Event #34 of type batch_stage_arrival Generates 1 ReplicaStageScheduleEvent replica_id=0 stage_id=0
> Debug: time=0.15155952482505122 Generates 1 BatchStageArrivalEvents             from event #39 replica_schedule 
> Debug: time=0.15155952482505122 Event #40 of type batch_stage_arrival Generates 1 ReplicaStageScheduleEvent replica_id=0 stage_id=0
> Debug: time=0.15786550907538824 Generates 1 BatchStageArrivalEvents             from event #45 replica_schedule 
> Debug: time=0.15786550907538824 Event #46 of type batch_stage_arrival Generates 1 ReplicaStageScheduleEvent replica_id=0 stage_id=0
> Debug: time=0.16417149332572525 Generates 1 BatchStageArrivalEvents             from event #51 replica_schedule 
> Debug: time=0.16417149332572525 Event #52 of type batch_stage_arrival Generates 1 ReplicaStageScheduleEvent replica_id=0 stage_id=0
> Debug: time=0.17047747757606227 Generates 1 BatchStageArrivalEvents             from event #57 replica_schedule 
> Debug: time=0.17047747757606227 Event #58 of type batch_stage_arrival Generates 1 ReplicaStageScheduleEvent replica_id=0 stage_id=0
> Debug: time=0.17678346182639929 Generates 1 BatchStageArrivalEvents             from event #63 replica_schedule 
> Debug: time=0.17678346182639929 Event #64 of type batch_stage_arrival Generates 1 ReplicaStageScheduleEvent replica_id=0 stage_id=0
> Debug: time=0.1830894460767363 Generates 1 BatchStageArrivalEvents             from event #69 replica_schedule 
> Debug: time=0.1830894460767363 Event #70 of type batch_stage_arrival Generates 1 ReplicaStageScheduleEvent replica_id=0 stage_id=0
> Debug: time=0.18939543032707332 Generates 1 BatchStageArrivalEvents             from event #75 replica_schedule 
> Debug: time=0.18939543032707332 Event #76 of type batch_stage_arrival Generates 1 ReplicaStageScheduleEvent replica_id=0 stage_id=0
> Debug: time=0.19570141457741033 Generates 1 BatchStageArrivalEvents             from event #81 replica_schedule 
> Debug: time=0.19570141457741033 Event #82 of type batch_stage_arrival Generates 1 ReplicaStageScheduleEvent replica_id=0 stage_id=0
> Debug: time=0.20200739882774735 Generates 1 BatchStageArrivalEvents             from event #87 replica_schedule 
> Debug: time=0.20200739882774735 Event #88 of type batch_stage_arrival Generates 1 ReplicaStageScheduleEvent replica_id=0 stage_id=0
> Debug: time=0.20831338307808436 Generates 1 BatchStageArrivalEvents             from event #93 replica_schedule 
> Debug: time=0.20831338307808436 Event #94 of type batch_stage_arrival Generates 1 ReplicaStageScheduleEvent replica_id=0 stage_id=0
> Debug: time=0.21461936732842138 Generates 1 BatchStageArrivalEvents             from event #99 replica_schedule 
> Debug: time=0.21461936732842138 Event #100 of type batch_stage_arrival Generates 1 ReplicaStageScheduleEvent replica_id=0 stage_id=0
> Debug: time=0.2209253515787584 Generates 1 BatchStageArrivalEvents             from event #105 replica_schedule 
> Debug: time=0.2209253515787584 Event #106 of type batch_stage_arrival Generates 1 ReplicaStageScheduleEvent replica_id=0 stage_id=0
> Debug: time=0.2272313358290954 Generates 1 BatchStageArrivalEvents             from event #111 replica_schedule 
> Debug: time=0.2272313358290954 Event #112 of type batch_stage_arrival Generates 1 ReplicaStageScheduleEvent replica_id=0 stage_id=0
> Debug: time=0.23353732007943243 Generates 1 BatchStageArrivalEvents             from event #117 replica_schedule 
> Debug: time=0.23353732007943243 Event #118 of type batch_stage_arrival Generates 1 ReplicaStageScheduleEvent replica_id=0 stage_id=0
> Debug: time=0.23984330432976944 Generates 1 BatchStageArrivalEvents             from event #123 replica_schedule 
> Debug: time=0.23984330432976944 Event #124 of type batch_stage_arrival Generates 1 ReplicaStageScheduleEvent replica_id=0 stage_id=0
> Debug: time=0.24614928858010646 Generates 1 BatchStageArrivalEvents             from event #129 replica_schedule 
> Debug: time=0.24614928858010646 Event #130 of type batch_stage_arrival Generates 1 ReplicaStageScheduleEvent replica_id=0 stage_id=0
> Debug: time=0.25245527283044344 Generates 1 BatchStageArrivalEvents             from event #135 replica_schedule 
> Debug: time=0.25245527283044344 Event #136 of type batch_stage_arrival Generates 1 ReplicaStageScheduleEvent replica_id=0 stage_id=0
> Debug: time=0.25876125708078046 Generates 1 BatchStageArrivalEvents             from event #141 replica_schedule 
> Debug: time=0.25876125708078046 Event #142 of type batch_stage_arrival Generates 1 ReplicaStageScheduleEvent replica_id=0 stage_id=0
> Debug: time=0.2650672413311175 Generates 1 BatchStageArrivalEvents             from event #147 replica_schedule 
> Debug: time=0.2650672413311175 Event #148 of type batch_stage_arrival Generates 1 ReplicaStageScheduleEvent replica_id=0 stage_id=0
> Debug: time=0.2713732255814545 Generates 1 BatchStageArrivalEvents             from event #153 replica_schedule 
> Debug: time=0.2713732255814545 Event #154 of type batch_stage_arrival Generates 1 ReplicaStageScheduleEvent replica_id=0 stage_id=0
> Debug: time=0.2776792098317915 Generates 1 BatchStageArrivalEvents             from event #159 replica_schedule 
> Debug: time=0.2776792098317915 Event #160 of type batch_stage_arrival Generates 1 ReplicaStageScheduleEvent replica_id=0 stage_id=0
> Debug: time=0.2839851940821285 Generates 1 BatchStageArrivalEvents             from event #165 replica_schedule 
> Debug: time=0.2839851940821285 Event #166 of type batch_stage_arrival Generates 1 ReplicaStageScheduleEvent replica_id=0 stage_id=0
> Debug: time=0.29029117833246554 Generates 1 BatchStageArrivalEvents             from event #171 replica_schedule 
> Debug: time=0.29029117833246554 Event #172 of type batch_stage_arrival Generates 1 ReplicaStageScheduleEvent replica_id=0 stage_id=0
> Debug: time=0.29659716258280255 Generates 1 BatchStageArrivalEvents             from event #177 replica_schedule 
> Debug: time=0.29659716258280255 Event #178 of type batch_stage_arrival Generates 1 ReplicaStageScheduleEvent replica_id=0 stage_id=0
> Debug: time=0.30290314683313957 Generates 1 BatchStageArrivalEvents             from event #183 replica_schedule 
> Debug: time=0.30290314683313957 Event #184 of type batch_stage_arrival Generates 1 ReplicaStageScheduleEvent replica_id=0 stage_id=0
> Debug: time=0.3092091310834766 Generates 1 BatchStageArrivalEvents             from event #189 replica_schedule 
> Debug: time=0.3092091310834766 Event #190 of type batch_stage_arrival Generates 1 ReplicaStageScheduleEvent replica_id=0 stage_id=0
> Debug: time=0.3155151153338136 Generates 1 BatchStageArrivalEvents             from event #195 replica_schedule 
> Debug: time=0.3155151153338136 Event #196 of type batch_stage_arrival Generates 1 ReplicaStageScheduleEvent replica_id=0 stage_id=0
> Debug: time=0.3218210995841506 Generates 1 BatchStageArrivalEvents             from event #201 replica_schedule 
> Debug: time=0.3218210995841506 Event #202 of type batch_stage_arrival Generates 1 ReplicaStageScheduleEvent replica_id=0 stage_id=0
> Debug: time=0.32812708383448763 Generates 1 BatchStageArrivalEvents             from event #207 replica_schedule 
> Debug: time=0.32812708383448763 Event #208 of type batch_stage_arrival Generates 1 ReplicaStageScheduleEvent replica_id=0 stage_id=0
> Debug: time=0.33443306808482465 Generates 1 BatchStageArrivalEvents             from event #213 replica_schedule 
> Debug: time=0.33443306808482465 Event #214 of type batch_stage_arrival Generates 1 ReplicaStageScheduleEvent replica_id=0 stage_id=0
> Debug: time=0.34073905233516166 Generates 1 BatchStageArrivalEvents             from event #219 replica_schedule 
> Debug: time=0.34073905233516166 Event #220 of type batch_stage_arrival Generates 1 ReplicaStageScheduleEvent replica_id=0 stage_id=0
> Debug: time=0.3470450365854987 Generates 1 BatchStageArrivalEvents             from event #225 replica_schedule 
> Debug: time=0.3470450365854987 Event #226 of type batch_stage_arrival Generates 1 ReplicaStageScheduleEvent replica_id=0 stage_id=0
> Debug: time=0.3533510208358357 Generates 1 BatchStageArrivalEvents             from event #231 replica_schedule 
> Debug: time=0.3533510208358357 Event #232 of type batch_stage_arrival Generates 1 ReplicaStageScheduleEvent replica_id=0 stage_id=0
> Debug: time=0.3596570050861727 Generates 1 BatchStageArrivalEvents             from event #237 replica_schedule 
> Debug: time=0.3596570050861727 Event #238 of type batch_stage_arrival Generates 1 ReplicaStageScheduleEvent replica_id=0 stage_id=0
> Debug: time=0.3659629893365097 Generates 1 BatchStageArrivalEvents             from event #243 replica_schedule 
> Debug: time=0.3659629893365097 Event #244 of type batch_stage_arrival Generates 1 ReplicaStageScheduleEvent replica_id=0 stage_id=0
> Debug: time=0.37226897358684674 Generates 1 BatchStageArrivalEvents             from event #249 replica_schedule 
> Debug: time=0.37226897358684674 Event #250 of type batch_stage_arrival Generates 1 ReplicaStageScheduleEvent replica_id=0 stage_id=0
> Debug: time=0.37857495783718376 Generates 1 BatchStageArrivalEvents             from event #255 replica_schedule 
> Debug: time=0.37857495783718376 Event #256 of type batch_stage_arrival Generates 1 ReplicaStageScheduleEvent replica_id=0 stage_id=0
> Debug: time=0.38488094208752077 Generates 1 BatchStageArrivalEvents             from event #261 replica_schedule 
> Debug: time=0.38488094208752077 Event #262 of type batch_stage_arrival Generates 1 ReplicaStageScheduleEvent replica_id=0 stage_id=0
> Debug: time=0.3911869263378578 Generates 1 BatchStageArrivalEvents             from event #267 replica_schedule 
> Debug: time=0.3911869263378578 Event #268 of type batch_stage_arrival Generates 1 ReplicaStageScheduleEvent replica_id=0 stage_id=0
> Debug: time=0.3974929105881948 Generates 1 BatchStageArrivalEvents             from event #273 replica_schedule 
> Debug: time=0.3974929105881948 Event #274 of type batch_stage_arrival Generates 1 ReplicaStageScheduleEvent replica_id=0 stage_id=0
> Debug: time=0.4037988948385318 Generates 1 BatchStageArrivalEvents             from event #279 replica_schedule 
> Debug: time=0.4037988948385318 Event #280 of type batch_stage_arrival Generates 1 ReplicaStageScheduleEvent replica_id=0 stage_id=0
> Debug: time=0.41010487908886883 Generates 1 BatchStageArrivalEvents             from event #285 replica_schedule 
> Debug: time=0.41010487908886883 Event #286 of type batch_stage_arrival Generates 1 ReplicaStageScheduleEvent replica_id=0 stage_id=0
> Debug: time=0.41641086333920585 Generates 1 BatchStageArrivalEvents             from event #291 replica_schedule 
> Debug: time=0.41641086333920585 Event #292 of type batch_stage_arrival Generates 1 ReplicaStageScheduleEvent replica_id=0 stage_id=0
> Debug: time=0.42271684758954287 Generates 1 BatchStageArrivalEvents             from event #297 replica_schedule 
> Debug: time=0.42271684758954287 Event #298 of type batch_stage_arrival Generates 1 ReplicaStageScheduleEvent replica_id=0 stage_id=0
> Debug: time=0.4290228318398799 Generates 1 BatchStageArrivalEvents             from event #303 replica_schedule 
> Debug: time=0.4290228318398799 Event #304 of type batch_stage_arrival Generates 1 ReplicaStageScheduleEvent replica_id=0 stage_id=0
> Debug: time=0.4353288160902169 Generates 1 BatchStageArrivalEvents             from event #309 replica_schedule 
> Debug: time=0.4353288160902169 Event #310 of type batch_stage_arrival Generates 1 ReplicaStageScheduleEvent replica_id=0 stage_id=0
> Debug: time=0.4416348003405539 Generates 1 BatchStageArrivalEvents             from event #315 replica_schedule 
> Debug: time=0.4416348003405539 Event #316 of type batch_stage_arrival Generates 1 ReplicaStageScheduleEvent replica_id=0 stage_id=0
> Debug: time=0.44794078459089093 Generates 1 BatchStageArrivalEvents             from event #321 replica_schedule 
> Debug: time=0.44794078459089093 Event #322 of type batch_stage_arrival Generates 1 ReplicaStageScheduleEvent replica_id=0 stage_id=0
> Debug: time=0.45424676884122794 Generates 1 BatchStageArrivalEvents             from event #327 replica_schedule 
> Debug: time=0.45424676884122794 Event #328 of type batch_stage_arrival Generates 1 ReplicaStageScheduleEvent replica_id=0 stage_id=0
INFO 09-15 00:48:15 simulator.py:110] Simulation ended at: 0.46055275309156496s
INFO 09-15 00:48:15 simulator.py:121] Writing output
/home/turbo_ops/miniconda3/envs/sarathi/lib/python3.10/site-packages/numpy/lib/_function_base_impl.py:4653: RuntimeWarning: invalid value encountered in subtract
  diff_b_a = subtract(b, a)
/home/turbo_ops/miniconda3/envs/sarathi/lib/python3.10/site-packages/numpy/lib/_function_base_impl.py:4653: RuntimeWarning: invalid value encountered in subtract
  diff_b_a = subtract(b, a)
/home/turbo_ops/miniconda3/envs/sarathi/lib/python3.10/site-packages/numpy/lib/_function_base_impl.py:4653: RuntimeWarning: invalid value encountered in subtract
  diff_b_a = subtract(b, a)
/home/turbo_ops/miniconda3/envs/sarathi/lib/python3.10/site-packages/numpy/lib/_function_base_impl.py:4653: RuntimeWarning: invalid value encountered in subtract
  diff_b_a = subtract(b, a)
/home/turbo_ops/miniconda3/envs/sarathi/lib/python3.10/site-packages/numpy/lib/_function_base_impl.py:4653: RuntimeWarning: invalid value encountered in subtract
  diff_b_a = subtract(b, a)
/home/turbo_ops/miniconda3/envs/sarathi/lib/python3.10/site-packages/numpy/lib/_function_base_impl.py:4653: RuntimeWarning: invalid value encountered in subtract
  diff_b_a = subtract(b, a)
/home/turbo_ops/miniconda3/envs/sarathi/lib/python3.10/site-packages/numpy/lib/_function_base_impl.py:4653: RuntimeWarning: invalid value encountered in subtract
  diff_b_a = subtract(b, a)
/home/turbo_ops/miniconda3/envs/sarathi/lib/python3.10/site-packages/numpy/lib/_function_base_impl.py:4653: RuntimeWarning: invalid value encountered in subtract
  diff_b_a = subtract(b, a)
/home/turbo_ops/miniconda3/envs/sarathi/lib/python3.10/site-packages/numpy/lib/_function_base_impl.py:4653: RuntimeWarning: invalid value encountered in subtract
  diff_b_a = subtract(b, a)
INFO 09-15 00:48:15 simulator.py:124] Metrics written
p=3072 rc=0
