INFO 09-15 00:50:03 sklearn_execution_time_predictor.py:241] Attention data filtering: original 43888 rows, filtered 10972 rows. Model config: n_embd=4096, n_q_head=32, n_kv_head=32, block_size=16, tp_workers=2
INFO 09-15 00:50:03 sklearn_execution_time_predictor.py:241] Attention data filtering: original 43888 rows, filtered 10972 rows. Model config: n_embd=4096, n_q_head=32, n_kv_head=32, block_size=16, tp_workers=2
INFO 09-15 00:50:03 simulator.py:68] Starting simulation with cluster: Cluster({'id': 0, 'num_replicas': 1}) and 1 requests
> Debug: time=0.01020060287274801 Event 1 of type request_arrival Generates 1 GlobalScheduleEvent
> Debug: time=0.01020060287274801 Generates 1 ReplicaScheduleEvents                 from event #2 global_schedule, replica_id=0
> Debug: time=0.01020060287274801 Generates 1 BatchStageArrivalEvents             from event #3 replica_schedule 
> Debug: time=0.01020060287274801 Event #4 of type batch_stage_arrival Generates 1 ReplicaStageScheduleEvent replica_id=0 stage_id=0
> Debug: time=0.028259597488806708 Generates 1 BatchStageArrivalEvents             from event #9 replica_schedule 
> Debug: time=0.028259597488806708 Event #10 of type batch_stage_arrival Generates 1 ReplicaStageScheduleEvent replica_id=0 stage_id=0
> Debug: time=0.04655419367560827 Generates 1 BatchStageArrivalEvents             from event #15 replica_schedule 
> Debug: time=0.04655419367560827 Event #16 of type batch_stage_arrival Generates 1 ReplicaStageScheduleEvent replica_id=0 stage_id=0
> Debug: time=0.06512011837440983 Generates 1 BatchStageArrivalEvents             from event #21 replica_schedule 
> Debug: time=0.06512011837440983 Event #22 of type batch_stage_arrival Generates 1 ReplicaStageScheduleEvent replica_id=0 stage_id=0
> Debug: time=0.08391454662521139 Generates 1 BatchStageArrivalEvents             from event #27 replica_schedule 
> Debug: time=0.08391454662521139 Event #28 of type batch_stage_arrival Generates 1 ReplicaStageScheduleEvent replica_id=0 stage_id=0
> Debug: time=0.10298165890801295 Generates 1 BatchStageArrivalEvents             from event #33 replica_schedule 
> Debug: time=0.10298165890801295 Event #34 of type batch_stage_arrival Generates 1 ReplicaStageScheduleEvent replica_id=0 stage_id=0
> Debug: time=0.12229806808681451 Generates 1 BatchStageArrivalEvents             from event #39 replica_schedule 
> Debug: time=0.12229806808681451 Event #40 of type batch_stage_arrival Generates 1 ReplicaStageScheduleEvent replica_id=0 stage_id=0
> Debug: time=0.12825266296124116 Generates 1 BatchStageArrivalEvents             from event #45 replica_schedule 
> Debug: time=0.12825266296124116 Event #46 of type batch_stage_arrival Generates 1 ReplicaStageScheduleEvent replica_id=0 stage_id=0
> Debug: time=0.1342072578356678 Generates 1 BatchStageArrivalEvents             from event #51 replica_schedule 
> Debug: time=0.1342072578356678 Event #52 of type batch_stage_arrival Generates 1 ReplicaStageScheduleEvent replica_id=0 stage_id=0
> Debug: time=0.14016185271009446 Generates 1 BatchStageArrivalEvents             from event #57 replica_schedule 
> Debug: time=0.14016185271009446 Event #58 of type batch_stage_arrival Generates 1 ReplicaStageScheduleEvent replica_id=0 stage_id=0
> Debug: time=0.1461164475845211 Generates 1 BatchStageArrivalEvents             from event #63 replica_schedule 
> Debug: time=0.1461164475845211 Event #64 of type batch_stage_arrival Generates 1 ReplicaStageScheduleEvent replica_id=0 stage_id=0
> Debug: time=0.15207104245894776 Generates 1 BatchStageArrivalEvents             from event #69 replica_schedule 
> Debug: time=0.15207104245894776 Event #70 of type batch_stage_arrival Generates 1 ReplicaStageScheduleEvent replica_id=0 stage_id=0
> Debug: time=0.1580256373333744 Generates 1 BatchStageArrivalEvents             from event #75 replica_schedule 
> Debug: time=0.1580256373333744 Event #76 of type batch_stage_arrival Generates 1 ReplicaStageScheduleEvent replica_id=0 stage_id=0
> Debug: time=0.16398023220780106 Generates 1 BatchStageArrivalEvents             from event #81 replica_schedule 
> Debug: time=0.16398023220780106 Event #82 of type batch_stage_arrival Generates 1 ReplicaStageScheduleEvent replica_id=0 stage_id=0
> Debug: time=0.1699348270822277 Generates 1 BatchStageArrivalEvents             from event #87 replica_schedule 
> Debug: time=0.1699348270822277 Event #88 of type batch_stage_arrival Generates 1 ReplicaStageScheduleEvent replica_id=0 stage_id=0
> Debug: time=0.17588942195665436 Generates 1 BatchStageArrivalEvents             from event #93 replica_schedule 
> Debug: time=0.17588942195665436 Event #94 of type batch_stage_arrival Generates 1 ReplicaStageScheduleEvent replica_id=0 stage_id=0
> Debug: time=0.181844016831081 Generates 1 BatchStageArrivalEvents             from event #99 replica_schedule 
> Debug: time=0.181844016831081 Event #100 of type batch_stage_arrival Generates 1 ReplicaStageScheduleEvent replica_id=0 stage_id=0
> Debug: time=0.18779861170550766 Generates 1 BatchStageArrivalEvents             from event #105 replica_schedule 
> Debug: time=0.18779861170550766 Event #106 of type batch_stage_arrival Generates 1 ReplicaStageScheduleEvent replica_id=0 stage_id=0
> Debug: time=0.1937532065799343 Generates 1 BatchStageArrivalEvents             from event #111 replica_schedule 
> Debug: time=0.1937532065799343 Event #112 of type batch_stage_arrival Generates 1 ReplicaStageScheduleEvent replica_id=0 stage_id=0
> Debug: time=0.19970780145436096 Generates 1 BatchStageArrivalEvents             from event #117 replica_schedule 
> Debug: time=0.19970780145436096 Event #118 of type batch_stage_arrival Generates 1 ReplicaStageScheduleEvent replica_id=0 stage_id=0
> Debug: time=0.2056623963287876 Generates 1 BatchStageArrivalEvents             from event #123 replica_schedule 
> Debug: time=0.2056623963287876 Event #124 of type batch_stage_arrival Generates 1 ReplicaStageScheduleEvent replica_id=0 stage_id=0
> Debug: time=0.21161699120321426 Generates 1 BatchStageArrivalEvents             from event #129 replica_schedule 
> Debug: time=0.21161699120321426 Event #130 of type batch_stage_arrival Generates 1 ReplicaStageScheduleEvent replica_id=0 stage_id=0
> Debug: time=0.2175715860776409 Generates 1 BatchStageArrivalEvents             from event #135 replica_schedule 
> Debug: time=0.2175715860776409 Event #136 of type batch_stage_arrival Generates 1 ReplicaStageScheduleEvent replica_id=0 stage_id=0
> Debug: time=0.22352618095206755 Generates 1 BatchStageArrivalEvents             from event #141 replica_schedule 
> Debug: time=0.22352618095206755 Event #142 of type batch_stage_arrival Generates 1 ReplicaStageScheduleEvent replica_id=0 stage_id=0
> Debug: time=0.2294807758264942 Generates 1 BatchStageArrivalEvents             from event #147 replica_schedule 
> Debug: time=0.2294807758264942 Event #148 of type batch_stage_arrival Generates 1 ReplicaStageScheduleEvent replica_id=0 stage_id=0
> Debug: time=0.23543537070092085 Generates 1 BatchStageArrivalEvents             from event #153 replica_schedule 
> Debug: time=0.23543537070092085 Event #154 of type batch_stage_arrival Generates 1 ReplicaStageScheduleEvent replica_id=0 stage_id=0
> Debug: time=0.2413899655753475 Generates 1 BatchStageArrivalEvents             from event #159 replica_schedule 
> Debug: time=0.2413899655753475 Event #160 of type batch_stage_arrival Generates 1 ReplicaStageScheduleEvent replica_id=0 stage_id=0
> Debug: time=0.24734456044977415 Generates 1 BatchStageArrivalEvents             from event #165 replica_schedule 
> Debug: time=0.24734456044977415 Event #166 of type batch_stage_arrival Generates 1 ReplicaStageScheduleEvent replica_id=0 stage_id=0
> Debug: time=0.25329915532420083 Generates 1 BatchStageArrivalEvents             from event #171 replica_schedule 
> Debug: time=0.25329915532420083 Event #172 of type batch_stage_arrival Generates 1 ReplicaStageScheduleEvent replica_id=0 stage_id=0
> Debug: time=0.2592537501986275 Generates 1 BatchStageArrivalEvents             from event #177 replica_schedule 
> Debug: time=0.2592537501986275 Event #178 of type batch_stage_arrival Generates 1 ReplicaStageScheduleEvent replica_id=0 stage_id=0
> Debug: time=0.2652083450730542 Generates 1 BatchStageArrivalEvents             from event #183 replica_schedule 
> Debug: time=0.2652083450730542 Event #184 of type batch_stage_arrival Generates 1 ReplicaStageScheduleEvent replica_id=0 stage_id=0
> Debug: time=0.27116293994748086 Generates 1 BatchStageArrivalEvents             from event #189 replica_schedule 
> Debug: time=0.27116293994748086 Event #190 of type batch_stage_arrival Generates 1 ReplicaStageScheduleEvent replica_id=0 stage_id=0
> Debug: time=0.27711753482190754 Generates 1 BatchStageArrivalEvents             from event #195 replica_schedule 
> Debug: time=0.27711753482190754 Event #196 of type batch_stage_arrival Generates 1 ReplicaStageScheduleEvent replica_id=0 stage_id=0
> Debug: time=0.2830721296963342 Generates 1 BatchStageArrivalEvents             from event #201 replica_schedule 
> Debug: time=0.2830721296963342 Event #202 of type batch_stage_arrival Generates 1 ReplicaStageScheduleEvent replica_id=0 stage_id=0
> Debug: time=0.2890267245707609 Generates 1 BatchStageArrivalEvents             from event #207 replica_schedule 
> Debug: time=0.2890267245707609 Event #208 of type batch_stage_arrival Generates 1 ReplicaStageScheduleEvent replica_id=0 stage_id=0
> Debug: time=0.2949813194451876 Generates 1 BatchStageArrivalEvents             from event #213 replica_schedule 
> Debug: time=0.2949813194451876 Event #214 of type batch_stage_arrival Generates 1 ReplicaStageScheduleEvent replica_id=0 stage_id=0
> Debug: time=0.30093591431961425 Generates 1 BatchStageArrivalEvents             from event #219 replica_schedule 
> Debug: time=0.30093591431961425 Event #220 of type batch_stage_arrival Generates 1 ReplicaStageScheduleEvent replica_id=0 stage_id=0
> Debug: time=0.30689050919404093 Generates 1 BatchStageArrivalEvents             from event #225 replica_schedule 
> Debug: time=0.30689050919404093 Event #226 of type batch_stage_arrival Generates 1 ReplicaStageScheduleEvent replica_id=0 stage_id=0
> Debug: time=0.3128451040684676 Generates 1 BatchStageArrivalEvents             from event #231 replica_schedule 
> Debug: time=0.3128451040684676 Event #232 of type batch_stage_arrival Generates 1 ReplicaStageScheduleEvent replica_id=0 stage_id=0
> Debug: time=0.3187996989428943 Generates 1 BatchStageArrivalEvents             from event #237 replica_schedule 
> Debug: time=0.3187996989428943 Event #238 of type batch_stage_arrival Generates 1 ReplicaStageScheduleEvent replica_id=0 stage_id=0
> Debug: time=0.32475429381732096 Generates 1 BatchStageArrivalEvents             from event #243 replica_schedule 
> Debug: time=0.32475429381732096 Event #244 of type batch_stage_arrival Generates 1 ReplicaStageScheduleEvent replica_id=0 stage_id=0
> Debug: time=0.33070888869174764 Generates 1 BatchStageArrivalEvents             from event #249 replica_schedule 
> Debug: time=0.33070888869174764 Event #250 of type batch_stage_arrival Generates 1 ReplicaStageScheduleEvent replica_id=0 stage_id=0
> Debug: time=0.3366634835661743 Generates 1 BatchStageArrivalEvents             from event #255 replica_schedule 
> Debug: time=0.3366634835661743 Event #256 of type batch_stage_arrival Generates 1 ReplicaStageScheduleEvent replica_id=0 stage_id=0
> Debug: time=0.342618078440601 Generates 1 BatchStageArrivalEvents             from event #261 replica_schedule 
> Debug: time=0.342618078440601 Event #262 of type batch_stage_arrival Generates 1 ReplicaStageScheduleEvent replica_id=0 stage_id=0
> Debug: time=0.34857267331502767 Generates 1 BatchStageArrivalEvents             from event #267 replica_schedule 
> Debug: time=0.34857267331502767 Event #268 of type batch_stage_arrival Generates 1 ReplicaStageScheduleEvent replica_id=0 stage_id=0
> Debug: time=0.35452726818945435 Generates 1 BatchStageArrivalEvents             from event #273 replica_schedule 
> Debug: time=0.35452726818945435 Event #274 of type batch_stage_arrival Generates 1 ReplicaStageScheduleEvent replica_id=0 stage_id=0
> Debug: time=0.360481863063881 Generates 1 BatchStageArrivalEvents             from event #279 replica_schedule 
> Debug: time=0.360481863063881 Event #280 of type batch_stage_arrival Generates 1 ReplicaStageScheduleEvent replica_id=0 stage_id=0
> Debug: time=0.3664364579383077 Generates 1 BatchStageArrivalEvents             from event #285 replica_schedule 
> Debug: time=0.3664364579383077 Event #286 of type batch_stage_arrival Generates 1 ReplicaStageScheduleEvent replica_id=0 stage_id=0
> Debug: time=0.3723910528127344 Generates 1 BatchStageArrivalEvents             from event #291 replica_schedule 
> Debug: time=0.3723910528127344 Event #292 of type batch_stage_arrival Generates 1 ReplicaStageScheduleEvent replica_id=0 stage_id=0
> Debug: time=0.37834564768716106 Generates 1 BatchStageArrivalEvents             from event #297 replica_schedule 
> Debug: time=0.37834564768716106 Event #298 of type batch_stage_arrival Generates 1 ReplicaStageScheduleEvent replica_id=0 stage_id=0
> Debug: time=0.38430024256158773 Generates 1 BatchStageArrivalEvents             from event #303 replica_schedule 
> Debug: time=0.38430024256158773 Event #304 of type batch_stage_arrival Generates 1 ReplicaStageScheduleEvent replica_id=0 stage_id=0
> Debug: time=0.3902548374360144 Generates 1 BatchStageArrivalEvents             from event #309 replica_schedule 
> Debug: time=0.3902548374360144 Event #310 of type batch_stage_arrival Generates 1 ReplicaStageScheduleEvent replica_id=0 stage_id=0
> Debug: time=0.3962094323104411 Generates 1 BatchStageArrivalEvents             from event #315 replica_schedule 
> Debug: time=0.3962094323104411 Event #316 of type batch_stage_arrival Generates 1 ReplicaStageScheduleEvent replica_id=0 stage_id=0
> Debug: time=0.40216402718486777 Generates 1 BatchStageArrivalEvents             from event #321 replica_schedule 
> Debug: time=0.40216402718486777 Event #322 of type batch_stage_arrival Generates 1 ReplicaStageScheduleEvent replica_id=0 stage_id=0
> Debug: time=0.40811862205929444 Generates 1 BatchStageArrivalEvents             from event #327 replica_schedule 
> Debug: time=0.40811862205929444 Event #328 of type batch_stage_arrival Generates 1 ReplicaStageScheduleEvent replica_id=0 stage_id=0
INFO 09-15 00:50:03 simulator.py:110] Simulation ended at: 0.4140732169337211s
INFO 09-15 00:50:03 simulator.py:121] Writing output
/home/turbo_ops/miniconda3/envs/sarathi/lib/python3.10/site-packages/numpy/lib/_function_base_impl.py:4653: RuntimeWarning: invalid value encountered in subtract
  diff_b_a = subtract(b, a)
/home/turbo_ops/miniconda3/envs/sarathi/lib/python3.10/site-packages/numpy/lib/_function_base_impl.py:4653: RuntimeWarning: invalid value encountered in subtract
  diff_b_a = subtract(b, a)
/home/turbo_ops/miniconda3/envs/sarathi/lib/python3.10/site-packages/numpy/lib/_function_base_impl.py:4653: RuntimeWarning: invalid value encountered in subtract
  diff_b_a = subtract(b, a)
/home/turbo_ops/miniconda3/envs/sarathi/lib/python3.10/site-packages/numpy/lib/_function_base_impl.py:4653: RuntimeWarning: invalid value encountered in subtract
  diff_b_a = subtract(b, a)
/home/turbo_ops/miniconda3/envs/sarathi/lib/python3.10/site-packages/numpy/lib/_function_base_impl.py:4653: RuntimeWarning: invalid value encountered in subtract
  diff_b_a = subtract(b, a)
/home/turbo_ops/miniconda3/envs/sarathi/lib/python3.10/site-packages/numpy/lib/_function_base_impl.py:4653: RuntimeWarning: invalid value encountered in subtract
  diff_b_a = subtract(b, a)
/home/turbo_ops/miniconda3/envs/sarathi/lib/python3.10/site-packages/numpy/lib/_function_base_impl.py:4653: RuntimeWarning: invalid value encountered in subtract
  diff_b_a = subtract(b, a)
/home/turbo_ops/miniconda3/envs/sarathi/lib/python3.10/site-packages/numpy/lib/_function_base_impl.py:4653: RuntimeWarning: invalid value encountered in subtract
  diff_b_a = subtract(b, a)
/home/turbo_ops/miniconda3/envs/sarathi/lib/python3.10/site-packages/numpy/lib/_function_base_impl.py:4653: RuntimeWarning: invalid value encountered in subtract
  diff_b_a = subtract(b, a)
INFO 09-15 00:50:03 simulator.py:124] Metrics written
p=3072 rc=0
