INFO 09-15 00:49:51 sklearn_execution_time_predictor.py:241] Attention data filtering: original 43888 rows, filtered 10972 rows. Model config: n_embd=4096, n_q_head=32, n_kv_head=32, block_size=16, tp_workers=2
INFO 09-15 00:49:51 sklearn_execution_time_predictor.py:241] Attention data filtering: original 43888 rows, filtered 10972 rows. Model config: n_embd=4096, n_q_head=32, n_kv_head=32, block_size=16, tp_workers=2
INFO 09-15 00:49:51 simulator.py:68] Starting simulation with cluster: Cluster({'id': 0, 'num_replicas': 1}) and 1 requests
> Debug: time=0.01020060287274801 Event 1 of type request_arrival Generates 1 GlobalScheduleEvent
> Debug: time=0.01020060287274801 Generates 1 ReplicaScheduleEvents                 from event #2 global_schedule, replica_id=0
> Debug: time=0.01020060287274801 Generates 1 BatchStageArrivalEvents             from event #3 replica_schedule 
> Debug: time=0.01020060287274801 Event #4 of type batch_stage_arrival Generates 1 ReplicaStageScheduleEvent replica_id=0 stage_id=0
> Debug: time=0.021270543542295045 Generates 1 BatchStageArrivalEvents             from event #9 replica_schedule 
> Debug: time=0.021270543542295045 Event #10 of type batch_stage_arrival Generates 1 ReplicaStageScheduleEvent replica_id=0 stage_id=0
> Debug: time=0.02704719795805504 Generates 1 BatchStageArrivalEvents             from event #15 replica_schedule 
> Debug: time=0.02704719795805504 Event #16 of type batch_stage_arrival Generates 1 ReplicaStageScheduleEvent replica_id=0 stage_id=0
> Debug: time=0.032823852373815035 Generates 1 BatchStageArrivalEvents             from event #21 replica_schedule 
> Debug: time=0.032823852373815035 Event #22 of type batch_stage_arrival Generates 1 ReplicaStageScheduleEvent replica_id=0 stage_id=0
> Debug: time=0.03860050678957503 Generates 1 BatchStageArrivalEvents             from event #27 replica_schedule 
> Debug: time=0.03860050678957503 Event #28 of type batch_stage_arrival Generates 1 ReplicaStageScheduleEvent replica_id=0 stage_id=0
> Debug: time=0.044377161205335025 Generates 1 BatchStageArrivalEvents             from event #33 replica_schedule 
> Debug: time=0.044377161205335025 Event #34 of type batch_stage_arrival Generates 1 ReplicaStageScheduleEvent replica_id=0 stage_id=0
> Debug: time=0.05015381562109502 Generates 1 BatchStageArrivalEvents             from event #39 replica_schedule 
> Debug: time=0.05015381562109502 Event #40 of type batch_stage_arrival Generates 1 ReplicaStageScheduleEvent replica_id=0 stage_id=0
> Debug: time=0.055930470036855015 Generates 1 BatchStageArrivalEvents             from event #45 replica_schedule 
> Debug: time=0.055930470036855015 Event #46 of type batch_stage_arrival Generates 1 ReplicaStageScheduleEvent replica_id=0 stage_id=0
> Debug: time=0.06170712445261501 Generates 1 BatchStageArrivalEvents             from event #51 replica_schedule 
> Debug: time=0.06170712445261501 Event #52 of type batch_stage_arrival Generates 1 ReplicaStageScheduleEvent replica_id=0 stage_id=0
> Debug: time=0.067483778868375 Generates 1 BatchStageArrivalEvents             from event #57 replica_schedule 
> Debug: time=0.067483778868375 Event #58 of type batch_stage_arrival Generates 1 ReplicaStageScheduleEvent replica_id=0 stage_id=0
> Debug: time=0.07326043328413501 Generates 1 BatchStageArrivalEvents             from event #63 replica_schedule 
> Debug: time=0.07326043328413501 Event #64 of type batch_stage_arrival Generates 1 ReplicaStageScheduleEvent replica_id=0 stage_id=0
> Debug: time=0.07903708769989501 Generates 1 BatchStageArrivalEvents             from event #69 replica_schedule 
> Debug: time=0.07903708769989501 Event #70 of type batch_stage_arrival Generates 1 ReplicaStageScheduleEvent replica_id=0 stage_id=0
> Debug: time=0.08481374211565501 Generates 1 BatchStageArrivalEvents             from event #75 replica_schedule 
> Debug: time=0.08481374211565501 Event #76 of type batch_stage_arrival Generates 1 ReplicaStageScheduleEvent replica_id=0 stage_id=0
> Debug: time=0.09059039653141501 Generates 1 BatchStageArrivalEvents             from event #81 replica_schedule 
> Debug: time=0.09059039653141501 Event #82 of type batch_stage_arrival Generates 1 ReplicaStageScheduleEvent replica_id=0 stage_id=0
> Debug: time=0.09636705094717501 Generates 1 BatchStageArrivalEvents             from event #87 replica_schedule 
> Debug: time=0.09636705094717501 Event #88 of type batch_stage_arrival Generates 1 ReplicaStageScheduleEvent replica_id=0 stage_id=0
> Debug: time=0.10214370536293502 Generates 1 BatchStageArrivalEvents             from event #93 replica_schedule 
> Debug: time=0.10214370536293502 Event #94 of type batch_stage_arrival Generates 1 ReplicaStageScheduleEvent replica_id=0 stage_id=0
> Debug: time=0.10792035977869502 Generates 1 BatchStageArrivalEvents             from event #99 replica_schedule 
> Debug: time=0.10792035977869502 Event #100 of type batch_stage_arrival Generates 1 ReplicaStageScheduleEvent replica_id=0 stage_id=0
> Debug: time=0.11369701419445502 Generates 1 BatchStageArrivalEvents             from event #105 replica_schedule 
> Debug: time=0.11369701419445502 Event #106 of type batch_stage_arrival Generates 1 ReplicaStageScheduleEvent replica_id=0 stage_id=0
> Debug: time=0.11947366861021502 Generates 1 BatchStageArrivalEvents             from event #111 replica_schedule 
> Debug: time=0.11947366861021502 Event #112 of type batch_stage_arrival Generates 1 ReplicaStageScheduleEvent replica_id=0 stage_id=0
> Debug: time=0.12525032302597502 Generates 1 BatchStageArrivalEvents             from event #117 replica_schedule 
> Debug: time=0.12525032302597502 Event #118 of type batch_stage_arrival Generates 1 ReplicaStageScheduleEvent replica_id=0 stage_id=0
> Debug: time=0.13102697744173503 Generates 1 BatchStageArrivalEvents             from event #123 replica_schedule 
> Debug: time=0.13102697744173503 Event #124 of type batch_stage_arrival Generates 1 ReplicaStageScheduleEvent replica_id=0 stage_id=0
> Debug: time=0.13680363185749503 Generates 1 BatchStageArrivalEvents             from event #129 replica_schedule 
> Debug: time=0.13680363185749503 Event #130 of type batch_stage_arrival Generates 1 ReplicaStageScheduleEvent replica_id=0 stage_id=0
> Debug: time=0.14258028627325503 Generates 1 BatchStageArrivalEvents             from event #135 replica_schedule 
> Debug: time=0.14258028627325503 Event #136 of type batch_stage_arrival Generates 1 ReplicaStageScheduleEvent replica_id=0 stage_id=0
> Debug: time=0.14835694068901503 Generates 1 BatchStageArrivalEvents             from event #141 replica_schedule 
> Debug: time=0.14835694068901503 Event #142 of type batch_stage_arrival Generates 1 ReplicaStageScheduleEvent replica_id=0 stage_id=0
> Debug: time=0.15413359510477503 Generates 1 BatchStageArrivalEvents             from event #147 replica_schedule 
> Debug: time=0.15413359510477503 Event #148 of type batch_stage_arrival Generates 1 ReplicaStageScheduleEvent replica_id=0 stage_id=0
> Debug: time=0.15991024952053504 Generates 1 BatchStageArrivalEvents             from event #153 replica_schedule 
> Debug: time=0.15991024952053504 Event #154 of type batch_stage_arrival Generates 1 ReplicaStageScheduleEvent replica_id=0 stage_id=0
> Debug: time=0.16568690393629504 Generates 1 BatchStageArrivalEvents             from event #159 replica_schedule 
> Debug: time=0.16568690393629504 Event #160 of type batch_stage_arrival Generates 1 ReplicaStageScheduleEvent replica_id=0 stage_id=0
> Debug: time=0.17146355835205504 Generates 1 BatchStageArrivalEvents             from event #165 replica_schedule 
> Debug: time=0.17146355835205504 Event #166 of type batch_stage_arrival Generates 1 ReplicaStageScheduleEvent replica_id=0 stage_id=0
> Debug: time=0.17724021276781504 Generates 1 BatchStageArrivalEvents             from event #171 replica_schedule 
> Debug: time=0.17724021276781504 Event #172 of type batch_stage_arrival Generates 1 ReplicaStageScheduleEvent replica_id=0 stage_id=0
> Debug: time=0.18301686718357504 Generates 1 BatchStageArrivalEvents             from event #177 replica_schedule 
> Debug: time=0.18301686718357504 Event #178 of type batch_stage_arrival Generates 1 ReplicaStageScheduleEvent replica_id=0 stage_id=0
> Debug: time=0.18879352159933505 Generates 1 BatchStageArrivalEvents             from event #183 replica_schedule 
> Debug: time=0.18879352159933505 Event #184 of type batch_stage_arrival Generates 1 ReplicaStageScheduleEvent replica_id=0 stage_id=0
> Debug: time=0.19457017601509505 Generates 1 BatchStageArrivalEvents             from event #189 replica_schedule 
> Debug: time=0.19457017601509505 Event #190 of type batch_stage_arrival Generates 1 ReplicaStageScheduleEvent replica_id=0 stage_id=0
> Debug: time=0.20034683043085505 Generates 1 BatchStageArrivalEvents             from event #195 replica_schedule 
> Debug: time=0.20034683043085505 Event #196 of type batch_stage_arrival Generates 1 ReplicaStageScheduleEvent replica_id=0 stage_id=0
> Debug: time=0.20612348484661505 Generates 1 BatchStageArrivalEvents             from event #201 replica_schedule 
> Debug: time=0.20612348484661505 Event #202 of type batch_stage_arrival Generates 1 ReplicaStageScheduleEvent replica_id=0 stage_id=0
> Debug: time=0.21190013926237505 Generates 1 BatchStageArrivalEvents             from event #207 replica_schedule 
> Debug: time=0.21190013926237505 Event #208 of type batch_stage_arrival Generates 1 ReplicaStageScheduleEvent replica_id=0 stage_id=0
> Debug: time=0.21767679367813506 Generates 1 BatchStageArrivalEvents             from event #213 replica_schedule 
> Debug: time=0.21767679367813506 Event #214 of type batch_stage_arrival Generates 1 ReplicaStageScheduleEvent replica_id=0 stage_id=0
> Debug: time=0.22345344809389506 Generates 1 BatchStageArrivalEvents             from event #219 replica_schedule 
> Debug: time=0.22345344809389506 Event #220 of type batch_stage_arrival Generates 1 ReplicaStageScheduleEvent replica_id=0 stage_id=0
> Debug: time=0.22923010250965506 Generates 1 BatchStageArrivalEvents             from event #225 replica_schedule 
> Debug: time=0.22923010250965506 Event #226 of type batch_stage_arrival Generates 1 ReplicaStageScheduleEvent replica_id=0 stage_id=0
> Debug: time=0.23500675692541506 Generates 1 BatchStageArrivalEvents             from event #231 replica_schedule 
> Debug: time=0.23500675692541506 Event #232 of type batch_stage_arrival Generates 1 ReplicaStageScheduleEvent replica_id=0 stage_id=0
> Debug: time=0.24078341134117506 Generates 1 BatchStageArrivalEvents             from event #237 replica_schedule 
> Debug: time=0.24078341134117506 Event #238 of type batch_stage_arrival Generates 1 ReplicaStageScheduleEvent replica_id=0 stage_id=0
> Debug: time=0.24656006575693507 Generates 1 BatchStageArrivalEvents             from event #243 replica_schedule 
> Debug: time=0.24656006575693507 Event #244 of type batch_stage_arrival Generates 1 ReplicaStageScheduleEvent replica_id=0 stage_id=0
> Debug: time=0.25233672017269504 Generates 1 BatchStageArrivalEvents             from event #249 replica_schedule 
> Debug: time=0.25233672017269504 Event #250 of type batch_stage_arrival Generates 1 ReplicaStageScheduleEvent replica_id=0 stage_id=0
> Debug: time=0.258113374588455 Generates 1 BatchStageArrivalEvents             from event #255 replica_schedule 
> Debug: time=0.258113374588455 Event #256 of type batch_stage_arrival Generates 1 ReplicaStageScheduleEvent replica_id=0 stage_id=0
> Debug: time=0.263890029004215 Generates 1 BatchStageArrivalEvents             from event #261 replica_schedule 
> Debug: time=0.263890029004215 Event #262 of type batch_stage_arrival Generates 1 ReplicaStageScheduleEvent replica_id=0 stage_id=0
> Debug: time=0.26966668341997496 Generates 1 BatchStageArrivalEvents             from event #267 replica_schedule 
> Debug: time=0.26966668341997496 Event #268 of type batch_stage_arrival Generates 1 ReplicaStageScheduleEvent replica_id=0 stage_id=0
> Debug: time=0.27544333783573494 Generates 1 BatchStageArrivalEvents             from event #273 replica_schedule 
> Debug: time=0.27544333783573494 Event #274 of type batch_stage_arrival Generates 1 ReplicaStageScheduleEvent replica_id=0 stage_id=0
> Debug: time=0.2812199922514949 Generates 1 BatchStageArrivalEvents             from event #279 replica_schedule 
> Debug: time=0.2812199922514949 Event #280 of type batch_stage_arrival Generates 1 ReplicaStageScheduleEvent replica_id=0 stage_id=0
> Debug: time=0.2869966466672549 Generates 1 BatchStageArrivalEvents             from event #285 replica_schedule 
> Debug: time=0.2869966466672549 Event #286 of type batch_stage_arrival Generates 1 ReplicaStageScheduleEvent replica_id=0 stage_id=0
> Debug: time=0.29277330108301486 Generates 1 BatchStageArrivalEvents             from event #291 replica_schedule 
> Debug: time=0.29277330108301486 Event #292 of type batch_stage_arrival Generates 1 ReplicaStageScheduleEvent replica_id=0 stage_id=0
> Debug: time=0.29854995549877483 Generates 1 BatchStageArrivalEvents             from event #297 replica_schedule 
> Debug: time=0.29854995549877483 Event #298 of type batch_stage_arrival Generates 1 ReplicaStageScheduleEvent replica_id=0 stage_id=0
INFO 09-15 00:49:51 simulator.py:110] Simulation ended at: 0.3043266099145348s
INFO 09-15 00:49:51 simulator.py:121] Writing output
/home/turbo_ops/miniconda3/envs/sarathi/lib/python3.10/site-packages/numpy/lib/_function_base_impl.py:4653: RuntimeWarning: invalid value encountered in subtract
  diff_b_a = subtract(b, a)
/home/turbo_ops/miniconda3/envs/sarathi/lib/python3.10/site-packages/numpy/lib/_function_base_impl.py:4653: RuntimeWarning: invalid value encountered in subtract
  diff_b_a = subtract(b, a)
/home/turbo_ops/miniconda3/envs/sarathi/lib/python3.10/site-packages/numpy/lib/_function_base_impl.py:4653: RuntimeWarning: invalid value encountered in subtract
  diff_b_a = subtract(b, a)
/home/turbo_ops/miniconda3/envs/sarathi/lib/python3.10/site-packages/numpy/lib/_function_base_impl.py:4653: RuntimeWarning: invalid value encountered in subtract
  diff_b_a = subtract(b, a)
/home/turbo_ops/miniconda3/envs/sarathi/lib/python3.10/site-packages/numpy/lib/_function_base_impl.py:4653: RuntimeWarning: invalid value encountered in subtract
  diff_b_a = subtract(b, a)
/home/turbo_ops/miniconda3/envs/sarathi/lib/python3.10/site-packages/numpy/lib/_function_base_impl.py:4653: RuntimeWarning: invalid value encountered in subtract
  diff_b_a = subtract(b, a)
/home/turbo_ops/miniconda3/envs/sarathi/lib/python3.10/site-packages/numpy/lib/_function_base_impl.py:4653: RuntimeWarning: invalid value encountered in subtract
  diff_b_a = subtract(b, a)
/home/turbo_ops/miniconda3/envs/sarathi/lib/python3.10/site-packages/numpy/lib/_function_base_impl.py:4653: RuntimeWarning: invalid value encountered in subtract
  diff_b_a = subtract(b, a)
/home/turbo_ops/miniconda3/envs/sarathi/lib/python3.10/site-packages/numpy/lib/_function_base_impl.py:4653: RuntimeWarning: invalid value encountered in subtract
  diff_b_a = subtract(b, a)
INFO 09-15 00:49:52 simulator.py:124] Metrics written
p=256 rc=0
