INFO 09-15 01:36:55 sklearn_execution_time_predictor.py:241] Attention data filtering: original 43888 rows, filtered 10972 rows. Model config: n_embd=4096, n_q_head=32, n_kv_head=32, block_size=16, tp_workers=1
INFO 09-15 01:36:55 sklearn_execution_time_predictor.py:241] Attention data filtering: original 43888 rows, filtered 10972 rows. Model config: n_embd=4096, n_q_head=32, n_kv_head=32, block_size=16, tp_workers=1
INFO 09-15 01:36:56 simulator.py:68] Starting simulation with cluster: Cluster({'id': 0, 'num_replicas': 1}) and 6 requests
> Debug: time=0.3985399234482755 Event 1 of type request_arrival Generates 1 GlobalScheduleEvent
> Debug: time=0.3985399234482755 Generates 1 ReplicaScheduleEvents                 from event #7 global_schedule, replica_id=0
> Debug: time=0.3985399234482755 Generates 1 BatchStageArrivalEvents             from event #8 replica_schedule 
> Debug: time=0.3985399234482755 Event #9 of type batch_stage_arrival Generates 1 ReplicaStageScheduleEvent replica_id=0 stage_id=0
> Debug: time=0.4235519453256066 Generates 1 BatchStageArrivalEvents             from event #14 replica_schedule 
> Debug: time=0.4235519453256066 Event #15 of type batch_stage_arrival Generates 1 ReplicaStageScheduleEvent replica_id=0 stage_id=0
> Debug: time=0.4489815059732234 Generates 1 BatchStageArrivalEvents             from event #20 replica_schedule 
> Debug: time=0.4489815059732234 Event #21 of type batch_stage_arrival Generates 1 ReplicaStageScheduleEvent replica_id=0 stage_id=0
> Debug: time=0.4748621536608402 Generates 1 BatchStageArrivalEvents             from event #26 replica_schedule 
> Debug: time=0.4748621536608402 Event #27 of type batch_stage_arrival Generates 1 ReplicaStageScheduleEvent replica_id=0 stage_id=0
> Debug: time=0.5011776585217904 Generates 1 BatchStageArrivalEvents             from event #32 replica_schedule 
> Debug: time=0.5011776585217904 Event #33 of type batch_stage_arrival Generates 1 ReplicaStageScheduleEvent replica_id=0 stage_id=0
> Debug: time=0.5279024472227406 Generates 1 BatchStageArrivalEvents             from event #38 replica_schedule 
> Debug: time=0.5279024472227406 Event #39 of type batch_stage_arrival Generates 1 ReplicaStageScheduleEvent replica_id=0 stage_id=0
> Debug: time=0.5549901840196908 Generates 1 BatchStageArrivalEvents             from event #44 replica_schedule 
> Debug: time=0.5549901840196908 Event #45 of type batch_stage_arrival Generates 1 ReplicaStageScheduleEvent replica_id=0 stage_id=0
> Debug: time=0.5638113913732131 Generates 1 BatchStageArrivalEvents             from event #50 replica_schedule 
> Debug: time=0.5638113913732131 Event #51 of type batch_stage_arrival Generates 1 ReplicaStageScheduleEvent replica_id=0 stage_id=0
> Debug: time=0.5726325987267354 Generates 1 BatchStageArrivalEvents             from event #56 replica_schedule 
> Debug: time=0.5726325987267354 Event #57 of type batch_stage_arrival Generates 1 ReplicaStageScheduleEvent replica_id=0 stage_id=0
> Debug: time=0.5814538060802578 Generates 1 BatchStageArrivalEvents             from event #62 replica_schedule 
> Debug: time=0.5814538060802578 Event #63 of type batch_stage_arrival Generates 1 ReplicaStageScheduleEvent replica_id=0 stage_id=0
> Debug: time=0.5902750134337801 Generates 1 BatchStageArrivalEvents             from event #68 replica_schedule 
> Debug: time=0.5902750134337801 Event #69 of type batch_stage_arrival Generates 1 ReplicaStageScheduleEvent replica_id=0 stage_id=0
> Debug: time=0.5990962207873024 Generates 1 BatchStageArrivalEvents             from event #74 replica_schedule 
> Debug: time=0.5990962207873024 Event #75 of type batch_stage_arrival Generates 1 ReplicaStageScheduleEvent replica_id=0 stage_id=0
> Debug: time=0.6079174281408247 Generates 1 BatchStageArrivalEvents             from event #80 replica_schedule 
> Debug: time=0.6079174281408247 Event #81 of type batch_stage_arrival Generates 1 ReplicaStageScheduleEvent replica_id=0 stage_id=0
> Debug: time=0.616738635494347 Generates 1 BatchStageArrivalEvents             from event #86 replica_schedule 
> Debug: time=0.616738635494347 Event #87 of type batch_stage_arrival Generates 1 ReplicaStageScheduleEvent replica_id=0 stage_id=0
> Debug: time=0.6255598428478694 Generates 1 BatchStageArrivalEvents             from event #92 replica_schedule 
> Debug: time=0.6255598428478694 Event #93 of type batch_stage_arrival Generates 1 ReplicaStageScheduleEvent replica_id=0 stage_id=0
> Debug: time=0.6343810502013917 Generates 1 BatchStageArrivalEvents             from event #98 replica_schedule 
> Debug: time=0.6343810502013917 Event #99 of type batch_stage_arrival Generates 1 ReplicaStageScheduleEvent replica_id=0 stage_id=0
> Debug: time=0.643202257554914 Generates 1 BatchStageArrivalEvents             from event #104 replica_schedule 
> Debug: time=0.643202257554914 Event #105 of type batch_stage_arrival Generates 1 ReplicaStageScheduleEvent replica_id=0 stage_id=0
> Debug: time=0.6520234649084363 Generates 1 BatchStageArrivalEvents             from event #110 replica_schedule 
> Debug: time=0.6520234649084363 Event #111 of type batch_stage_arrival Generates 1 ReplicaStageScheduleEvent replica_id=0 stage_id=0
> Debug: time=0.6608446722619586 Generates 1 BatchStageArrivalEvents             from event #116 replica_schedule 
> Debug: time=0.6608446722619586 Event #117 of type batch_stage_arrival Generates 1 ReplicaStageScheduleEvent replica_id=0 stage_id=0
> Debug: time=0.669665879615481 Generates 1 BatchStageArrivalEvents             from event #122 replica_schedule 
> Debug: time=0.669665879615481 Event #123 of type batch_stage_arrival Generates 1 ReplicaStageScheduleEvent replica_id=0 stage_id=0
> Debug: time=0.6784870869690033 Generates 1 BatchStageArrivalEvents             from event #128 replica_schedule 
> Debug: time=0.6784870869690033 Event #129 of type batch_stage_arrival Generates 1 ReplicaStageScheduleEvent replica_id=0 stage_id=0
> Debug: time=0.6873082943225256 Generates 1 BatchStageArrivalEvents             from event #134 replica_schedule 
> Debug: time=0.6873082943225256 Event #135 of type batch_stage_arrival Generates 1 ReplicaStageScheduleEvent replica_id=0 stage_id=0
> Debug: time=0.6961295016760479 Generates 1 BatchStageArrivalEvents             from event #140 replica_schedule 
> Debug: time=0.6961295016760479 Event #141 of type batch_stage_arrival Generates 1 ReplicaStageScheduleEvent replica_id=0 stage_id=0
> Debug: time=0.7049507090295702 Generates 1 BatchStageArrivalEvents             from event #146 replica_schedule 
> Debug: time=0.7049507090295702 Event #147 of type batch_stage_arrival Generates 1 ReplicaStageScheduleEvent replica_id=0 stage_id=0
> Debug: time=0.7137719163830926 Generates 1 BatchStageArrivalEvents             from event #152 replica_schedule 
> Debug: time=0.7137719163830926 Event #153 of type batch_stage_arrival Generates 1 ReplicaStageScheduleEvent replica_id=0 stage_id=0
> Debug: time=0.7225931237366149 Generates 1 BatchStageArrivalEvents             from event #158 replica_schedule 
> Debug: time=0.7225931237366149 Event #159 of type batch_stage_arrival Generates 1 ReplicaStageScheduleEvent replica_id=0 stage_id=0
> Debug: time=0.7314143310901372 Generates 1 BatchStageArrivalEvents             from event #164 replica_schedule 
> Debug: time=0.7314143310901372 Event #165 of type batch_stage_arrival Generates 1 ReplicaStageScheduleEvent replica_id=0 stage_id=0
> Debug: time=0.7402355384436595 Generates 1 BatchStageArrivalEvents             from event #170 replica_schedule 
> Debug: time=0.7402355384436595 Event #171 of type batch_stage_arrival Generates 1 ReplicaStageScheduleEvent replica_id=0 stage_id=0
> Debug: time=0.7490567457971818 Generates 1 BatchStageArrivalEvents             from event #176 replica_schedule 
> Debug: time=0.7490567457971818 Event #177 of type batch_stage_arrival Generates 1 ReplicaStageScheduleEvent replica_id=0 stage_id=0
> Debug: time=0.7578779531507042 Generates 1 BatchStageArrivalEvents             from event #182 replica_schedule 
> Debug: time=0.7578779531507042 Event #183 of type batch_stage_arrival Generates 1 ReplicaStageScheduleEvent replica_id=0 stage_id=0
> Debug: time=0.7666991605042265 Generates 1 BatchStageArrivalEvents             from event #188 replica_schedule 
> Debug: time=0.7666991605042265 Event #189 of type batch_stage_arrival Generates 1 ReplicaStageScheduleEvent replica_id=0 stage_id=0
> Debug: time=0.7755203678577488 Generates 1 BatchStageArrivalEvents             from event #194 replica_schedule 
> Debug: time=0.7755203678577488 Event #195 of type batch_stage_arrival Generates 1 ReplicaStageScheduleEvent replica_id=0 stage_id=0
> Debug: time=0.7843415752112711 Generates 1 BatchStageArrivalEvents             from event #200 replica_schedule 
> Debug: time=0.7843415752112711 Event #201 of type batch_stage_arrival Generates 1 ReplicaStageScheduleEvent replica_id=0 stage_id=0
> Debug: time=0.7931627825647934 Generates 1 BatchStageArrivalEvents             from event #206 replica_schedule 
> Debug: time=0.7931627825647934 Event #207 of type batch_stage_arrival Generates 1 ReplicaStageScheduleEvent replica_id=0 stage_id=0
> Debug: time=0.8019839899183158 Generates 1 BatchStageArrivalEvents             from event #212 replica_schedule 
> Debug: time=0.8019839899183158 Event #213 of type batch_stage_arrival Generates 1 ReplicaStageScheduleEvent replica_id=0 stage_id=0
> Debug: time=0.8108051972718381 Generates 1 BatchStageArrivalEvents             from event #218 replica_schedule 
> Debug: time=0.8108051972718381 Event #219 of type batch_stage_arrival Generates 1 ReplicaStageScheduleEvent replica_id=0 stage_id=0
> Debug: time=0.8196264046253604 Generates 1 BatchStageArrivalEvents             from event #224 replica_schedule 
> Debug: time=0.8196264046253604 Event #225 of type batch_stage_arrival Generates 1 ReplicaStageScheduleEvent replica_id=0 stage_id=0
> Debug: time=0.8284476119788827 Generates 1 BatchStageArrivalEvents             from event #230 replica_schedule 
> Debug: time=0.8284476119788827 Event #231 of type batch_stage_arrival Generates 1 ReplicaStageScheduleEvent replica_id=0 stage_id=0
> Debug: time=0.837268819332405 Generates 1 BatchStageArrivalEvents             from event #236 replica_schedule 
> Debug: time=0.837268819332405 Event #237 of type batch_stage_arrival Generates 1 ReplicaStageScheduleEvent replica_id=0 stage_id=0
> Debug: time=0.8460900266859274 Generates 1 BatchStageArrivalEvents             from event #242 replica_schedule 
> Debug: time=0.8460900266859274 Event #243 of type batch_stage_arrival Generates 1 ReplicaStageScheduleEvent replica_id=0 stage_id=0
> Debug: time=0.8549112340394497 Generates 1 BatchStageArrivalEvents             from event #248 replica_schedule 
> Debug: time=0.8549112340394497 Event #249 of type batch_stage_arrival Generates 1 ReplicaStageScheduleEvent replica_id=0 stage_id=0
> Debug: time=0.863732441392972 Generates 1 BatchStageArrivalEvents             from event #254 replica_schedule 
> Debug: time=0.863732441392972 Event #255 of type batch_stage_arrival Generates 1 ReplicaStageScheduleEvent replica_id=0 stage_id=0
> Debug: time=0.8725536487464943 Generates 1 BatchStageArrivalEvents             from event #260 replica_schedule 
> Debug: time=0.8725536487464943 Event #261 of type batch_stage_arrival Generates 1 ReplicaStageScheduleEvent replica_id=0 stage_id=0
> Debug: time=0.8813748561000166 Generates 1 BatchStageArrivalEvents             from event #266 replica_schedule 
> Debug: time=0.8813748561000166 Event #267 of type batch_stage_arrival Generates 1 ReplicaStageScheduleEvent replica_id=0 stage_id=0
> Debug: time=0.890196063453539 Generates 1 BatchStageArrivalEvents             from event #272 replica_schedule 
> Debug: time=0.890196063453539 Event #273 of type batch_stage_arrival Generates 1 ReplicaStageScheduleEvent replica_id=0 stage_id=0
> Debug: time=0.8990172708070613 Generates 1 BatchStageArrivalEvents             from event #278 replica_schedule 
> Debug: time=0.8990172708070613 Event #279 of type batch_stage_arrival Generates 1 ReplicaStageScheduleEvent replica_id=0 stage_id=0
> Debug: time=0.9078384781605836 Generates 1 BatchStageArrivalEvents             from event #284 replica_schedule 
> Debug: time=0.9078384781605836 Event #285 of type batch_stage_arrival Generates 1 ReplicaStageScheduleEvent replica_id=0 stage_id=0
> Debug: time=0.9166596855141059 Generates 1 BatchStageArrivalEvents             from event #290 replica_schedule 
> Debug: time=0.9166596855141059 Event #291 of type batch_stage_arrival Generates 1 ReplicaStageScheduleEvent replica_id=0 stage_id=0
> Debug: time=0.9254808928676282 Generates 1 BatchStageArrivalEvents             from event #296 replica_schedule 
> Debug: time=0.9254808928676282 Event #297 of type batch_stage_arrival Generates 1 ReplicaStageScheduleEvent replica_id=0 stage_id=0
> Debug: time=0.9343021002211506 Generates 1 BatchStageArrivalEvents             from event #302 replica_schedule 
> Debug: time=0.9343021002211506 Event #303 of type batch_stage_arrival Generates 1 ReplicaStageScheduleEvent replica_id=0 stage_id=0
> Debug: time=0.9431233075746729 Generates 1 BatchStageArrivalEvents             from event #308 replica_schedule 
> Debug: time=0.9431233075746729 Event #309 of type batch_stage_arrival Generates 1 ReplicaStageScheduleEvent replica_id=0 stage_id=0
> Debug: time=0.9519445149281952 Generates 1 BatchStageArrivalEvents             from event #314 replica_schedule 
> Debug: time=0.9519445149281952 Event #315 of type batch_stage_arrival Generates 1 ReplicaStageScheduleEvent replica_id=0 stage_id=0
> Debug: time=0.9607657222817175 Generates 1 BatchStageArrivalEvents             from event #320 replica_schedule 
> Debug: time=0.9607657222817175 Event #321 of type batch_stage_arrival Generates 1 ReplicaStageScheduleEvent replica_id=0 stage_id=0
> Debug: time=0.9695869296352398 Generates 1 BatchStageArrivalEvents             from event #326 replica_schedule 
> Debug: time=0.9695869296352398 Event #327 of type batch_stage_arrival Generates 1 ReplicaStageScheduleEvent replica_id=0 stage_id=0
> Debug: time=0.9784081369887622 Generates 1 BatchStageArrivalEvents             from event #332 replica_schedule 
> Debug: time=0.9784081369887622 Event #333 of type batch_stage_arrival Generates 1 ReplicaStageScheduleEvent replica_id=0 stage_id=0
> Debug: time=3.3985399234482756 Event 2 of type request_arrival Generates 1 GlobalScheduleEvent
> Debug: time=3.3985399234482756 Generates 1 ReplicaScheduleEvents                 from event #339 global_schedule, replica_id=0
> Debug: time=3.3985399234482756 Generates 1 BatchStageArrivalEvents             from event #340 replica_schedule 
> Debug: time=3.3985399234482756 Event #341 of type batch_stage_arrival Generates 1 ReplicaStageScheduleEvent replica_id=0 stage_id=0
> Debug: time=3.423551945325607 Generates 1 BatchStageArrivalEvents             from event #346 replica_schedule 
> Debug: time=3.423551945325607 Event #347 of type batch_stage_arrival Generates 1 ReplicaStageScheduleEvent replica_id=0 stage_id=0
> Debug: time=3.4489815059732236 Generates 1 BatchStageArrivalEvents             from event #352 replica_schedule 
> Debug: time=3.4489815059732236 Event #353 of type batch_stage_arrival Generates 1 ReplicaStageScheduleEvent replica_id=0 stage_id=0
> Debug: time=3.4748621536608404 Generates 1 BatchStageArrivalEvents             from event #358 replica_schedule 
> Debug: time=3.4748621536608404 Event #359 of type batch_stage_arrival Generates 1 ReplicaStageScheduleEvent replica_id=0 stage_id=0
> Debug: time=3.5011776585217906 Generates 1 BatchStageArrivalEvents             from event #364 replica_schedule 
> Debug: time=3.5011776585217906 Event #365 of type batch_stage_arrival Generates 1 ReplicaStageScheduleEvent replica_id=0 stage_id=0
> Debug: time=3.5279024472227407 Generates 1 BatchStageArrivalEvents             from event #370 replica_schedule 
> Debug: time=3.5279024472227407 Event #371 of type batch_stage_arrival Generates 1 ReplicaStageScheduleEvent replica_id=0 stage_id=0
> Debug: time=3.5549901840196907 Generates 1 BatchStageArrivalEvents             from event #376 replica_schedule 
> Debug: time=3.5549901840196907 Event #377 of type batch_stage_arrival Generates 1 ReplicaStageScheduleEvent replica_id=0 stage_id=0
> Debug: time=3.5638113913732132 Generates 1 BatchStageArrivalEvents             from event #382 replica_schedule 
> Debug: time=3.5638113913732132 Event #383 of type batch_stage_arrival Generates 1 ReplicaStageScheduleEvent replica_id=0 stage_id=0
> Debug: time=3.5726325987267358 Generates 1 BatchStageArrivalEvents             from event #388 replica_schedule 
> Debug: time=3.5726325987267358 Event #389 of type batch_stage_arrival Generates 1 ReplicaStageScheduleEvent replica_id=0 stage_id=0
> Debug: time=3.5814538060802583 Generates 1 BatchStageArrivalEvents             from event #394 replica_schedule 
> Debug: time=3.5814538060802583 Event #395 of type batch_stage_arrival Generates 1 ReplicaStageScheduleEvent replica_id=0 stage_id=0
> Debug: time=3.590275013433781 Generates 1 BatchStageArrivalEvents             from event #400 replica_schedule 
> Debug: time=3.590275013433781 Event #401 of type batch_stage_arrival Generates 1 ReplicaStageScheduleEvent replica_id=0 stage_id=0
> Debug: time=3.5990962207873034 Generates 1 BatchStageArrivalEvents             from event #406 replica_schedule 
> Debug: time=3.5990962207873034 Event #407 of type batch_stage_arrival Generates 1 ReplicaStageScheduleEvent replica_id=0 stage_id=0
> Debug: time=3.607917428140826 Generates 1 BatchStageArrivalEvents             from event #412 replica_schedule 
> Debug: time=3.607917428140826 Event #413 of type batch_stage_arrival Generates 1 ReplicaStageScheduleEvent replica_id=0 stage_id=0
> Debug: time=3.6167386354943485 Generates 1 BatchStageArrivalEvents             from event #418 replica_schedule 
> Debug: time=3.6167386354943485 Event #419 of type batch_stage_arrival Generates 1 ReplicaStageScheduleEvent replica_id=0 stage_id=0
> Debug: time=3.625559842847871 Generates 1 BatchStageArrivalEvents             from event #424 replica_schedule 
> Debug: time=3.625559842847871 Event #425 of type batch_stage_arrival Generates 1 ReplicaStageScheduleEvent replica_id=0 stage_id=0
> Debug: time=3.6343810502013936 Generates 1 BatchStageArrivalEvents             from event #430 replica_schedule 
> Debug: time=3.6343810502013936 Event #431 of type batch_stage_arrival Generates 1 ReplicaStageScheduleEvent replica_id=0 stage_id=0
> Debug: time=3.643202257554916 Generates 1 BatchStageArrivalEvents             from event #436 replica_schedule 
> Debug: time=3.643202257554916 Event #437 of type batch_stage_arrival Generates 1 ReplicaStageScheduleEvent replica_id=0 stage_id=0
> Debug: time=3.6520234649084387 Generates 1 BatchStageArrivalEvents             from event #442 replica_schedule 
> Debug: time=3.6520234649084387 Event #443 of type batch_stage_arrival Generates 1 ReplicaStageScheduleEvent replica_id=0 stage_id=0
> Debug: time=3.660844672261961 Generates 1 BatchStageArrivalEvents             from event #448 replica_schedule 
> Debug: time=3.660844672261961 Event #449 of type batch_stage_arrival Generates 1 ReplicaStageScheduleEvent replica_id=0 stage_id=0
> Debug: time=3.6696658796154837 Generates 1 BatchStageArrivalEvents             from event #454 replica_schedule 
> Debug: time=3.6696658796154837 Event #455 of type batch_stage_arrival Generates 1 ReplicaStageScheduleEvent replica_id=0 stage_id=0
> Debug: time=3.6784870869690063 Generates 1 BatchStageArrivalEvents             from event #460 replica_schedule 
> Debug: time=3.6784870869690063 Event #461 of type batch_stage_arrival Generates 1 ReplicaStageScheduleEvent replica_id=0 stage_id=0
> Debug: time=3.687308294322529 Generates 1 BatchStageArrivalEvents             from event #466 replica_schedule 
> Debug: time=3.687308294322529 Event #467 of type batch_stage_arrival Generates 1 ReplicaStageScheduleEvent replica_id=0 stage_id=0
> Debug: time=3.6961295016760514 Generates 1 BatchStageArrivalEvents             from event #472 replica_schedule 
> Debug: time=3.6961295016760514 Event #473 of type batch_stage_arrival Generates 1 ReplicaStageScheduleEvent replica_id=0 stage_id=0
> Debug: time=3.704950709029574 Generates 1 BatchStageArrivalEvents             from event #478 replica_schedule 
> Debug: time=3.704950709029574 Event #479 of type batch_stage_arrival Generates 1 ReplicaStageScheduleEvent replica_id=0 stage_id=0
> Debug: time=3.7137719163830964 Generates 1 BatchStageArrivalEvents             from event #484 replica_schedule 
> Debug: time=3.7137719163830964 Event #485 of type batch_stage_arrival Generates 1 ReplicaStageScheduleEvent replica_id=0 stage_id=0
> Debug: time=3.722593123736619 Generates 1 BatchStageArrivalEvents             from event #490 replica_schedule 
> Debug: time=3.722593123736619 Event #491 of type batch_stage_arrival Generates 1 ReplicaStageScheduleEvent replica_id=0 stage_id=0
> Debug: time=3.7314143310901415 Generates 1 BatchStageArrivalEvents             from event #496 replica_schedule 
> Debug: time=3.7314143310901415 Event #497 of type batch_stage_arrival Generates 1 ReplicaStageScheduleEvent replica_id=0 stage_id=0
> Debug: time=3.740235538443664 Generates 1 BatchStageArrivalEvents             from event #502 replica_schedule 
> Debug: time=3.740235538443664 Event #503 of type batch_stage_arrival Generates 1 ReplicaStageScheduleEvent replica_id=0 stage_id=0
> Debug: time=3.7490567457971866 Generates 1 BatchStageArrivalEvents             from event #508 replica_schedule 
> Debug: time=3.7490567457971866 Event #509 of type batch_stage_arrival Generates 1 ReplicaStageScheduleEvent replica_id=0 stage_id=0
> Debug: time=3.757877953150709 Generates 1 BatchStageArrivalEvents             from event #514 replica_schedule 
> Debug: time=3.757877953150709 Event #515 of type batch_stage_arrival Generates 1 ReplicaStageScheduleEvent replica_id=0 stage_id=0
> Debug: time=3.7666991605042317 Generates 1 BatchStageArrivalEvents             from event #520 replica_schedule 
> Debug: time=3.7666991605042317 Event #521 of type batch_stage_arrival Generates 1 ReplicaStageScheduleEvent replica_id=0 stage_id=0
> Debug: time=3.7755203678577542 Generates 1 BatchStageArrivalEvents             from event #526 replica_schedule 
> Debug: time=3.7755203678577542 Event #527 of type batch_stage_arrival Generates 1 ReplicaStageScheduleEvent replica_id=0 stage_id=0
> Debug: time=3.784341575211277 Generates 1 BatchStageArrivalEvents             from event #532 replica_schedule 
> Debug: time=3.784341575211277 Event #533 of type batch_stage_arrival Generates 1 ReplicaStageScheduleEvent replica_id=0 stage_id=0
> Debug: time=3.7931627825647993 Generates 1 BatchStageArrivalEvents             from event #538 replica_schedule 
> Debug: time=3.7931627825647993 Event #539 of type batch_stage_arrival Generates 1 ReplicaStageScheduleEvent replica_id=0 stage_id=0
> Debug: time=3.801983989918322 Generates 1 BatchStageArrivalEvents             from event #544 replica_schedule 
> Debug: time=3.801983989918322 Event #545 of type batch_stage_arrival Generates 1 ReplicaStageScheduleEvent replica_id=0 stage_id=0
> Debug: time=3.8108051972718444 Generates 1 BatchStageArrivalEvents             from event #550 replica_schedule 
> Debug: time=3.8108051972718444 Event #551 of type batch_stage_arrival Generates 1 ReplicaStageScheduleEvent replica_id=0 stage_id=0
> Debug: time=3.819626404625367 Generates 1 BatchStageArrivalEvents             from event #556 replica_schedule 
> Debug: time=3.819626404625367 Event #557 of type batch_stage_arrival Generates 1 ReplicaStageScheduleEvent replica_id=0 stage_id=0
> Debug: time=3.8284476119788895 Generates 1 BatchStageArrivalEvents             from event #562 replica_schedule 
> Debug: time=3.8284476119788895 Event #563 of type batch_stage_arrival Generates 1 ReplicaStageScheduleEvent replica_id=0 stage_id=0
> Debug: time=3.837268819332412 Generates 1 BatchStageArrivalEvents             from event #568 replica_schedule 
> Debug: time=3.837268819332412 Event #569 of type batch_stage_arrival Generates 1 ReplicaStageScheduleEvent replica_id=0 stage_id=0
> Debug: time=3.8460900266859346 Generates 1 BatchStageArrivalEvents             from event #574 replica_schedule 
> Debug: time=3.8460900266859346 Event #575 of type batch_stage_arrival Generates 1 ReplicaStageScheduleEvent replica_id=0 stage_id=0
> Debug: time=3.854911234039457 Generates 1 BatchStageArrivalEvents             from event #580 replica_schedule 
> Debug: time=3.854911234039457 Event #581 of type batch_stage_arrival Generates 1 ReplicaStageScheduleEvent replica_id=0 stage_id=0
> Debug: time=3.8637324413929797 Generates 1 BatchStageArrivalEvents             from event #586 replica_schedule 
> Debug: time=3.8637324413929797 Event #587 of type batch_stage_arrival Generates 1 ReplicaStageScheduleEvent replica_id=0 stage_id=0
> Debug: time=3.872553648746502 Generates 1 BatchStageArrivalEvents             from event #592 replica_schedule 
> Debug: time=3.872553648746502 Event #593 of type batch_stage_arrival Generates 1 ReplicaStageScheduleEvent replica_id=0 stage_id=0
> Debug: time=3.8813748561000248 Generates 1 BatchStageArrivalEvents             from event #598 replica_schedule 
> Debug: time=3.8813748561000248 Event #599 of type batch_stage_arrival Generates 1 ReplicaStageScheduleEvent replica_id=0 stage_id=0
> Debug: time=3.8901960634535473 Generates 1 BatchStageArrivalEvents             from event #604 replica_schedule 
> Debug: time=3.8901960634535473 Event #605 of type batch_stage_arrival Generates 1 ReplicaStageScheduleEvent replica_id=0 stage_id=0
> Debug: time=3.89901727080707 Generates 1 BatchStageArrivalEvents             from event #610 replica_schedule 
> Debug: time=3.89901727080707 Event #611 of type batch_stage_arrival Generates 1 ReplicaStageScheduleEvent replica_id=0 stage_id=0
> Debug: time=3.9078384781605924 Generates 1 BatchStageArrivalEvents             from event #616 replica_schedule 
> Debug: time=3.9078384781605924 Event #617 of type batch_stage_arrival Generates 1 ReplicaStageScheduleEvent replica_id=0 stage_id=0
> Debug: time=3.916659685514115 Generates 1 BatchStageArrivalEvents             from event #622 replica_schedule 
> Debug: time=3.916659685514115 Event #623 of type batch_stage_arrival Generates 1 ReplicaStageScheduleEvent replica_id=0 stage_id=0
> Debug: time=3.9254808928676375 Generates 1 BatchStageArrivalEvents             from event #628 replica_schedule 
> Debug: time=3.9254808928676375 Event #629 of type batch_stage_arrival Generates 1 ReplicaStageScheduleEvent replica_id=0 stage_id=0
> Debug: time=3.93430210022116 Generates 1 BatchStageArrivalEvents             from event #634 replica_schedule 
> Debug: time=3.93430210022116 Event #635 of type batch_stage_arrival Generates 1 ReplicaStageScheduleEvent replica_id=0 stage_id=0
> Debug: time=3.9431233075746825 Generates 1 BatchStageArrivalEvents             from event #640 replica_schedule 
> Debug: time=3.9431233075746825 Event #641 of type batch_stage_arrival Generates 1 ReplicaStageScheduleEvent replica_id=0 stage_id=0
> Debug: time=3.951944514928205 Generates 1 BatchStageArrivalEvents             from event #646 replica_schedule 
> Debug: time=3.951944514928205 Event #647 of type batch_stage_arrival Generates 1 ReplicaStageScheduleEvent replica_id=0 stage_id=0
> Debug: time=3.9607657222817276 Generates 1 BatchStageArrivalEvents             from event #652 replica_schedule 
> Debug: time=3.9607657222817276 Event #653 of type batch_stage_arrival Generates 1 ReplicaStageScheduleEvent replica_id=0 stage_id=0
> Debug: time=3.96958692963525 Generates 1 BatchStageArrivalEvents             from event #658 replica_schedule 
> Debug: time=3.96958692963525 Event #659 of type batch_stage_arrival Generates 1 ReplicaStageScheduleEvent replica_id=0 stage_id=0
> Debug: time=3.9784081369887727 Generates 1 BatchStageArrivalEvents             from event #664 replica_schedule 
> Debug: time=3.9784081369887727 Event #665 of type batch_stage_arrival Generates 1 ReplicaStageScheduleEvent replica_id=0 stage_id=0
> Debug: time=6.398539923448276 Event 3 of type request_arrival Generates 1 GlobalScheduleEvent
> Debug: time=6.398539923448276 Generates 1 ReplicaScheduleEvents                 from event #671 global_schedule, replica_id=0
> Debug: time=6.398539923448276 Generates 1 BatchStageArrivalEvents             from event #672 replica_schedule 
> Debug: time=6.398539923448276 Event #673 of type batch_stage_arrival Generates 1 ReplicaStageScheduleEvent replica_id=0 stage_id=0
> Debug: time=6.423551945325607 Generates 1 BatchStageArrivalEvents             from event #678 replica_schedule 
> Debug: time=6.423551945325607 Event #679 of type batch_stage_arrival Generates 1 ReplicaStageScheduleEvent replica_id=0 stage_id=0
> Debug: time=6.448981505973224 Generates 1 BatchStageArrivalEvents             from event #684 replica_schedule 
> Debug: time=6.448981505973224 Event #685 of type batch_stage_arrival Generates 1 ReplicaStageScheduleEvent replica_id=0 stage_id=0
> Debug: time=6.474862153660841 Generates 1 BatchStageArrivalEvents             from event #690 replica_schedule 
> Debug: time=6.474862153660841 Event #691 of type batch_stage_arrival Generates 1 ReplicaStageScheduleEvent replica_id=0 stage_id=0
> Debug: time=6.501177658521791 Generates 1 BatchStageArrivalEvents             from event #696 replica_schedule 
> Debug: time=6.501177658521791 Event #697 of type batch_stage_arrival Generates 1 ReplicaStageScheduleEvent replica_id=0 stage_id=0
> Debug: time=6.527902447222742 Generates 1 BatchStageArrivalEvents             from event #702 replica_schedule 
> Debug: time=6.527902447222742 Event #703 of type batch_stage_arrival Generates 1 ReplicaStageScheduleEvent replica_id=0 stage_id=0
> Debug: time=6.554990184019692 Generates 1 BatchStageArrivalEvents             from event #708 replica_schedule 
> Debug: time=6.554990184019692 Event #709 of type batch_stage_arrival Generates 1 ReplicaStageScheduleEvent replica_id=0 stage_id=0
> Debug: time=6.563811391373214 Generates 1 BatchStageArrivalEvents             from event #714 replica_schedule 
> Debug: time=6.563811391373214 Event #715 of type batch_stage_arrival Generates 1 ReplicaStageScheduleEvent replica_id=0 stage_id=0
> Debug: time=6.572632598726736 Generates 1 BatchStageArrivalEvents             from event #720 replica_schedule 
> Debug: time=6.572632598726736 Event #721 of type batch_stage_arrival Generates 1 ReplicaStageScheduleEvent replica_id=0 stage_id=0
> Debug: time=6.581453806080258 Generates 1 BatchStageArrivalEvents             from event #726 replica_schedule 
> Debug: time=6.581453806080258 Event #727 of type batch_stage_arrival Generates 1 ReplicaStageScheduleEvent replica_id=0 stage_id=0
> Debug: time=6.59027501343378 Generates 1 BatchStageArrivalEvents             from event #732 replica_schedule 
> Debug: time=6.59027501343378 Event #733 of type batch_stage_arrival Generates 1 ReplicaStageScheduleEvent replica_id=0 stage_id=0
> Debug: time=6.5990962207873025 Generates 1 BatchStageArrivalEvents             from event #738 replica_schedule 
> Debug: time=6.5990962207873025 Event #739 of type batch_stage_arrival Generates 1 ReplicaStageScheduleEvent replica_id=0 stage_id=0
> Debug: time=6.607917428140825 Generates 1 BatchStageArrivalEvents             from event #744 replica_schedule 
> Debug: time=6.607917428140825 Event #745 of type batch_stage_arrival Generates 1 ReplicaStageScheduleEvent replica_id=0 stage_id=0
> Debug: time=6.616738635494347 Generates 1 BatchStageArrivalEvents             from event #750 replica_schedule 
> Debug: time=6.616738635494347 Event #751 of type batch_stage_arrival Generates 1 ReplicaStageScheduleEvent replica_id=0 stage_id=0
> Debug: time=6.625559842847869 Generates 1 BatchStageArrivalEvents             from event #756 replica_schedule 
> Debug: time=6.625559842847869 Event #757 of type batch_stage_arrival Generates 1 ReplicaStageScheduleEvent replica_id=0 stage_id=0
> Debug: time=6.634381050201391 Generates 1 BatchStageArrivalEvents             from event #762 replica_schedule 
> Debug: time=6.634381050201391 Event #763 of type batch_stage_arrival Generates 1 ReplicaStageScheduleEvent replica_id=0 stage_id=0
> Debug: time=6.643202257554913 Generates 1 BatchStageArrivalEvents             from event #768 replica_schedule 
> Debug: time=6.643202257554913 Event #769 of type batch_stage_arrival Generates 1 ReplicaStageScheduleEvent replica_id=0 stage_id=0
> Debug: time=6.652023464908435 Generates 1 BatchStageArrivalEvents             from event #774 replica_schedule 
> Debug: time=6.652023464908435 Event #775 of type batch_stage_arrival Generates 1 ReplicaStageScheduleEvent replica_id=0 stage_id=0
> Debug: time=6.660844672261957 Generates 1 BatchStageArrivalEvents             from event #780 replica_schedule 
> Debug: time=6.660844672261957 Event #781 of type batch_stage_arrival Generates 1 ReplicaStageScheduleEvent replica_id=0 stage_id=0
> Debug: time=6.669665879615479 Generates 1 BatchStageArrivalEvents             from event #786 replica_schedule 
> Debug: time=6.669665879615479 Event #787 of type batch_stage_arrival Generates 1 ReplicaStageScheduleEvent replica_id=0 stage_id=0
> Debug: time=6.678487086969001 Generates 1 BatchStageArrivalEvents             from event #792 replica_schedule 
> Debug: time=6.678487086969001 Event #793 of type batch_stage_arrival Generates 1 ReplicaStageScheduleEvent replica_id=0 stage_id=0
> Debug: time=6.6873082943225235 Generates 1 BatchStageArrivalEvents             from event #798 replica_schedule 
> Debug: time=6.6873082943225235 Event #799 of type batch_stage_arrival Generates 1 ReplicaStageScheduleEvent replica_id=0 stage_id=0
> Debug: time=6.696129501676046 Generates 1 BatchStageArrivalEvents             from event #804 replica_schedule 
> Debug: time=6.696129501676046 Event #805 of type batch_stage_arrival Generates 1 ReplicaStageScheduleEvent replica_id=0 stage_id=0
> Debug: time=6.704950709029568 Generates 1 BatchStageArrivalEvents             from event #810 replica_schedule 
> Debug: time=6.704950709029568 Event #811 of type batch_stage_arrival Generates 1 ReplicaStageScheduleEvent replica_id=0 stage_id=0
> Debug: time=6.71377191638309 Generates 1 BatchStageArrivalEvents             from event #816 replica_schedule 
> Debug: time=6.71377191638309 Event #817 of type batch_stage_arrival Generates 1 ReplicaStageScheduleEvent replica_id=0 stage_id=0
> Debug: time=6.722593123736612 Generates 1 BatchStageArrivalEvents             from event #822 replica_schedule 
> Debug: time=6.722593123736612 Event #823 of type batch_stage_arrival Generates 1 ReplicaStageScheduleEvent replica_id=0 stage_id=0
> Debug: time=6.731414331090134 Generates 1 BatchStageArrivalEvents             from event #828 replica_schedule 
> Debug: time=6.731414331090134 Event #829 of type batch_stage_arrival Generates 1 ReplicaStageScheduleEvent replica_id=0 stage_id=0
> Debug: time=6.740235538443656 Generates 1 BatchStageArrivalEvents             from event #834 replica_schedule 
> Debug: time=6.740235538443656 Event #835 of type batch_stage_arrival Generates 1 ReplicaStageScheduleEvent replica_id=0 stage_id=0
> Debug: time=6.749056745797178 Generates 1 BatchStageArrivalEvents             from event #840 replica_schedule 
> Debug: time=6.749056745797178 Event #841 of type batch_stage_arrival Generates 1 ReplicaStageScheduleEvent replica_id=0 stage_id=0
> Debug: time=6.7578779531507 Generates 1 BatchStageArrivalEvents             from event #846 replica_schedule 
> Debug: time=6.7578779531507 Event #847 of type batch_stage_arrival Generates 1 ReplicaStageScheduleEvent replica_id=0 stage_id=0
> Debug: time=6.766699160504222 Generates 1 BatchStageArrivalEvents             from event #852 replica_schedule 
> Debug: time=6.766699160504222 Event #853 of type batch_stage_arrival Generates 1 ReplicaStageScheduleEvent replica_id=0 stage_id=0
> Debug: time=6.7755203678577445 Generates 1 BatchStageArrivalEvents             from event #858 replica_schedule 
> Debug: time=6.7755203678577445 Event #859 of type batch_stage_arrival Generates 1 ReplicaStageScheduleEvent replica_id=0 stage_id=0
> Debug: time=6.784341575211267 Generates 1 BatchStageArrivalEvents             from event #864 replica_schedule 
> Debug: time=6.784341575211267 Event #865 of type batch_stage_arrival Generates 1 ReplicaStageScheduleEvent replica_id=0 stage_id=0
> Debug: time=6.793162782564789 Generates 1 BatchStageArrivalEvents             from event #870 replica_schedule 
> Debug: time=6.793162782564789 Event #871 of type batch_stage_arrival Generates 1 ReplicaStageScheduleEvent replica_id=0 stage_id=0
> Debug: time=6.801983989918311 Generates 1 BatchStageArrivalEvents             from event #876 replica_schedule 
> Debug: time=6.801983989918311 Event #877 of type batch_stage_arrival Generates 1 ReplicaStageScheduleEvent replica_id=0 stage_id=0
> Debug: time=6.810805197271833 Generates 1 BatchStageArrivalEvents             from event #882 replica_schedule 
> Debug: time=6.810805197271833 Event #883 of type batch_stage_arrival Generates 1 ReplicaStageScheduleEvent replica_id=0 stage_id=0
> Debug: time=6.819626404625355 Generates 1 BatchStageArrivalEvents             from event #888 replica_schedule 
> Debug: time=6.819626404625355 Event #889 of type batch_stage_arrival Generates 1 ReplicaStageScheduleEvent replica_id=0 stage_id=0
> Debug: time=6.828447611978877 Generates 1 BatchStageArrivalEvents             from event #894 replica_schedule 
> Debug: time=6.828447611978877 Event #895 of type batch_stage_arrival Generates 1 ReplicaStageScheduleEvent replica_id=0 stage_id=0
> Debug: time=6.837268819332399 Generates 1 BatchStageArrivalEvents             from event #900 replica_schedule 
> Debug: time=6.837268819332399 Event #901 of type batch_stage_arrival Generates 1 ReplicaStageScheduleEvent replica_id=0 stage_id=0
> Debug: time=6.846090026685921 Generates 1 BatchStageArrivalEvents             from event #906 replica_schedule 
> Debug: time=6.846090026685921 Event #907 of type batch_stage_arrival Generates 1 ReplicaStageScheduleEvent replica_id=0 stage_id=0
> Debug: time=6.854911234039443 Generates 1 BatchStageArrivalEvents             from event #912 replica_schedule 
> Debug: time=6.854911234039443 Event #913 of type batch_stage_arrival Generates 1 ReplicaStageScheduleEvent replica_id=0 stage_id=0
> Debug: time=6.8637324413929655 Generates 1 BatchStageArrivalEvents             from event #918 replica_schedule 
> Debug: time=6.8637324413929655 Event #919 of type batch_stage_arrival Generates 1 ReplicaStageScheduleEvent replica_id=0 stage_id=0
> Debug: time=6.8725536487464876 Generates 1 BatchStageArrivalEvents             from event #924 replica_schedule 
> Debug: time=6.8725536487464876 Event #925 of type batch_stage_arrival Generates 1 ReplicaStageScheduleEvent replica_id=0 stage_id=0
> Debug: time=6.88137485610001 Generates 1 BatchStageArrivalEvents             from event #930 replica_schedule 
> Debug: time=6.88137485610001 Event #931 of type batch_stage_arrival Generates 1 ReplicaStageScheduleEvent replica_id=0 stage_id=0
> Debug: time=6.890196063453532 Generates 1 BatchStageArrivalEvents             from event #936 replica_schedule 
> Debug: time=6.890196063453532 Event #937 of type batch_stage_arrival Generates 1 ReplicaStageScheduleEvent replica_id=0 stage_id=0
> Debug: time=6.899017270807054 Generates 1 BatchStageArrivalEvents             from event #942 replica_schedule 
> Debug: time=6.899017270807054 Event #943 of type batch_stage_arrival Generates 1 ReplicaStageScheduleEvent replica_id=0 stage_id=0
> Debug: time=6.907838478160576 Generates 1 BatchStageArrivalEvents             from event #948 replica_schedule 
> Debug: time=6.907838478160576 Event #949 of type batch_stage_arrival Generates 1 ReplicaStageScheduleEvent replica_id=0 stage_id=0
> Debug: time=6.916659685514098 Generates 1 BatchStageArrivalEvents             from event #954 replica_schedule 
> Debug: time=6.916659685514098 Event #955 of type batch_stage_arrival Generates 1 ReplicaStageScheduleEvent replica_id=0 stage_id=0
> Debug: time=6.92548089286762 Generates 1 BatchStageArrivalEvents             from event #960 replica_schedule 
> Debug: time=6.92548089286762 Event #961 of type batch_stage_arrival Generates 1 ReplicaStageScheduleEvent replica_id=0 stage_id=0
> Debug: time=6.934302100221142 Generates 1 BatchStageArrivalEvents             from event #966 replica_schedule 
> Debug: time=6.934302100221142 Event #967 of type batch_stage_arrival Generates 1 ReplicaStageScheduleEvent replica_id=0 stage_id=0
> Debug: time=6.943123307574664 Generates 1 BatchStageArrivalEvents             from event #972 replica_schedule 
> Debug: time=6.943123307574664 Event #973 of type batch_stage_arrival Generates 1 ReplicaStageScheduleEvent replica_id=0 stage_id=0
> Debug: time=6.951944514928186 Generates 1 BatchStageArrivalEvents             from event #978 replica_schedule 
> Debug: time=6.951944514928186 Event #979 of type batch_stage_arrival Generates 1 ReplicaStageScheduleEvent replica_id=0 stage_id=0
> Debug: time=6.9607657222817085 Generates 1 BatchStageArrivalEvents             from event #984 replica_schedule 
> Debug: time=6.9607657222817085 Event #985 of type batch_stage_arrival Generates 1 ReplicaStageScheduleEvent replica_id=0 stage_id=0
> Debug: time=6.969586929635231 Generates 1 BatchStageArrivalEvents             from event #990 replica_schedule 
> Debug: time=6.969586929635231 Event #991 of type batch_stage_arrival Generates 1 ReplicaStageScheduleEvent replica_id=0 stage_id=0
> Debug: time=6.978408136988753 Generates 1 BatchStageArrivalEvents             from event #996 replica_schedule 
> Debug: time=6.978408136988753 Event #997 of type batch_stage_arrival Generates 1 ReplicaStageScheduleEvent replica_id=0 stage_id=0
> Debug: time=8.903540389044805 Event 4 of type request_arrival Generates 1 GlobalScheduleEvent
> Debug: time=8.903540389044805 Generates 1 ReplicaScheduleEvents                 from event #1003 global_schedule, replica_id=0
> Debug: time=8.903540389044805 Generates 1 BatchStageArrivalEvents             from event #1004 replica_schedule 
> Debug: time=8.903540389044805 Event #1005 of type batch_stage_arrival Generates 1 ReplicaStageScheduleEvent replica_id=0 stage_id=0
> Debug: time=8.928552410922135 Generates 1 BatchStageArrivalEvents             from event #1010 replica_schedule 
> Debug: time=8.928552410922135 Event #1011 of type batch_stage_arrival Generates 1 ReplicaStageScheduleEvent replica_id=0 stage_id=0
> Debug: time=8.953981971569752 Generates 1 BatchStageArrivalEvents             from event #1016 replica_schedule 
> Debug: time=8.953981971569752 Event #1017 of type batch_stage_arrival Generates 1 ReplicaStageScheduleEvent replica_id=0 stage_id=0
> Debug: time=8.979862619257368 Generates 1 BatchStageArrivalEvents             from event #1022 replica_schedule 
> Debug: time=8.979862619257368 Event #1023 of type batch_stage_arrival Generates 1 ReplicaStageScheduleEvent replica_id=0 stage_id=0
> Debug: time=9.006178124118318 Generates 1 BatchStageArrivalEvents             from event #1028 replica_schedule 
> Debug: time=9.006178124118318 Event #1029 of type batch_stage_arrival Generates 1 ReplicaStageScheduleEvent replica_id=0 stage_id=0
> Debug: time=9.032902912819267 Generates 1 BatchStageArrivalEvents             from event #1034 replica_schedule 
> Debug: time=9.032902912819267 Event #1035 of type batch_stage_arrival Generates 1 ReplicaStageScheduleEvent replica_id=0 stage_id=0
> Debug: time=9.059990649616218 Generates 1 BatchStageArrivalEvents             from event #1040 replica_schedule 
> Debug: time=9.059990649616218 Event #1041 of type batch_stage_arrival Generates 1 ReplicaStageScheduleEvent replica_id=0 stage_id=0
> Debug: time=9.06881185696974 Generates 1 BatchStageArrivalEvents             from event #1046 replica_schedule 
> Debug: time=9.06881185696974 Event #1047 of type batch_stage_arrival Generates 1 ReplicaStageScheduleEvent replica_id=0 stage_id=0
> Debug: time=9.077633064323262 Generates 1 BatchStageArrivalEvents             from event #1052 replica_schedule 
> Debug: time=9.077633064323262 Event #1053 of type batch_stage_arrival Generates 1 ReplicaStageScheduleEvent replica_id=0 stage_id=0
> Debug: time=9.086454271676784 Generates 1 BatchStageArrivalEvents             from event #1058 replica_schedule 
> Debug: time=9.086454271676784 Event #1059 of type batch_stage_arrival Generates 1 ReplicaStageScheduleEvent replica_id=0 stage_id=0
> Debug: time=9.095275479030306 Generates 1 BatchStageArrivalEvents             from event #1064 replica_schedule 
> Debug: time=9.095275479030306 Event #1065 of type batch_stage_arrival Generates 1 ReplicaStageScheduleEvent replica_id=0 stage_id=0
> Debug: time=9.104096686383828 Generates 1 BatchStageArrivalEvents             from event #1070 replica_schedule 
> Debug: time=9.104096686383828 Event #1071 of type batch_stage_arrival Generates 1 ReplicaStageScheduleEvent replica_id=0 stage_id=0
> Debug: time=9.11291789373735 Generates 1 BatchStageArrivalEvents             from event #1076 replica_schedule 
> Debug: time=9.11291789373735 Event #1077 of type batch_stage_arrival Generates 1 ReplicaStageScheduleEvent replica_id=0 stage_id=0
> Debug: time=9.121739101090872 Generates 1 BatchStageArrivalEvents             from event #1082 replica_schedule 
> Debug: time=9.121739101090872 Event #1083 of type batch_stage_arrival Generates 1 ReplicaStageScheduleEvent replica_id=0 stage_id=0
> Debug: time=9.130560308444394 Generates 1 BatchStageArrivalEvents             from event #1088 replica_schedule 
> Debug: time=9.130560308444394 Event #1089 of type batch_stage_arrival Generates 1 ReplicaStageScheduleEvent replica_id=0 stage_id=0
> Debug: time=9.139381515797917 Generates 1 BatchStageArrivalEvents             from event #1094 replica_schedule 
> Debug: time=9.139381515797917 Event #1095 of type batch_stage_arrival Generates 1 ReplicaStageScheduleEvent replica_id=0 stage_id=0
> Debug: time=9.148202723151439 Generates 1 BatchStageArrivalEvents             from event #1100 replica_schedule 
> Debug: time=9.148202723151439 Event #1101 of type batch_stage_arrival Generates 1 ReplicaStageScheduleEvent replica_id=0 stage_id=0
> Debug: time=9.15702393050496 Generates 1 BatchStageArrivalEvents             from event #1106 replica_schedule 
> Debug: time=9.15702393050496 Event #1107 of type batch_stage_arrival Generates 1 ReplicaStageScheduleEvent replica_id=0 stage_id=0
> Debug: time=9.165845137858483 Generates 1 BatchStageArrivalEvents             from event #1112 replica_schedule 
> Debug: time=9.165845137858483 Event #1113 of type batch_stage_arrival Generates 1 ReplicaStageScheduleEvent replica_id=0 stage_id=0
> Debug: time=9.174666345212005 Generates 1 BatchStageArrivalEvents             from event #1118 replica_schedule 
> Debug: time=9.174666345212005 Event #1119 of type batch_stage_arrival Generates 1 ReplicaStageScheduleEvent replica_id=0 stage_id=0
> Debug: time=9.183487552565527 Generates 1 BatchStageArrivalEvents             from event #1124 replica_schedule 
> Debug: time=9.183487552565527 Event #1125 of type batch_stage_arrival Generates 1 ReplicaStageScheduleEvent replica_id=0 stage_id=0
> Debug: time=9.19230875991905 Generates 1 BatchStageArrivalEvents             from event #1130 replica_schedule 
> Debug: time=9.19230875991905 Event #1131 of type batch_stage_arrival Generates 1 ReplicaStageScheduleEvent replica_id=0 stage_id=0
> Debug: time=9.201129967272571 Generates 1 BatchStageArrivalEvents             from event #1136 replica_schedule 
> Debug: time=9.201129967272571 Event #1137 of type batch_stage_arrival Generates 1 ReplicaStageScheduleEvent replica_id=0 stage_id=0
> Debug: time=9.209951174626093 Generates 1 BatchStageArrivalEvents             from event #1142 replica_schedule 
> Debug: time=9.209951174626093 Event #1143 of type batch_stage_arrival Generates 1 ReplicaStageScheduleEvent replica_id=0 stage_id=0
> Debug: time=9.218772381979615 Generates 1 BatchStageArrivalEvents             from event #1148 replica_schedule 
> Debug: time=9.218772381979615 Event #1149 of type batch_stage_arrival Generates 1 ReplicaStageScheduleEvent replica_id=0 stage_id=0
> Debug: time=9.227593589333138 Generates 1 BatchStageArrivalEvents             from event #1154 replica_schedule 
> Debug: time=9.227593589333138 Event #1155 of type batch_stage_arrival Generates 1 ReplicaStageScheduleEvent replica_id=0 stage_id=0
> Debug: time=9.23641479668666 Generates 1 BatchStageArrivalEvents             from event #1160 replica_schedule 
> Debug: time=9.23641479668666 Event #1161 of type batch_stage_arrival Generates 1 ReplicaStageScheduleEvent replica_id=0 stage_id=0
> Debug: time=9.245236004040182 Generates 1 BatchStageArrivalEvents             from event #1166 replica_schedule 
> Debug: time=9.245236004040182 Event #1167 of type batch_stage_arrival Generates 1 ReplicaStageScheduleEvent replica_id=0 stage_id=0
> Debug: time=9.254057211393704 Generates 1 BatchStageArrivalEvents             from event #1172 replica_schedule 
> Debug: time=9.254057211393704 Event #1173 of type batch_stage_arrival Generates 1 ReplicaStageScheduleEvent replica_id=0 stage_id=0
> Debug: time=9.262878418747226 Generates 1 BatchStageArrivalEvents             from event #1178 replica_schedule 
> Debug: time=9.262878418747226 Event #1179 of type batch_stage_arrival Generates 1 ReplicaStageScheduleEvent replica_id=0 stage_id=0
> Debug: time=9.271699626100748 Generates 1 BatchStageArrivalEvents             from event #1184 replica_schedule 
> Debug: time=9.271699626100748 Event #1185 of type batch_stage_arrival Generates 1 ReplicaStageScheduleEvent replica_id=0 stage_id=0
> Debug: time=9.28052083345427 Generates 1 BatchStageArrivalEvents             from event #1190 replica_schedule 
> Debug: time=9.28052083345427 Event #1191 of type batch_stage_arrival Generates 1 ReplicaStageScheduleEvent replica_id=0 stage_id=0
> Debug: time=9.289342040807792 Generates 1 BatchStageArrivalEvents             from event #1196 replica_schedule 
> Debug: time=9.289342040807792 Event #1197 of type batch_stage_arrival Generates 1 ReplicaStageScheduleEvent replica_id=0 stage_id=0
> Debug: time=9.298163248161314 Generates 1 BatchStageArrivalEvents             from event #1202 replica_schedule 
> Debug: time=9.298163248161314 Event #1203 of type batch_stage_arrival Generates 1 ReplicaStageScheduleEvent replica_id=0 stage_id=0
> Debug: time=9.306984455514836 Generates 1 BatchStageArrivalEvents             from event #1208 replica_schedule 
> Debug: time=9.306984455514836 Event #1209 of type batch_stage_arrival Generates 1 ReplicaStageScheduleEvent replica_id=0 stage_id=0
> Debug: time=9.315805662868359 Generates 1 BatchStageArrivalEvents             from event #1214 replica_schedule 
> Debug: time=9.315805662868359 Event #1215 of type batch_stage_arrival Generates 1 ReplicaStageScheduleEvent replica_id=0 stage_id=0
> Debug: time=9.32462687022188 Generates 1 BatchStageArrivalEvents             from event #1220 replica_schedule 
> Debug: time=9.32462687022188 Event #1221 of type batch_stage_arrival Generates 1 ReplicaStageScheduleEvent replica_id=0 stage_id=0
> Debug: time=9.333448077575403 Generates 1 BatchStageArrivalEvents             from event #1226 replica_schedule 
> Debug: time=9.333448077575403 Event #1227 of type batch_stage_arrival Generates 1 ReplicaStageScheduleEvent replica_id=0 stage_id=0
> Debug: time=9.342269284928925 Generates 1 BatchStageArrivalEvents             from event #1232 replica_schedule 
> Debug: time=9.342269284928925 Event #1233 of type batch_stage_arrival Generates 1 ReplicaStageScheduleEvent replica_id=0 stage_id=0
> Debug: time=9.351090492282447 Generates 1 BatchStageArrivalEvents             from event #1238 replica_schedule 
> Debug: time=9.351090492282447 Event #1239 of type batch_stage_arrival Generates 1 ReplicaStageScheduleEvent replica_id=0 stage_id=0
> Debug: time=9.359911699635969 Generates 1 BatchStageArrivalEvents             from event #1244 replica_schedule 
> Debug: time=9.359911699635969 Event #1245 of type batch_stage_arrival Generates 1 ReplicaStageScheduleEvent replica_id=0 stage_id=0
> Debug: time=9.368732906989491 Generates 1 BatchStageArrivalEvents             from event #1250 replica_schedule 
> Debug: time=9.368732906989491 Event #1251 of type batch_stage_arrival Generates 1 ReplicaStageScheduleEvent replica_id=0 stage_id=0
> Debug: time=9.377554114343013 Generates 1 BatchStageArrivalEvents             from event #1256 replica_schedule 
> Debug: time=9.377554114343013 Event #1257 of type batch_stage_arrival Generates 1 ReplicaStageScheduleEvent replica_id=0 stage_id=0
> Debug: time=9.386375321696535 Generates 1 BatchStageArrivalEvents             from event #1262 replica_schedule 
> Debug: time=9.386375321696535 Event #1263 of type batch_stage_arrival Generates 1 ReplicaStageScheduleEvent replica_id=0 stage_id=0
> Debug: time=9.395196529050057 Generates 1 BatchStageArrivalEvents             from event #1268 replica_schedule 
> Debug: time=9.395196529050057 Event #1269 of type batch_stage_arrival Generates 1 ReplicaStageScheduleEvent replica_id=0 stage_id=0
> Debug: time=9.40401773640358 Generates 1 BatchStageArrivalEvents             from event #1274 replica_schedule 
> Debug: time=9.40401773640358 Event #1275 of type batch_stage_arrival Generates 1 ReplicaStageScheduleEvent replica_id=0 stage_id=0
> Debug: time=9.412838943757102 Generates 1 BatchStageArrivalEvents             from event #1280 replica_schedule 
> Debug: time=9.412838943757102 Event #1281 of type batch_stage_arrival Generates 1 ReplicaStageScheduleEvent replica_id=0 stage_id=0
> Debug: time=9.421660151110624 Generates 1 BatchStageArrivalEvents             from event #1286 replica_schedule 
> Debug: time=9.421660151110624 Event #1287 of type batch_stage_arrival Generates 1 ReplicaStageScheduleEvent replica_id=0 stage_id=0
> Debug: time=9.430481358464146 Generates 1 BatchStageArrivalEvents             from event #1292 replica_schedule 
> Debug: time=9.430481358464146 Event #1293 of type batch_stage_arrival Generates 1 ReplicaStageScheduleEvent replica_id=0 stage_id=0
> Debug: time=9.439302565817668 Generates 1 BatchStageArrivalEvents             from event #1298 replica_schedule 
> Debug: time=9.439302565817668 Event #1299 of type batch_stage_arrival Generates 1 ReplicaStageScheduleEvent replica_id=0 stage_id=0
> Debug: time=9.44812377317119 Generates 1 BatchStageArrivalEvents             from event #1304 replica_schedule 
> Debug: time=9.44812377317119 Event #1305 of type batch_stage_arrival Generates 1 ReplicaStageScheduleEvent replica_id=0 stage_id=0
> Debug: time=9.456944980524712 Generates 1 BatchStageArrivalEvents             from event #1310 replica_schedule 
> Debug: time=9.456944980524712 Event #1311 of type batch_stage_arrival Generates 1 ReplicaStageScheduleEvent replica_id=0 stage_id=0
> Debug: time=9.465766187878234 Generates 1 BatchStageArrivalEvents             from event #1316 replica_schedule 
> Debug: time=9.465766187878234 Event #1317 of type batch_stage_arrival Generates 1 ReplicaStageScheduleEvent replica_id=0 stage_id=0
> Debug: time=9.474587395231756 Generates 1 BatchStageArrivalEvents             from event #1322 replica_schedule 
> Debug: time=9.474587395231756 Event #1323 of type batch_stage_arrival Generates 1 ReplicaStageScheduleEvent replica_id=0 stage_id=0
> Debug: time=9.483408602585278 Generates 1 BatchStageArrivalEvents             from event #1328 replica_schedule 
> Debug: time=9.483408602585278 Event #1329 of type batch_stage_arrival Generates 1 ReplicaStageScheduleEvent replica_id=0 stage_id=0
> Debug: time=10.463738867634888 Event 5 of type request_arrival Generates 1 GlobalScheduleEvent
> Debug: time=10.463738867634888 Generates 1 ReplicaScheduleEvents                 from event #1335 global_schedule, replica_id=0
> Debug: time=10.463738867634888 Generates 1 BatchStageArrivalEvents             from event #1336 replica_schedule 
> Debug: time=10.463738867634888 Event #1337 of type batch_stage_arrival Generates 1 ReplicaStageScheduleEvent replica_id=0 stage_id=0
> Debug: time=10.488750889512218 Generates 1 BatchStageArrivalEvents             from event #1342 replica_schedule 
> Debug: time=10.488750889512218 Event #1343 of type batch_stage_arrival Generates 1 ReplicaStageScheduleEvent replica_id=0 stage_id=0
> Debug: time=10.514180450159834 Generates 1 BatchStageArrivalEvents             from event #1348 replica_schedule 
> Debug: time=10.514180450159834 Event #1349 of type batch_stage_arrival Generates 1 ReplicaStageScheduleEvent replica_id=0 stage_id=0
> Debug: time=10.54006109784745 Generates 1 BatchStageArrivalEvents             from event #1354 replica_schedule 
> Debug: time=10.54006109784745 Event #1355 of type batch_stage_arrival Generates 1 ReplicaStageScheduleEvent replica_id=0 stage_id=0
> Debug: time=10.5663766027084 Generates 1 BatchStageArrivalEvents             from event #1360 replica_schedule 
> Debug: time=10.5663766027084 Event #1361 of type batch_stage_arrival Generates 1 ReplicaStageScheduleEvent replica_id=0 stage_id=0
> Debug: time=10.59310139140935 Generates 1 BatchStageArrivalEvents             from event #1366 replica_schedule 
> Debug: time=10.59310139140935 Event #1367 of type batch_stage_arrival Generates 1 ReplicaStageScheduleEvent replica_id=0 stage_id=0
> Debug: time=10.6201891282063 Generates 1 BatchStageArrivalEvents             from event #1372 replica_schedule 
> Debug: time=10.6201891282063 Event #1373 of type batch_stage_arrival Generates 1 ReplicaStageScheduleEvent replica_id=0 stage_id=0
> Debug: time=10.629010335559823 Generates 1 BatchStageArrivalEvents             from event #1378 replica_schedule 
> Debug: time=10.629010335559823 Event #1379 of type batch_stage_arrival Generates 1 ReplicaStageScheduleEvent replica_id=0 stage_id=0
> Debug: time=10.637831542913345 Generates 1 BatchStageArrivalEvents             from event #1384 replica_schedule 
> Debug: time=10.637831542913345 Event #1385 of type batch_stage_arrival Generates 1 ReplicaStageScheduleEvent replica_id=0 stage_id=0
> Debug: time=10.646652750266867 Generates 1 BatchStageArrivalEvents             from event #1390 replica_schedule 
> Debug: time=10.646652750266867 Event #1391 of type batch_stage_arrival Generates 1 ReplicaStageScheduleEvent replica_id=0 stage_id=0
> Debug: time=10.655473957620389 Generates 1 BatchStageArrivalEvents             from event #1396 replica_schedule 
> Debug: time=10.655473957620389 Event #1397 of type batch_stage_arrival Generates 1 ReplicaStageScheduleEvent replica_id=0 stage_id=0
> Debug: time=10.664295164973911 Generates 1 BatchStageArrivalEvents             from event #1402 replica_schedule 
> Debug: time=10.664295164973911 Event #1403 of type batch_stage_arrival Generates 1 ReplicaStageScheduleEvent replica_id=0 stage_id=0
> Debug: time=10.673116372327433 Generates 1 BatchStageArrivalEvents             from event #1408 replica_schedule 
> Debug: time=10.673116372327433 Event #1409 of type batch_stage_arrival Generates 1 ReplicaStageScheduleEvent replica_id=0 stage_id=0
> Debug: time=10.681937579680955 Generates 1 BatchStageArrivalEvents             from event #1414 replica_schedule 
> Debug: time=10.681937579680955 Event #1415 of type batch_stage_arrival Generates 1 ReplicaStageScheduleEvent replica_id=0 stage_id=0
> Debug: time=10.690758787034477 Generates 1 BatchStageArrivalEvents             from event #1420 replica_schedule 
> Debug: time=10.690758787034477 Event #1421 of type batch_stage_arrival Generates 1 ReplicaStageScheduleEvent replica_id=0 stage_id=0
> Debug: time=10.699579994388 Generates 1 BatchStageArrivalEvents             from event #1426 replica_schedule 
> Debug: time=10.699579994388 Event #1427 of type batch_stage_arrival Generates 1 ReplicaStageScheduleEvent replica_id=0 stage_id=0
> Debug: time=10.708401201741522 Generates 1 BatchStageArrivalEvents             from event #1432 replica_schedule 
> Debug: time=10.708401201741522 Event #1433 of type batch_stage_arrival Generates 1 ReplicaStageScheduleEvent replica_id=0 stage_id=0
> Debug: time=10.717222409095044 Generates 1 BatchStageArrivalEvents             from event #1438 replica_schedule 
> Debug: time=10.717222409095044 Event #1439 of type batch_stage_arrival Generates 1 ReplicaStageScheduleEvent replica_id=0 stage_id=0
> Debug: time=10.726043616448566 Generates 1 BatchStageArrivalEvents             from event #1444 replica_schedule 
> Debug: time=10.726043616448566 Event #1445 of type batch_stage_arrival Generates 1 ReplicaStageScheduleEvent replica_id=0 stage_id=0
> Debug: time=10.734864823802088 Generates 1 BatchStageArrivalEvents             from event #1450 replica_schedule 
> Debug: time=10.734864823802088 Event #1451 of type batch_stage_arrival Generates 1 ReplicaStageScheduleEvent replica_id=0 stage_id=0
> Debug: time=10.74368603115561 Generates 1 BatchStageArrivalEvents             from event #1456 replica_schedule 
> Debug: time=10.74368603115561 Event #1457 of type batch_stage_arrival Generates 1 ReplicaStageScheduleEvent replica_id=0 stage_id=0
> Debug: time=10.752507238509132 Generates 1 BatchStageArrivalEvents             from event #1462 replica_schedule 
> Debug: time=10.752507238509132 Event #1463 of type batch_stage_arrival Generates 1 ReplicaStageScheduleEvent replica_id=0 stage_id=0
> Debug: time=10.761328445862654 Generates 1 BatchStageArrivalEvents             from event #1468 replica_schedule 
> Debug: time=10.761328445862654 Event #1469 of type batch_stage_arrival Generates 1 ReplicaStageScheduleEvent replica_id=0 stage_id=0
> Debug: time=10.770149653216176 Generates 1 BatchStageArrivalEvents             from event #1474 replica_schedule 
> Debug: time=10.770149653216176 Event #1475 of type batch_stage_arrival Generates 1 ReplicaStageScheduleEvent replica_id=0 stage_id=0
> Debug: time=10.778970860569698 Generates 1 BatchStageArrivalEvents             from event #1480 replica_schedule 
> Debug: time=10.778970860569698 Event #1481 of type batch_stage_arrival Generates 1 ReplicaStageScheduleEvent replica_id=0 stage_id=0
> Debug: time=10.78779206792322 Generates 1 BatchStageArrivalEvents             from event #1486 replica_schedule 
> Debug: time=10.78779206792322 Event #1487 of type batch_stage_arrival Generates 1 ReplicaStageScheduleEvent replica_id=0 stage_id=0
> Debug: time=10.796613275276743 Generates 1 BatchStageArrivalEvents             from event #1492 replica_schedule 
> Debug: time=10.796613275276743 Event #1493 of type batch_stage_arrival Generates 1 ReplicaStageScheduleEvent replica_id=0 stage_id=0
> Debug: time=10.805434482630265 Generates 1 BatchStageArrivalEvents             from event #1498 replica_schedule 
> Debug: time=10.805434482630265 Event #1499 of type batch_stage_arrival Generates 1 ReplicaStageScheduleEvent replica_id=0 stage_id=0
> Debug: time=10.814255689983787 Generates 1 BatchStageArrivalEvents             from event #1504 replica_schedule 
> Debug: time=10.814255689983787 Event #1505 of type batch_stage_arrival Generates 1 ReplicaStageScheduleEvent replica_id=0 stage_id=0
> Debug: time=10.823076897337309 Generates 1 BatchStageArrivalEvents             from event #1510 replica_schedule 
> Debug: time=10.823076897337309 Event #1511 of type batch_stage_arrival Generates 1 ReplicaStageScheduleEvent replica_id=0 stage_id=0
> Debug: time=10.831898104690831 Generates 1 BatchStageArrivalEvents             from event #1516 replica_schedule 
> Debug: time=10.831898104690831 Event #1517 of type batch_stage_arrival Generates 1 ReplicaStageScheduleEvent replica_id=0 stage_id=0
> Debug: time=10.840719312044353 Generates 1 BatchStageArrivalEvents             from event #1522 replica_schedule 
> Debug: time=10.840719312044353 Event #1523 of type batch_stage_arrival Generates 1 ReplicaStageScheduleEvent replica_id=0 stage_id=0
> Debug: time=10.849540519397875 Generates 1 BatchStageArrivalEvents             from event #1528 replica_schedule 
> Debug: time=10.849540519397875 Event #1529 of type batch_stage_arrival Generates 1 ReplicaStageScheduleEvent replica_id=0 stage_id=0
> Debug: time=10.858361726751397 Generates 1 BatchStageArrivalEvents             from event #1534 replica_schedule 
> Debug: time=10.858361726751397 Event #1535 of type batch_stage_arrival Generates 1 ReplicaStageScheduleEvent replica_id=0 stage_id=0
> Debug: time=10.86718293410492 Generates 1 BatchStageArrivalEvents             from event #1540 replica_schedule 
> Debug: time=10.86718293410492 Event #1541 of type batch_stage_arrival Generates 1 ReplicaStageScheduleEvent replica_id=0 stage_id=0
> Debug: time=10.876004141458441 Generates 1 BatchStageArrivalEvents             from event #1546 replica_schedule 
> Debug: time=10.876004141458441 Event #1547 of type batch_stage_arrival Generates 1 ReplicaStageScheduleEvent replica_id=0 stage_id=0
> Debug: time=10.884825348811964 Generates 1 BatchStageArrivalEvents             from event #1552 replica_schedule 
> Debug: time=10.884825348811964 Event #1553 of type batch_stage_arrival Generates 1 ReplicaStageScheduleEvent replica_id=0 stage_id=0
> Debug: time=10.893646556165486 Generates 1 BatchStageArrivalEvents             from event #1558 replica_schedule 
> Debug: time=10.893646556165486 Event #1559 of type batch_stage_arrival Generates 1 ReplicaStageScheduleEvent replica_id=0 stage_id=0
> Debug: time=10.902467763519008 Generates 1 BatchStageArrivalEvents             from event #1564 replica_schedule 
> Debug: time=10.902467763519008 Event #1565 of type batch_stage_arrival Generates 1 ReplicaStageScheduleEvent replica_id=0 stage_id=0
> Debug: time=10.91128897087253 Generates 1 BatchStageArrivalEvents             from event #1570 replica_schedule 
> Debug: time=10.91128897087253 Event #1571 of type batch_stage_arrival Generates 1 ReplicaStageScheduleEvent replica_id=0 stage_id=0
> Debug: time=10.920110178226052 Generates 1 BatchStageArrivalEvents             from event #1576 replica_schedule 
> Debug: time=10.920110178226052 Event #1577 of type batch_stage_arrival Generates 1 ReplicaStageScheduleEvent replica_id=0 stage_id=0
> Debug: time=10.928931385579574 Generates 1 BatchStageArrivalEvents             from event #1582 replica_schedule 
> Debug: time=10.928931385579574 Event #1583 of type batch_stage_arrival Generates 1 ReplicaStageScheduleEvent replica_id=0 stage_id=0
> Debug: time=10.937752592933096 Generates 1 BatchStageArrivalEvents             from event #1588 replica_schedule 
> Debug: time=10.937752592933096 Event #1589 of type batch_stage_arrival Generates 1 ReplicaStageScheduleEvent replica_id=0 stage_id=0
> Debug: time=10.946573800286618 Generates 1 BatchStageArrivalEvents             from event #1594 replica_schedule 
> Debug: time=10.946573800286618 Event #1595 of type batch_stage_arrival Generates 1 ReplicaStageScheduleEvent replica_id=0 stage_id=0
> Debug: time=10.95539500764014 Generates 1 BatchStageArrivalEvents             from event #1600 replica_schedule 
> Debug: time=10.95539500764014 Event #1601 of type batch_stage_arrival Generates 1 ReplicaStageScheduleEvent replica_id=0 stage_id=0
> Debug: time=10.964216214993662 Generates 1 BatchStageArrivalEvents             from event #1606 replica_schedule 
> Debug: time=10.964216214993662 Event #1607 of type batch_stage_arrival Generates 1 ReplicaStageScheduleEvent replica_id=0 stage_id=0
> Debug: time=10.973037422347184 Generates 1 BatchStageArrivalEvents             from event #1612 replica_schedule 
> Debug: time=10.973037422347184 Event #1613 of type batch_stage_arrival Generates 1 ReplicaStageScheduleEvent replica_id=0 stage_id=0
> Debug: time=10.981858629700707 Generates 1 BatchStageArrivalEvents             from event #1618 replica_schedule 
> Debug: time=10.981858629700707 Event #1619 of type batch_stage_arrival Generates 1 ReplicaStageScheduleEvent replica_id=0 stage_id=0
> Debug: time=10.990679837054229 Generates 1 BatchStageArrivalEvents             from event #1624 replica_schedule 
> Debug: time=10.990679837054229 Event #1625 of type batch_stage_arrival Generates 1 ReplicaStageScheduleEvent replica_id=0 stage_id=0
> Debug: time=10.99950104440775 Generates 1 BatchStageArrivalEvents             from event #1630 replica_schedule 
> Debug: time=10.99950104440775 Event #1631 of type batch_stage_arrival Generates 1 ReplicaStageScheduleEvent replica_id=0 stage_id=0
> Debug: time=11.008322251761273 Generates 1 BatchStageArrivalEvents             from event #1636 replica_schedule 
> Debug: time=11.008322251761273 Event #1637 of type batch_stage_arrival Generates 1 ReplicaStageScheduleEvent replica_id=0 stage_id=0
> Debug: time=11.017143459114795 Generates 1 BatchStageArrivalEvents             from event #1642 replica_schedule 
> Debug: time=11.017143459114795 Event #1643 of type batch_stage_arrival Generates 1 ReplicaStageScheduleEvent replica_id=0 stage_id=0
> Debug: time=11.025964666468317 Generates 1 BatchStageArrivalEvents             from event #1648 replica_schedule 
> Debug: time=11.025964666468317 Event #1649 of type batch_stage_arrival Generates 1 ReplicaStageScheduleEvent replica_id=0 stage_id=0
> Debug: time=11.03478587382184 Generates 1 BatchStageArrivalEvents             from event #1654 replica_schedule 
> Debug: time=11.03478587382184 Event #1655 of type batch_stage_arrival Generates 1 ReplicaStageScheduleEvent replica_id=0 stage_id=0
> Debug: time=11.043607081175361 Generates 1 BatchStageArrivalEvents             from event #1660 replica_schedule 
> Debug: time=11.043607081175361 Event #1661 of type batch_stage_arrival Generates 1 ReplicaStageScheduleEvent replica_id=0 stage_id=0
> Debug: time=12.543713540822246 Event 6 of type request_arrival Generates 1 GlobalScheduleEvent
> Debug: time=12.543713540822246 Generates 1 ReplicaScheduleEvents                 from event #1667 global_schedule, replica_id=0
> Debug: time=12.543713540822246 Generates 1 BatchStageArrivalEvents             from event #1668 replica_schedule 
> Debug: time=12.543713540822246 Event #1669 of type batch_stage_arrival Generates 1 ReplicaStageScheduleEvent replica_id=0 stage_id=0
> Debug: time=12.568725562699576 Generates 1 BatchStageArrivalEvents             from event #1674 replica_schedule 
> Debug: time=12.568725562699576 Event #1675 of type batch_stage_arrival Generates 1 ReplicaStageScheduleEvent replica_id=0 stage_id=0
> Debug: time=12.594155123347193 Generates 1 BatchStageArrivalEvents             from event #1680 replica_schedule 
> Debug: time=12.594155123347193 Event #1681 of type batch_stage_arrival Generates 1 ReplicaStageScheduleEvent replica_id=0 stage_id=0
> Debug: time=12.620035771034809 Generates 1 BatchStageArrivalEvents             from event #1686 replica_schedule 
> Debug: time=12.620035771034809 Event #1687 of type batch_stage_arrival Generates 1 ReplicaStageScheduleEvent replica_id=0 stage_id=0
> Debug: time=12.646351275895759 Generates 1 BatchStageArrivalEvents             from event #1692 replica_schedule 
> Debug: time=12.646351275895759 Event #1693 of type batch_stage_arrival Generates 1 ReplicaStageScheduleEvent replica_id=0 stage_id=0
> Debug: time=12.673076064596708 Generates 1 BatchStageArrivalEvents             from event #1698 replica_schedule 
> Debug: time=12.673076064596708 Event #1699 of type batch_stage_arrival Generates 1 ReplicaStageScheduleEvent replica_id=0 stage_id=0
> Debug: time=12.700163801393659 Generates 1 BatchStageArrivalEvents             from event #1704 replica_schedule 
> Debug: time=12.700163801393659 Event #1705 of type batch_stage_arrival Generates 1 ReplicaStageScheduleEvent replica_id=0 stage_id=0
> Debug: time=12.708985008747181 Generates 1 BatchStageArrivalEvents             from event #1710 replica_schedule 
> Debug: time=12.708985008747181 Event #1711 of type batch_stage_arrival Generates 1 ReplicaStageScheduleEvent replica_id=0 stage_id=0
> Debug: time=12.717806216100703 Generates 1 BatchStageArrivalEvents             from event #1716 replica_schedule 
> Debug: time=12.717806216100703 Event #1717 of type batch_stage_arrival Generates 1 ReplicaStageScheduleEvent replica_id=0 stage_id=0
> Debug: time=12.726627423454225 Generates 1 BatchStageArrivalEvents             from event #1722 replica_schedule 
> Debug: time=12.726627423454225 Event #1723 of type batch_stage_arrival Generates 1 ReplicaStageScheduleEvent replica_id=0 stage_id=0
> Debug: time=12.735448630807747 Generates 1 BatchStageArrivalEvents             from event #1728 replica_schedule 
> Debug: time=12.735448630807747 Event #1729 of type batch_stage_arrival Generates 1 ReplicaStageScheduleEvent replica_id=0 stage_id=0
> Debug: time=12.74426983816127 Generates 1 BatchStageArrivalEvents             from event #1734 replica_schedule 
> Debug: time=12.74426983816127 Event #1735 of type batch_stage_arrival Generates 1 ReplicaStageScheduleEvent replica_id=0 stage_id=0
> Debug: time=12.753091045514791 Generates 1 BatchStageArrivalEvents             from event #1740 replica_schedule 
> Debug: time=12.753091045514791 Event #1741 of type batch_stage_arrival Generates 1 ReplicaStageScheduleEvent replica_id=0 stage_id=0
> Debug: time=12.761912252868314 Generates 1 BatchStageArrivalEvents             from event #1746 replica_schedule 
> Debug: time=12.761912252868314 Event #1747 of type batch_stage_arrival Generates 1 ReplicaStageScheduleEvent replica_id=0 stage_id=0
> Debug: time=12.770733460221836 Generates 1 BatchStageArrivalEvents             from event #1752 replica_schedule 
> Debug: time=12.770733460221836 Event #1753 of type batch_stage_arrival Generates 1 ReplicaStageScheduleEvent replica_id=0 stage_id=0
> Debug: time=12.779554667575358 Generates 1 BatchStageArrivalEvents             from event #1758 replica_schedule 
> Debug: time=12.779554667575358 Event #1759 of type batch_stage_arrival Generates 1 ReplicaStageScheduleEvent replica_id=0 stage_id=0
> Debug: time=12.78837587492888 Generates 1 BatchStageArrivalEvents             from event #1764 replica_schedule 
> Debug: time=12.78837587492888 Event #1765 of type batch_stage_arrival Generates 1 ReplicaStageScheduleEvent replica_id=0 stage_id=0
> Debug: time=12.797197082282402 Generates 1 BatchStageArrivalEvents             from event #1770 replica_schedule 
> Debug: time=12.797197082282402 Event #1771 of type batch_stage_arrival Generates 1 ReplicaStageScheduleEvent replica_id=0 stage_id=0
> Debug: time=12.806018289635924 Generates 1 BatchStageArrivalEvents             from event #1776 replica_schedule 
> Debug: time=12.806018289635924 Event #1777 of type batch_stage_arrival Generates 1 ReplicaStageScheduleEvent replica_id=0 stage_id=0
> Debug: time=12.814839496989446 Generates 1 BatchStageArrivalEvents             from event #1782 replica_schedule 
> Debug: time=12.814839496989446 Event #1783 of type batch_stage_arrival Generates 1 ReplicaStageScheduleEvent replica_id=0 stage_id=0
> Debug: time=12.823660704342968 Generates 1 BatchStageArrivalEvents             from event #1788 replica_schedule 
> Debug: time=12.823660704342968 Event #1789 of type batch_stage_arrival Generates 1 ReplicaStageScheduleEvent replica_id=0 stage_id=0
> Debug: time=12.83248191169649 Generates 1 BatchStageArrivalEvents             from event #1794 replica_schedule 
> Debug: time=12.83248191169649 Event #1795 of type batch_stage_arrival Generates 1 ReplicaStageScheduleEvent replica_id=0 stage_id=0
> Debug: time=12.841303119050012 Generates 1 BatchStageArrivalEvents             from event #1800 replica_schedule 
> Debug: time=12.841303119050012 Event #1801 of type batch_stage_arrival Generates 1 ReplicaStageScheduleEvent replica_id=0 stage_id=0
> Debug: time=12.850124326403535 Generates 1 BatchStageArrivalEvents             from event #1806 replica_schedule 
> Debug: time=12.850124326403535 Event #1807 of type batch_stage_arrival Generates 1 ReplicaStageScheduleEvent replica_id=0 stage_id=0
> Debug: time=12.858945533757057 Generates 1 BatchStageArrivalEvents             from event #1812 replica_schedule 
> Debug: time=12.858945533757057 Event #1813 of type batch_stage_arrival Generates 1 ReplicaStageScheduleEvent replica_id=0 stage_id=0
> Debug: time=12.867766741110579 Generates 1 BatchStageArrivalEvents             from event #1818 replica_schedule 
> Debug: time=12.867766741110579 Event #1819 of type batch_stage_arrival Generates 1 ReplicaStageScheduleEvent replica_id=0 stage_id=0
> Debug: time=12.8765879484641 Generates 1 BatchStageArrivalEvents             from event #1824 replica_schedule 
> Debug: time=12.8765879484641 Event #1825 of type batch_stage_arrival Generates 1 ReplicaStageScheduleEvent replica_id=0 stage_id=0
> Debug: time=12.885409155817623 Generates 1 BatchStageArrivalEvents             from event #1830 replica_schedule 
> Debug: time=12.885409155817623 Event #1831 of type batch_stage_arrival Generates 1 ReplicaStageScheduleEvent replica_id=0 stage_id=0
> Debug: time=12.894230363171145 Generates 1 BatchStageArrivalEvents             from event #1836 replica_schedule 
> Debug: time=12.894230363171145 Event #1837 of type batch_stage_arrival Generates 1 ReplicaStageScheduleEvent replica_id=0 stage_id=0
> Debug: time=12.903051570524667 Generates 1 BatchStageArrivalEvents             from event #1842 replica_schedule 
> Debug: time=12.903051570524667 Event #1843 of type batch_stage_arrival Generates 1 ReplicaStageScheduleEvent replica_id=0 stage_id=0
> Debug: time=12.91187277787819 Generates 1 BatchStageArrivalEvents             from event #1848 replica_schedule 
> Debug: time=12.91187277787819 Event #1849 of type batch_stage_arrival Generates 1 ReplicaStageScheduleEvent replica_id=0 stage_id=0
> Debug: time=12.920693985231711 Generates 1 BatchStageArrivalEvents             from event #1854 replica_schedule 
> Debug: time=12.920693985231711 Event #1855 of type batch_stage_arrival Generates 1 ReplicaStageScheduleEvent replica_id=0 stage_id=0
> Debug: time=12.929515192585233 Generates 1 BatchStageArrivalEvents             from event #1860 replica_schedule 
> Debug: time=12.929515192585233 Event #1861 of type batch_stage_arrival Generates 1 ReplicaStageScheduleEvent replica_id=0 stage_id=0
> Debug: time=12.938336399938756 Generates 1 BatchStageArrivalEvents             from event #1866 replica_schedule 
> Debug: time=12.938336399938756 Event #1867 of type batch_stage_arrival Generates 1 ReplicaStageScheduleEvent replica_id=0 stage_id=0
> Debug: time=12.947157607292278 Generates 1 BatchStageArrivalEvents             from event #1872 replica_schedule 
> Debug: time=12.947157607292278 Event #1873 of type batch_stage_arrival Generates 1 ReplicaStageScheduleEvent replica_id=0 stage_id=0
> Debug: time=12.9559788146458 Generates 1 BatchStageArrivalEvents             from event #1878 replica_schedule 
> Debug: time=12.9559788146458 Event #1879 of type batch_stage_arrival Generates 1 ReplicaStageScheduleEvent replica_id=0 stage_id=0
> Debug: time=12.964800021999322 Generates 1 BatchStageArrivalEvents             from event #1884 replica_schedule 
> Debug: time=12.964800021999322 Event #1885 of type batch_stage_arrival Generates 1 ReplicaStageScheduleEvent replica_id=0 stage_id=0
> Debug: time=12.973621229352844 Generates 1 BatchStageArrivalEvents             from event #1890 replica_schedule 
> Debug: time=12.973621229352844 Event #1891 of type batch_stage_arrival Generates 1 ReplicaStageScheduleEvent replica_id=0 stage_id=0
> Debug: time=12.982442436706366 Generates 1 BatchStageArrivalEvents             from event #1896 replica_schedule 
> Debug: time=12.982442436706366 Event #1897 of type batch_stage_arrival Generates 1 ReplicaStageScheduleEvent replica_id=0 stage_id=0
> Debug: time=12.991263644059888 Generates 1 BatchStageArrivalEvents             from event #1902 replica_schedule 
> Debug: time=12.991263644059888 Event #1903 of type batch_stage_arrival Generates 1 ReplicaStageScheduleEvent replica_id=0 stage_id=0
> Debug: time=13.00008485141341 Generates 1 BatchStageArrivalEvents             from event #1908 replica_schedule 
> Debug: time=13.00008485141341 Event #1909 of type batch_stage_arrival Generates 1 ReplicaStageScheduleEvent replica_id=0 stage_id=0
> Debug: time=13.008906058766932 Generates 1 BatchStageArrivalEvents             from event #1914 replica_schedule 
> Debug: time=13.008906058766932 Event #1915 of type batch_stage_arrival Generates 1 ReplicaStageScheduleEvent replica_id=0 stage_id=0
> Debug: time=13.017727266120454 Generates 1 BatchStageArrivalEvents             from event #1920 replica_schedule 
> Debug: time=13.017727266120454 Event #1921 of type batch_stage_arrival Generates 1 ReplicaStageScheduleEvent replica_id=0 stage_id=0
> Debug: time=13.026548473473976 Generates 1 BatchStageArrivalEvents             from event #1926 replica_schedule 
> Debug: time=13.026548473473976 Event #1927 of type batch_stage_arrival Generates 1 ReplicaStageScheduleEvent replica_id=0 stage_id=0
> Debug: time=13.035369680827499 Generates 1 BatchStageArrivalEvents             from event #1932 replica_schedule 
> Debug: time=13.035369680827499 Event #1933 of type batch_stage_arrival Generates 1 ReplicaStageScheduleEvent replica_id=0 stage_id=0
> Debug: time=13.04419088818102 Generates 1 BatchStageArrivalEvents             from event #1938 replica_schedule 
> Debug: time=13.04419088818102 Event #1939 of type batch_stage_arrival Generates 1 ReplicaStageScheduleEvent replica_id=0 stage_id=0
> Debug: time=13.053012095534543 Generates 1 BatchStageArrivalEvents             from event #1944 replica_schedule 
> Debug: time=13.053012095534543 Event #1945 of type batch_stage_arrival Generates 1 ReplicaStageScheduleEvent replica_id=0 stage_id=0
> Debug: time=13.061833302888065 Generates 1 BatchStageArrivalEvents             from event #1950 replica_schedule 
> Debug: time=13.061833302888065 Event #1951 of type batch_stage_arrival Generates 1 ReplicaStageScheduleEvent replica_id=0 stage_id=0
> Debug: time=13.070654510241587 Generates 1 BatchStageArrivalEvents             from event #1956 replica_schedule 
> Debug: time=13.070654510241587 Event #1957 of type batch_stage_arrival Generates 1 ReplicaStageScheduleEvent replica_id=0 stage_id=0
> Debug: time=13.079475717595109 Generates 1 BatchStageArrivalEvents             from event #1962 replica_schedule 
> Debug: time=13.079475717595109 Event #1963 of type batch_stage_arrival Generates 1 ReplicaStageScheduleEvent replica_id=0 stage_id=0
> Debug: time=13.088296924948631 Generates 1 BatchStageArrivalEvents             from event #1968 replica_schedule 
> Debug: time=13.088296924948631 Event #1969 of type batch_stage_arrival Generates 1 ReplicaStageScheduleEvent replica_id=0 stage_id=0
> Debug: time=13.097118132302153 Generates 1 BatchStageArrivalEvents             from event #1974 replica_schedule 
> Debug: time=13.097118132302153 Event #1975 of type batch_stage_arrival Generates 1 ReplicaStageScheduleEvent replica_id=0 stage_id=0
> Debug: time=13.105939339655675 Generates 1 BatchStageArrivalEvents             from event #1980 replica_schedule 
> Debug: time=13.105939339655675 Event #1981 of type batch_stage_arrival Generates 1 ReplicaStageScheduleEvent replica_id=0 stage_id=0
> Debug: time=13.114760547009197 Generates 1 BatchStageArrivalEvents             from event #1986 replica_schedule 
> Debug: time=13.114760547009197 Event #1987 of type batch_stage_arrival Generates 1 ReplicaStageScheduleEvent replica_id=0 stage_id=0
> Debug: time=13.12358175436272 Generates 1 BatchStageArrivalEvents             from event #1992 replica_schedule 
> Debug: time=13.12358175436272 Event #1993 of type batch_stage_arrival Generates 1 ReplicaStageScheduleEvent replica_id=0 stage_id=0
INFO 09-15 01:36:56 simulator.py:110] Simulation ended at: 13.132402961716242s
INFO 09-15 01:36:56 simulator.py:121] Writing output
/home/turbo_ops/miniconda3/envs/sarathi/lib/python3.10/site-packages/numpy/lib/_function_base_impl.py:4653: RuntimeWarning: invalid value encountered in subtract
  diff_b_a = subtract(b, a)
/home/turbo_ops/miniconda3/envs/sarathi/lib/python3.10/site-packages/numpy/lib/_function_base_impl.py:4653: RuntimeWarning: invalid value encountered in subtract
  diff_b_a = subtract(b, a)
/home/turbo_ops/miniconda3/envs/sarathi/lib/python3.10/site-packages/numpy/lib/_function_base_impl.py:4653: RuntimeWarning: invalid value encountered in subtract
  diff_b_a = subtract(b, a)
/home/turbo_ops/miniconda3/envs/sarathi/lib/python3.10/site-packages/numpy/lib/_function_base_impl.py:4653: RuntimeWarning: invalid value encountered in subtract
  diff_b_a = subtract(b, a)
/home/turbo_ops/miniconda3/envs/sarathi/lib/python3.10/site-packages/numpy/lib/_function_base_impl.py:4653: RuntimeWarning: invalid value encountered in subtract
  diff_b_a = subtract(b, a)
/home/turbo_ops/miniconda3/envs/sarathi/lib/python3.10/site-packages/numpy/lib/_function_base_impl.py:4653: RuntimeWarning: invalid value encountered in subtract
  diff_b_a = subtract(b, a)
/home/turbo_ops/miniconda3/envs/sarathi/lib/python3.10/site-packages/numpy/lib/_function_base_impl.py:4653: RuntimeWarning: invalid value encountered in subtract
  diff_b_a = subtract(b, a)
/home/turbo_ops/miniconda3/envs/sarathi/lib/python3.10/site-packages/numpy/lib/_function_base_impl.py:4653: RuntimeWarning: invalid value encountered in subtract
  diff_b_a = subtract(b, a)
/home/turbo_ops/miniconda3/envs/sarathi/lib/python3.10/site-packages/numpy/lib/_function_base_impl.py:4653: RuntimeWarning: invalid value encountered in subtract
  diff_b_a = subtract(b, a)
INFO 09-15 01:36:56 simulator.py:124] Metrics written
tp=1 p=3072 rc=0
