INFO 09-15 01:00:07 sklearn_execution_time_predictor.py:241] Attention data filtering: original 43888 rows, filtered 10972 rows. Model config: n_embd=4096, n_q_head=32, n_kv_head=32, block_size=16, tp_workers=2
INFO 09-15 01:00:07 sklearn_execution_time_predictor.py:241] Attention data filtering: original 43888 rows, filtered 10972 rows. Model config: n_embd=4096, n_q_head=32, n_kv_head=32, block_size=16, tp_workers=2
INFO 09-15 01:00:07 simulator.py:68] Starting simulation with cluster: Cluster({'id': 0, 'num_replicas': 1}) and 1 requests
> Debug: time=0.01020060287274801 Event 1 of type request_arrival Generates 1 GlobalScheduleEvent
> Debug: time=0.01020060287274801 Generates 1 ReplicaScheduleEvents                 from event #2 global_schedule, replica_id=0
> Debug: time=0.01020060287274801 Generates 1 BatchStageArrivalEvents             from event #3 replica_schedule 
> Debug: time=0.01020060287274801 Event #4 of type batch_stage_arrival Generates 1 ReplicaStageScheduleEvent replica_id=0 stage_id=0
> Debug: time=0.03121042936669606 Generates 1 BatchStageArrivalEvents             from event #9 replica_schedule 
> Debug: time=0.03121042936669606 Event #10 of type batch_stage_arrival Generates 1 ReplicaStageScheduleEvent replica_id=0 stage_id=0
> Debug: time=0.052455857431386976 Generates 1 BatchStageArrivalEvents             from event #15 replica_schedule 
> Debug: time=0.052455857431386976 Event #16 of type batch_stage_arrival Generates 1 ReplicaStageScheduleEvent replica_id=0 stage_id=0
> Debug: time=0.07397261400807789 Generates 1 BatchStageArrivalEvents             from event #21 replica_schedule 
> Debug: time=0.07397261400807789 Event #22 of type batch_stage_arrival Generates 1 ReplicaStageScheduleEvent replica_id=0 stage_id=0
> Debug: time=0.0957178741367688 Generates 1 BatchStageArrivalEvents             from event #27 replica_schedule 
> Debug: time=0.0957178741367688 Event #28 of type batch_stage_arrival Generates 1 ReplicaStageScheduleEvent replica_id=0 stage_id=0
> Debug: time=0.10461669489441815 Generates 1 BatchStageArrivalEvents             from event #33 replica_schedule 
> Debug: time=0.10461669489441815 Event #34 of type batch_stage_arrival Generates 1 ReplicaStageScheduleEvent replica_id=0 stage_id=0
> Debug: time=0.1135155156520675 Generates 1 BatchStageArrivalEvents             from event #39 replica_schedule 
> Debug: time=0.1135155156520675 Event #40 of type batch_stage_arrival Generates 1 ReplicaStageScheduleEvent replica_id=0 stage_id=0
> Debug: time=0.12241433640971684 Generates 1 BatchStageArrivalEvents             from event #45 replica_schedule 
> Debug: time=0.12241433640971684 Event #46 of type batch_stage_arrival Generates 1 ReplicaStageScheduleEvent replica_id=0 stage_id=0
> Debug: time=0.1313131571673662 Generates 1 BatchStageArrivalEvents             from event #51 replica_schedule 
> Debug: time=0.1313131571673662 Event #52 of type batch_stage_arrival Generates 1 ReplicaStageScheduleEvent replica_id=0 stage_id=0
> Debug: time=0.14021197792501555 Generates 1 BatchStageArrivalEvents             from event #57 replica_schedule 
> Debug: time=0.14021197792501555 Event #58 of type batch_stage_arrival Generates 1 ReplicaStageScheduleEvent replica_id=0 stage_id=0
> Debug: time=0.1491107986826649 Generates 1 BatchStageArrivalEvents             from event #63 replica_schedule 
> Debug: time=0.1491107986826649 Event #64 of type batch_stage_arrival Generates 1 ReplicaStageScheduleEvent replica_id=0 stage_id=0
> Debug: time=0.15800961944031428 Generates 1 BatchStageArrivalEvents             from event #69 replica_schedule 
> Debug: time=0.15800961944031428 Event #70 of type batch_stage_arrival Generates 1 ReplicaStageScheduleEvent replica_id=0 stage_id=0
> Debug: time=0.16690844019796364 Generates 1 BatchStageArrivalEvents             from event #75 replica_schedule 
> Debug: time=0.16690844019796364 Event #76 of type batch_stage_arrival Generates 1 ReplicaStageScheduleEvent replica_id=0 stage_id=0
> Debug: time=0.175807260955613 Generates 1 BatchStageArrivalEvents             from event #81 replica_schedule 
> Debug: time=0.175807260955613 Event #82 of type batch_stage_arrival Generates 1 ReplicaStageScheduleEvent replica_id=0 stage_id=0
> Debug: time=0.18470608171326236 Generates 1 BatchStageArrivalEvents             from event #87 replica_schedule 
> Debug: time=0.18470608171326236 Event #88 of type batch_stage_arrival Generates 1 ReplicaStageScheduleEvent replica_id=0 stage_id=0
> Debug: time=0.19360490247091172 Generates 1 BatchStageArrivalEvents             from event #93 replica_schedule 
> Debug: time=0.19360490247091172 Event #94 of type batch_stage_arrival Generates 1 ReplicaStageScheduleEvent replica_id=0 stage_id=0
> Debug: time=0.20250372322856108 Generates 1 BatchStageArrivalEvents             from event #99 replica_schedule 
> Debug: time=0.20250372322856108 Event #100 of type batch_stage_arrival Generates 1 ReplicaStageScheduleEvent replica_id=0 stage_id=0
> Debug: time=0.21140254398621044 Generates 1 BatchStageArrivalEvents             from event #105 replica_schedule 
> Debug: time=0.21140254398621044 Event #106 of type batch_stage_arrival Generates 1 ReplicaStageScheduleEvent replica_id=0 stage_id=0
> Debug: time=0.2203013647438598 Generates 1 BatchStageArrivalEvents             from event #111 replica_schedule 
> Debug: time=0.2203013647438598 Event #112 of type batch_stage_arrival Generates 1 ReplicaStageScheduleEvent replica_id=0 stage_id=0
> Debug: time=0.22920018550150917 Generates 1 BatchStageArrivalEvents             from event #117 replica_schedule 
> Debug: time=0.22920018550150917 Event #118 of type batch_stage_arrival Generates 1 ReplicaStageScheduleEvent replica_id=0 stage_id=0
> Debug: time=0.23809900625915853 Generates 1 BatchStageArrivalEvents             from event #123 replica_schedule 
> Debug: time=0.23809900625915853 Event #124 of type batch_stage_arrival Generates 1 ReplicaStageScheduleEvent replica_id=0 stage_id=0
> Debug: time=0.2469978270168079 Generates 1 BatchStageArrivalEvents             from event #129 replica_schedule 
> Debug: time=0.2469978270168079 Event #130 of type batch_stage_arrival Generates 1 ReplicaStageScheduleEvent replica_id=0 stage_id=0
> Debug: time=0.25589664777445725 Generates 1 BatchStageArrivalEvents             from event #135 replica_schedule 
> Debug: time=0.25589664777445725 Event #136 of type batch_stage_arrival Generates 1 ReplicaStageScheduleEvent replica_id=0 stage_id=0
> Debug: time=0.2647954685321066 Generates 1 BatchStageArrivalEvents             from event #141 replica_schedule 
> Debug: time=0.2647954685321066 Event #142 of type batch_stage_arrival Generates 1 ReplicaStageScheduleEvent replica_id=0 stage_id=0
> Debug: time=0.273694289289756 Generates 1 BatchStageArrivalEvents             from event #147 replica_schedule 
> Debug: time=0.273694289289756 Event #148 of type batch_stage_arrival Generates 1 ReplicaStageScheduleEvent replica_id=0 stage_id=0
> Debug: time=0.28259311004740534 Generates 1 BatchStageArrivalEvents             from event #153 replica_schedule 
> Debug: time=0.28259311004740534 Event #154 of type batch_stage_arrival Generates 1 ReplicaStageScheduleEvent replica_id=0 stage_id=0
> Debug: time=0.2914919308050547 Generates 1 BatchStageArrivalEvents             from event #159 replica_schedule 
> Debug: time=0.2914919308050547 Event #160 of type batch_stage_arrival Generates 1 ReplicaStageScheduleEvent replica_id=0 stage_id=0
> Debug: time=0.30039075156270406 Generates 1 BatchStageArrivalEvents             from event #165 replica_schedule 
> Debug: time=0.30039075156270406 Event #166 of type batch_stage_arrival Generates 1 ReplicaStageScheduleEvent replica_id=0 stage_id=0
> Debug: time=0.3092895723203534 Generates 1 BatchStageArrivalEvents             from event #171 replica_schedule 
> Debug: time=0.3092895723203534 Event #172 of type batch_stage_arrival Generates 1 ReplicaStageScheduleEvent replica_id=0 stage_id=0
> Debug: time=0.3181883930780028 Generates 1 BatchStageArrivalEvents             from event #177 replica_schedule 
> Debug: time=0.3181883930780028 Event #178 of type batch_stage_arrival Generates 1 ReplicaStageScheduleEvent replica_id=0 stage_id=0
> Debug: time=0.32708721383565215 Generates 1 BatchStageArrivalEvents             from event #183 replica_schedule 
> Debug: time=0.32708721383565215 Event #184 of type batch_stage_arrival Generates 1 ReplicaStageScheduleEvent replica_id=0 stage_id=0
> Debug: time=0.3359860345933015 Generates 1 BatchStageArrivalEvents             from event #189 replica_schedule 
> Debug: time=0.3359860345933015 Event #190 of type batch_stage_arrival Generates 1 ReplicaStageScheduleEvent replica_id=0 stage_id=0
> Debug: time=0.34488485535095087 Generates 1 BatchStageArrivalEvents             from event #195 replica_schedule 
> Debug: time=0.34488485535095087 Event #196 of type batch_stage_arrival Generates 1 ReplicaStageScheduleEvent replica_id=0 stage_id=0
> Debug: time=0.35378367610860023 Generates 1 BatchStageArrivalEvents             from event #201 replica_schedule 
> Debug: time=0.35378367610860023 Event #202 of type batch_stage_arrival Generates 1 ReplicaStageScheduleEvent replica_id=0 stage_id=0
> Debug: time=0.3626824968662496 Generates 1 BatchStageArrivalEvents             from event #207 replica_schedule 
> Debug: time=0.3626824968662496 Event #208 of type batch_stage_arrival Generates 1 ReplicaStageScheduleEvent replica_id=0 stage_id=0
> Debug: time=0.37158131762389895 Generates 1 BatchStageArrivalEvents             from event #213 replica_schedule 
> Debug: time=0.37158131762389895 Event #214 of type batch_stage_arrival Generates 1 ReplicaStageScheduleEvent replica_id=0 stage_id=0
> Debug: time=0.3804801383815483 Generates 1 BatchStageArrivalEvents             from event #219 replica_schedule 
> Debug: time=0.3804801383815483 Event #220 of type batch_stage_arrival Generates 1 ReplicaStageScheduleEvent replica_id=0 stage_id=0
> Debug: time=0.3893789591391977 Generates 1 BatchStageArrivalEvents             from event #225 replica_schedule 
> Debug: time=0.3893789591391977 Event #226 of type batch_stage_arrival Generates 1 ReplicaStageScheduleEvent replica_id=0 stage_id=0
> Debug: time=0.39827777989684704 Generates 1 BatchStageArrivalEvents             from event #231 replica_schedule 
> Debug: time=0.39827777989684704 Event #232 of type batch_stage_arrival Generates 1 ReplicaStageScheduleEvent replica_id=0 stage_id=0
> Debug: time=0.4071766006544964 Generates 1 BatchStageArrivalEvents             from event #237 replica_schedule 
> Debug: time=0.4071766006544964 Event #238 of type batch_stage_arrival Generates 1 ReplicaStageScheduleEvent replica_id=0 stage_id=0
> Debug: time=0.41607542141214576 Generates 1 BatchStageArrivalEvents             from event #243 replica_schedule 
> Debug: time=0.41607542141214576 Event #244 of type batch_stage_arrival Generates 1 ReplicaStageScheduleEvent replica_id=0 stage_id=0
> Debug: time=0.4249742421697951 Generates 1 BatchStageArrivalEvents             from event #249 replica_schedule 
> Debug: time=0.4249742421697951 Event #250 of type batch_stage_arrival Generates 1 ReplicaStageScheduleEvent replica_id=0 stage_id=0
> Debug: time=0.4338730629274445 Generates 1 BatchStageArrivalEvents             from event #255 replica_schedule 
> Debug: time=0.4338730629274445 Event #256 of type batch_stage_arrival Generates 1 ReplicaStageScheduleEvent replica_id=0 stage_id=0
> Debug: time=0.44277188368509385 Generates 1 BatchStageArrivalEvents             from event #261 replica_schedule 
> Debug: time=0.44277188368509385 Event #262 of type batch_stage_arrival Generates 1 ReplicaStageScheduleEvent replica_id=0 stage_id=0
> Debug: time=0.4516707044427432 Generates 1 BatchStageArrivalEvents             from event #267 replica_schedule 
> Debug: time=0.4516707044427432 Event #268 of type batch_stage_arrival Generates 1 ReplicaStageScheduleEvent replica_id=0 stage_id=0
> Debug: time=0.46056952520039257 Generates 1 BatchStageArrivalEvents             from event #273 replica_schedule 
> Debug: time=0.46056952520039257 Event #274 of type batch_stage_arrival Generates 1 ReplicaStageScheduleEvent replica_id=0 stage_id=0
> Debug: time=0.46946834595804193 Generates 1 BatchStageArrivalEvents             from event #279 replica_schedule 
> Debug: time=0.46946834595804193 Event #280 of type batch_stage_arrival Generates 1 ReplicaStageScheduleEvent replica_id=0 stage_id=0
> Debug: time=0.4783671667156913 Generates 1 BatchStageArrivalEvents             from event #285 replica_schedule 
> Debug: time=0.4783671667156913 Event #286 of type batch_stage_arrival Generates 1 ReplicaStageScheduleEvent replica_id=0 stage_id=0
> Debug: time=0.48726598747334066 Generates 1 BatchStageArrivalEvents             from event #291 replica_schedule 
> Debug: time=0.48726598747334066 Event #292 of type batch_stage_arrival Generates 1 ReplicaStageScheduleEvent replica_id=0 stage_id=0
> Debug: time=0.49616480823099 Generates 1 BatchStageArrivalEvents             from event #297 replica_schedule 
> Debug: time=0.49616480823099 Event #298 of type batch_stage_arrival Generates 1 ReplicaStageScheduleEvent replica_id=0 stage_id=0
> Debug: time=0.5050636289886393 Generates 1 BatchStageArrivalEvents             from event #303 replica_schedule 
> Debug: time=0.5050636289886393 Event #304 of type batch_stage_arrival Generates 1 ReplicaStageScheduleEvent replica_id=0 stage_id=0
> Debug: time=0.5139624497462887 Generates 1 BatchStageArrivalEvents             from event #309 replica_schedule 
> Debug: time=0.5139624497462887 Event #310 of type batch_stage_arrival Generates 1 ReplicaStageScheduleEvent replica_id=0 stage_id=0
> Debug: time=0.522861270503938 Generates 1 BatchStageArrivalEvents             from event #315 replica_schedule 
> Debug: time=0.522861270503938 Event #316 of type batch_stage_arrival Generates 1 ReplicaStageScheduleEvent replica_id=0 stage_id=0
INFO 09-15 01:00:07 simulator.py:110] Simulation ended at: 0.5317600912615874s
INFO 09-15 01:00:07 simulator.py:121] Writing output
/home/turbo_ops/miniconda3/envs/sarathi/lib/python3.10/site-packages/numpy/lib/_function_base_impl.py:4653: RuntimeWarning: invalid value encountered in subtract
  diff_b_a = subtract(b, a)
/home/turbo_ops/miniconda3/envs/sarathi/lib/python3.10/site-packages/numpy/lib/_function_base_impl.py:4653: RuntimeWarning: invalid value encountered in subtract
  diff_b_a = subtract(b, a)
/home/turbo_ops/miniconda3/envs/sarathi/lib/python3.10/site-packages/numpy/lib/_function_base_impl.py:4653: RuntimeWarning: invalid value encountered in subtract
  diff_b_a = subtract(b, a)
/home/turbo_ops/miniconda3/envs/sarathi/lib/python3.10/site-packages/numpy/lib/_function_base_impl.py:4653: RuntimeWarning: invalid value encountered in subtract
  diff_b_a = subtract(b, a)
/home/turbo_ops/miniconda3/envs/sarathi/lib/python3.10/site-packages/numpy/lib/_function_base_impl.py:4653: RuntimeWarning: invalid value encountered in subtract
  diff_b_a = subtract(b, a)
/home/turbo_ops/miniconda3/envs/sarathi/lib/python3.10/site-packages/numpy/lib/_function_base_impl.py:4653: RuntimeWarning: invalid value encountered in subtract
  diff_b_a = subtract(b, a)
/home/turbo_ops/miniconda3/envs/sarathi/lib/python3.10/site-packages/numpy/lib/_function_base_impl.py:4653: RuntimeWarning: invalid value encountered in subtract
  diff_b_a = subtract(b, a)
/home/turbo_ops/miniconda3/envs/sarathi/lib/python3.10/site-packages/numpy/lib/_function_base_impl.py:4653: RuntimeWarning: invalid value encountered in subtract
  diff_b_a = subtract(b, a)
/home/turbo_ops/miniconda3/envs/sarathi/lib/python3.10/site-packages/numpy/lib/_function_base_impl.py:4653: RuntimeWarning: invalid value encountered in subtract
  diff_b_a = subtract(b, a)
INFO 09-15 01:00:07 simulator.py:124] Metrics written
tp=2 p=2048 rc=0
