INFO 09-15 00:48:08 sklearn_execution_time_predictor.py:241] Attention data filtering: original 43888 rows, filtered 10972 rows. Model config: n_embd=4096, n_q_head=32, n_kv_head=32, block_size=16, tp_workers=1
INFO 09-15 00:48:08 sklearn_execution_time_predictor.py:241] Attention data filtering: original 43888 rows, filtered 10972 rows. Model config: n_embd=4096, n_q_head=32, n_kv_head=32, block_size=16, tp_workers=1
INFO 09-15 00:48:09 simulator.py:68] Starting simulation with cluster: Cluster({'id': 0, 'num_replicas': 1}) and 1 requests
> Debug: time=0.01020060287274801 Event 1 of type request_arrival Generates 1 GlobalScheduleEvent
> Debug: time=0.01020060287274801 Generates 1 ReplicaScheduleEvents                 from event #2 global_schedule, replica_id=0
> Debug: time=0.01020060287274801 Generates 1 BatchStageArrivalEvents             from event #3 replica_schedule 
> Debug: time=0.01020060287274801 Event #4 of type batch_stage_arrival Generates 1 ReplicaStageScheduleEvent replica_id=0 stage_id=0
> Debug: time=0.03269740164689377 Generates 1 BatchStageArrivalEvents             from event #9 replica_schedule 
> Debug: time=0.03269740164689377 Event #10 of type batch_stage_arrival Generates 1 ReplicaStageScheduleEvent replica_id=0 stage_id=0
> Debug: time=0.055611739191325255 Generates 1 BatchStageArrivalEvents             from event #15 replica_schedule 
> Debug: time=0.055611739191325255 Event #16 of type batch_stage_arrival Generates 1 ReplicaStageScheduleEvent replica_id=0 stage_id=0
> Debug: time=0.0615525132101956 Generates 1 BatchStageArrivalEvents             from event #21 replica_schedule 
> Debug: time=0.0615525132101956 Event #22 of type batch_stage_arrival Generates 1 ReplicaStageScheduleEvent replica_id=0 stage_id=0
> Debug: time=0.06749328722906595 Generates 1 BatchStageArrivalEvents             from event #27 replica_schedule 
> Debug: time=0.06749328722906595 Event #28 of type batch_stage_arrival Generates 1 ReplicaStageScheduleEvent replica_id=0 stage_id=0
> Debug: time=0.07343406124793629 Generates 1 BatchStageArrivalEvents             from event #33 replica_schedule 
> Debug: time=0.07343406124793629 Event #34 of type batch_stage_arrival Generates 1 ReplicaStageScheduleEvent replica_id=0 stage_id=0
> Debug: time=0.07937483526680664 Generates 1 BatchStageArrivalEvents             from event #39 replica_schedule 
> Debug: time=0.07937483526680664 Event #40 of type batch_stage_arrival Generates 1 ReplicaStageScheduleEvent replica_id=0 stage_id=0
> Debug: time=0.08531560928567698 Generates 1 BatchStageArrivalEvents             from event #45 replica_schedule 
> Debug: time=0.08531560928567698 Event #46 of type batch_stage_arrival Generates 1 ReplicaStageScheduleEvent replica_id=0 stage_id=0
> Debug: time=0.09125638330454733 Generates 1 BatchStageArrivalEvents             from event #51 replica_schedule 
> Debug: time=0.09125638330454733 Event #52 of type batch_stage_arrival Generates 1 ReplicaStageScheduleEvent replica_id=0 stage_id=0
> Debug: time=0.09719715732341767 Generates 1 BatchStageArrivalEvents             from event #57 replica_schedule 
> Debug: time=0.09719715732341767 Event #58 of type batch_stage_arrival Generates 1 ReplicaStageScheduleEvent replica_id=0 stage_id=0
> Debug: time=0.10313793134228802 Generates 1 BatchStageArrivalEvents             from event #63 replica_schedule 
> Debug: time=0.10313793134228802 Event #64 of type batch_stage_arrival Generates 1 ReplicaStageScheduleEvent replica_id=0 stage_id=0
> Debug: time=0.10907870536115837 Generates 1 BatchStageArrivalEvents             from event #69 replica_schedule 
> Debug: time=0.10907870536115837 Event #70 of type batch_stage_arrival Generates 1 ReplicaStageScheduleEvent replica_id=0 stage_id=0
> Debug: time=0.11501947938002871 Generates 1 BatchStageArrivalEvents             from event #75 replica_schedule 
> Debug: time=0.11501947938002871 Event #76 of type batch_stage_arrival Generates 1 ReplicaStageScheduleEvent replica_id=0 stage_id=0
> Debug: time=0.12096025339889906 Generates 1 BatchStageArrivalEvents             from event #81 replica_schedule 
> Debug: time=0.12096025339889906 Event #82 of type batch_stage_arrival Generates 1 ReplicaStageScheduleEvent replica_id=0 stage_id=0
> Debug: time=0.1269010274177694 Generates 1 BatchStageArrivalEvents             from event #87 replica_schedule 
> Debug: time=0.1269010274177694 Event #88 of type batch_stage_arrival Generates 1 ReplicaStageScheduleEvent replica_id=0 stage_id=0
> Debug: time=0.13284180143663973 Generates 1 BatchStageArrivalEvents             from event #93 replica_schedule 
> Debug: time=0.13284180143663973 Event #94 of type batch_stage_arrival Generates 1 ReplicaStageScheduleEvent replica_id=0 stage_id=0
> Debug: time=0.13878257545551007 Generates 1 BatchStageArrivalEvents             from event #99 replica_schedule 
> Debug: time=0.13878257545551007 Event #100 of type batch_stage_arrival Generates 1 ReplicaStageScheduleEvent replica_id=0 stage_id=0
> Debug: time=0.1447233494743804 Generates 1 BatchStageArrivalEvents             from event #105 replica_schedule 
> Debug: time=0.1447233494743804 Event #106 of type batch_stage_arrival Generates 1 ReplicaStageScheduleEvent replica_id=0 stage_id=0
> Debug: time=0.15066412349325073 Generates 1 BatchStageArrivalEvents             from event #111 replica_schedule 
> Debug: time=0.15066412349325073 Event #112 of type batch_stage_arrival Generates 1 ReplicaStageScheduleEvent replica_id=0 stage_id=0
> Debug: time=0.15660489751212106 Generates 1 BatchStageArrivalEvents             from event #117 replica_schedule 
> Debug: time=0.15660489751212106 Event #118 of type batch_stage_arrival Generates 1 ReplicaStageScheduleEvent replica_id=0 stage_id=0
> Debug: time=0.1625456715309914 Generates 1 BatchStageArrivalEvents             from event #123 replica_schedule 
> Debug: time=0.1625456715309914 Event #124 of type batch_stage_arrival Generates 1 ReplicaStageScheduleEvent replica_id=0 stage_id=0
> Debug: time=0.16848644554986172 Generates 1 BatchStageArrivalEvents             from event #129 replica_schedule 
> Debug: time=0.16848644554986172 Event #130 of type batch_stage_arrival Generates 1 ReplicaStageScheduleEvent replica_id=0 stage_id=0
> Debug: time=0.17442721956873206 Generates 1 BatchStageArrivalEvents             from event #135 replica_schedule 
> Debug: time=0.17442721956873206 Event #136 of type batch_stage_arrival Generates 1 ReplicaStageScheduleEvent replica_id=0 stage_id=0
> Debug: time=0.1803679935876024 Generates 1 BatchStageArrivalEvents             from event #141 replica_schedule 
> Debug: time=0.1803679935876024 Event #142 of type batch_stage_arrival Generates 1 ReplicaStageScheduleEvent replica_id=0 stage_id=0
> Debug: time=0.18630876760647272 Generates 1 BatchStageArrivalEvents             from event #147 replica_schedule 
> Debug: time=0.18630876760647272 Event #148 of type batch_stage_arrival Generates 1 ReplicaStageScheduleEvent replica_id=0 stage_id=0
> Debug: time=0.19224954162534305 Generates 1 BatchStageArrivalEvents             from event #153 replica_schedule 
> Debug: time=0.19224954162534305 Event #154 of type batch_stage_arrival Generates 1 ReplicaStageScheduleEvent replica_id=0 stage_id=0
> Debug: time=0.19819031564421338 Generates 1 BatchStageArrivalEvents             from event #159 replica_schedule 
> Debug: time=0.19819031564421338 Event #160 of type batch_stage_arrival Generates 1 ReplicaStageScheduleEvent replica_id=0 stage_id=0
> Debug: time=0.20413108966308371 Generates 1 BatchStageArrivalEvents             from event #165 replica_schedule 
> Debug: time=0.20413108966308371 Event #166 of type batch_stage_arrival Generates 1 ReplicaStageScheduleEvent replica_id=0 stage_id=0
> Debug: time=0.21007186368195405 Generates 1 BatchStageArrivalEvents             from event #171 replica_schedule 
> Debug: time=0.21007186368195405 Event #172 of type batch_stage_arrival Generates 1 ReplicaStageScheduleEvent replica_id=0 stage_id=0
> Debug: time=0.21601263770082438 Generates 1 BatchStageArrivalEvents             from event #177 replica_schedule 
> Debug: time=0.21601263770082438 Event #178 of type batch_stage_arrival Generates 1 ReplicaStageScheduleEvent replica_id=0 stage_id=0
> Debug: time=0.2219534117196947 Generates 1 BatchStageArrivalEvents             from event #183 replica_schedule 
> Debug: time=0.2219534117196947 Event #184 of type batch_stage_arrival Generates 1 ReplicaStageScheduleEvent replica_id=0 stage_id=0
> Debug: time=0.22789418573856504 Generates 1 BatchStageArrivalEvents             from event #189 replica_schedule 
> Debug: time=0.22789418573856504 Event #190 of type batch_stage_arrival Generates 1 ReplicaStageScheduleEvent replica_id=0 stage_id=0
> Debug: time=0.23383495975743537 Generates 1 BatchStageArrivalEvents             from event #195 replica_schedule 
> Debug: time=0.23383495975743537 Event #196 of type batch_stage_arrival Generates 1 ReplicaStageScheduleEvent replica_id=0 stage_id=0
> Debug: time=0.2397757337763057 Generates 1 BatchStageArrivalEvents             from event #201 replica_schedule 
> Debug: time=0.2397757337763057 Event #202 of type batch_stage_arrival Generates 1 ReplicaStageScheduleEvent replica_id=0 stage_id=0
> Debug: time=0.24571650779517604 Generates 1 BatchStageArrivalEvents             from event #207 replica_schedule 
> Debug: time=0.24571650779517604 Event #208 of type batch_stage_arrival Generates 1 ReplicaStageScheduleEvent replica_id=0 stage_id=0
> Debug: time=0.2516572818140464 Generates 1 BatchStageArrivalEvents             from event #213 replica_schedule 
> Debug: time=0.2516572818140464 Event #214 of type batch_stage_arrival Generates 1 ReplicaStageScheduleEvent replica_id=0 stage_id=0
> Debug: time=0.25759805583291673 Generates 1 BatchStageArrivalEvents             from event #219 replica_schedule 
> Debug: time=0.25759805583291673 Event #220 of type batch_stage_arrival Generates 1 ReplicaStageScheduleEvent replica_id=0 stage_id=0
> Debug: time=0.26353882985178706 Generates 1 BatchStageArrivalEvents             from event #225 replica_schedule 
> Debug: time=0.26353882985178706 Event #226 of type batch_stage_arrival Generates 1 ReplicaStageScheduleEvent replica_id=0 stage_id=0
> Debug: time=0.2694796038706574 Generates 1 BatchStageArrivalEvents             from event #231 replica_schedule 
> Debug: time=0.2694796038706574 Event #232 of type batch_stage_arrival Generates 1 ReplicaStageScheduleEvent replica_id=0 stage_id=0
> Debug: time=0.2754203778895277 Generates 1 BatchStageArrivalEvents             from event #237 replica_schedule 
> Debug: time=0.2754203778895277 Event #238 of type batch_stage_arrival Generates 1 ReplicaStageScheduleEvent replica_id=0 stage_id=0
> Debug: time=0.28136115190839805 Generates 1 BatchStageArrivalEvents             from event #243 replica_schedule 
> Debug: time=0.28136115190839805 Event #244 of type batch_stage_arrival Generates 1 ReplicaStageScheduleEvent replica_id=0 stage_id=0
> Debug: time=0.2873019259272684 Generates 1 BatchStageArrivalEvents             from event #249 replica_schedule 
> Debug: time=0.2873019259272684 Event #250 of type batch_stage_arrival Generates 1 ReplicaStageScheduleEvent replica_id=0 stage_id=0
> Debug: time=0.2932426999461387 Generates 1 BatchStageArrivalEvents             from event #255 replica_schedule 
> Debug: time=0.2932426999461387 Event #256 of type batch_stage_arrival Generates 1 ReplicaStageScheduleEvent replica_id=0 stage_id=0
> Debug: time=0.29918347396500905 Generates 1 BatchStageArrivalEvents             from event #261 replica_schedule 
> Debug: time=0.29918347396500905 Event #262 of type batch_stage_arrival Generates 1 ReplicaStageScheduleEvent replica_id=0 stage_id=0
> Debug: time=0.3051242479838794 Generates 1 BatchStageArrivalEvents             from event #267 replica_schedule 
> Debug: time=0.3051242479838794 Event #268 of type batch_stage_arrival Generates 1 ReplicaStageScheduleEvent replica_id=0 stage_id=0
> Debug: time=0.3110650220027497 Generates 1 BatchStageArrivalEvents             from event #273 replica_schedule 
> Debug: time=0.3110650220027497 Event #274 of type batch_stage_arrival Generates 1 ReplicaStageScheduleEvent replica_id=0 stage_id=0
> Debug: time=0.31700579602162005 Generates 1 BatchStageArrivalEvents             from event #279 replica_schedule 
> Debug: time=0.31700579602162005 Event #280 of type batch_stage_arrival Generates 1 ReplicaStageScheduleEvent replica_id=0 stage_id=0
> Debug: time=0.3229465700404904 Generates 1 BatchStageArrivalEvents             from event #285 replica_schedule 
> Debug: time=0.3229465700404904 Event #286 of type batch_stage_arrival Generates 1 ReplicaStageScheduleEvent replica_id=0 stage_id=0
> Debug: time=0.3288873440593607 Generates 1 BatchStageArrivalEvents             from event #291 replica_schedule 
> Debug: time=0.3288873440593607 Event #292 of type batch_stage_arrival Generates 1 ReplicaStageScheduleEvent replica_id=0 stage_id=0
> Debug: time=0.33482811807823104 Generates 1 BatchStageArrivalEvents             from event #297 replica_schedule 
> Debug: time=0.33482811807823104 Event #298 of type batch_stage_arrival Generates 1 ReplicaStageScheduleEvent replica_id=0 stage_id=0
> Debug: time=0.3407688920971014 Generates 1 BatchStageArrivalEvents             from event #303 replica_schedule 
> Debug: time=0.3407688920971014 Event #304 of type batch_stage_arrival Generates 1 ReplicaStageScheduleEvent replica_id=0 stage_id=0
INFO 09-15 00:48:09 simulator.py:110] Simulation ended at: 0.3467096661159717s
INFO 09-15 00:48:09 simulator.py:121] Writing output
/home/turbo_ops/miniconda3/envs/sarathi/lib/python3.10/site-packages/numpy/lib/_function_base_impl.py:4653: RuntimeWarning: invalid value encountered in subtract
  diff_b_a = subtract(b, a)
/home/turbo_ops/miniconda3/envs/sarathi/lib/python3.10/site-packages/numpy/lib/_function_base_impl.py:4653: RuntimeWarning: invalid value encountered in subtract
  diff_b_a = subtract(b, a)
/home/turbo_ops/miniconda3/envs/sarathi/lib/python3.10/site-packages/numpy/lib/_function_base_impl.py:4653: RuntimeWarning: invalid value encountered in subtract
  diff_b_a = subtract(b, a)
/home/turbo_ops/miniconda3/envs/sarathi/lib/python3.10/site-packages/numpy/lib/_function_base_impl.py:4653: RuntimeWarning: invalid value encountered in subtract
  diff_b_a = subtract(b, a)
/home/turbo_ops/miniconda3/envs/sarathi/lib/python3.10/site-packages/numpy/lib/_function_base_impl.py:4653: RuntimeWarning: invalid value encountered in subtract
  diff_b_a = subtract(b, a)
/home/turbo_ops/miniconda3/envs/sarathi/lib/python3.10/site-packages/numpy/lib/_function_base_impl.py:4653: RuntimeWarning: invalid value encountered in subtract
  diff_b_a = subtract(b, a)
/home/turbo_ops/miniconda3/envs/sarathi/lib/python3.10/site-packages/numpy/lib/_function_base_impl.py:4653: RuntimeWarning: invalid value encountered in subtract
  diff_b_a = subtract(b, a)
/home/turbo_ops/miniconda3/envs/sarathi/lib/python3.10/site-packages/numpy/lib/_function_base_impl.py:4653: RuntimeWarning: invalid value encountered in subtract
  diff_b_a = subtract(b, a)
/home/turbo_ops/miniconda3/envs/sarathi/lib/python3.10/site-packages/numpy/lib/_function_base_impl.py:4653: RuntimeWarning: invalid value encountered in subtract
  diff_b_a = subtract(b, a)
INFO 09-15 00:48:09 simulator.py:124] Metrics written
p=1024 rc=0
