INFO 09-15 00:48:04 sklearn_execution_time_predictor.py:241] Attention data filtering: original 43888 rows, filtered 10972 rows. Model config: n_embd=4096, n_q_head=32, n_kv_head=32, block_size=16, tp_workers=1
INFO 09-15 00:48:04 sklearn_execution_time_predictor.py:241] Attention data filtering: original 43888 rows, filtered 10972 rows. Model config: n_embd=4096, n_q_head=32, n_kv_head=32, block_size=16, tp_workers=1
INFO 09-15 00:48:05 simulator.py:68] Starting simulation with cluster: Cluster({'id': 0, 'num_replicas': 1}) and 1 requests
> Debug: time=0.01020060287274801 Event 1 of type request_arrival Generates 1 GlobalScheduleEvent
> Debug: time=0.01020060287274801 Generates 1 ReplicaScheduleEvents                 from event #2 global_schedule, replica_id=0
> Debug: time=0.01020060287274801 Generates 1 BatchStageArrivalEvents             from event #3 replica_schedule 
> Debug: time=0.01020060287274801 Event #4 of type batch_stage_arrival Generates 1 ReplicaStageScheduleEvent replica_id=0 stage_id=0
> Debug: time=0.03269740164689377 Generates 1 BatchStageArrivalEvents             from event #9 replica_schedule 
> Debug: time=0.03269740164689377 Event #10 of type batch_stage_arrival Generates 1 ReplicaStageScheduleEvent replica_id=0 stage_id=0
> Debug: time=0.03856533482523077 Generates 1 BatchStageArrivalEvents             from event #15 replica_schedule 
> Debug: time=0.03856533482523077 Event #16 of type batch_stage_arrival Generates 1 ReplicaStageScheduleEvent replica_id=0 stage_id=0
> Debug: time=0.044433268003567776 Generates 1 BatchStageArrivalEvents             from event #21 replica_schedule 
> Debug: time=0.044433268003567776 Event #22 of type batch_stage_arrival Generates 1 ReplicaStageScheduleEvent replica_id=0 stage_id=0
> Debug: time=0.05030120118190478 Generates 1 BatchStageArrivalEvents             from event #27 replica_schedule 
> Debug: time=0.05030120118190478 Event #28 of type batch_stage_arrival Generates 1 ReplicaStageScheduleEvent replica_id=0 stage_id=0
> Debug: time=0.05616913436024178 Generates 1 BatchStageArrivalEvents             from event #33 replica_schedule 
> Debug: time=0.05616913436024178 Event #34 of type batch_stage_arrival Generates 1 ReplicaStageScheduleEvent replica_id=0 stage_id=0
> Debug: time=0.06203706753857879 Generates 1 BatchStageArrivalEvents             from event #39 replica_schedule 
> Debug: time=0.06203706753857879 Event #40 of type batch_stage_arrival Generates 1 ReplicaStageScheduleEvent replica_id=0 stage_id=0
> Debug: time=0.0679050007169158 Generates 1 BatchStageArrivalEvents             from event #45 replica_schedule 
> Debug: time=0.0679050007169158 Event #46 of type batch_stage_arrival Generates 1 ReplicaStageScheduleEvent replica_id=0 stage_id=0
> Debug: time=0.0737729338952528 Generates 1 BatchStageArrivalEvents             from event #51 replica_schedule 
> Debug: time=0.0737729338952528 Event #52 of type batch_stage_arrival Generates 1 ReplicaStageScheduleEvent replica_id=0 stage_id=0
> Debug: time=0.0796408670735898 Generates 1 BatchStageArrivalEvents             from event #57 replica_schedule 
> Debug: time=0.0796408670735898 Event #58 of type batch_stage_arrival Generates 1 ReplicaStageScheduleEvent replica_id=0 stage_id=0
> Debug: time=0.08550880025192681 Generates 1 BatchStageArrivalEvents             from event #63 replica_schedule 
> Debug: time=0.08550880025192681 Event #64 of type batch_stage_arrival Generates 1 ReplicaStageScheduleEvent replica_id=0 stage_id=0
> Debug: time=0.09137673343026381 Generates 1 BatchStageArrivalEvents             from event #69 replica_schedule 
> Debug: time=0.09137673343026381 Event #70 of type batch_stage_arrival Generates 1 ReplicaStageScheduleEvent replica_id=0 stage_id=0
> Debug: time=0.09724466660860082 Generates 1 BatchStageArrivalEvents             from event #75 replica_schedule 
> Debug: time=0.09724466660860082 Event #76 of type batch_stage_arrival Generates 1 ReplicaStageScheduleEvent replica_id=0 stage_id=0
> Debug: time=0.10311259978693782 Generates 1 BatchStageArrivalEvents             from event #81 replica_schedule 
> Debug: time=0.10311259978693782 Event #82 of type batch_stage_arrival Generates 1 ReplicaStageScheduleEvent replica_id=0 stage_id=0
> Debug: time=0.10898053296527482 Generates 1 BatchStageArrivalEvents             from event #87 replica_schedule 
> Debug: time=0.10898053296527482 Event #88 of type batch_stage_arrival Generates 1 ReplicaStageScheduleEvent replica_id=0 stage_id=0
> Debug: time=0.11484846614361183 Generates 1 BatchStageArrivalEvents             from event #93 replica_schedule 
> Debug: time=0.11484846614361183 Event #94 of type batch_stage_arrival Generates 1 ReplicaStageScheduleEvent replica_id=0 stage_id=0
> Debug: time=0.12071639932194883 Generates 1 BatchStageArrivalEvents             from event #99 replica_schedule 
> Debug: time=0.12071639932194883 Event #100 of type batch_stage_arrival Generates 1 ReplicaStageScheduleEvent replica_id=0 stage_id=0
> Debug: time=0.12658433250028583 Generates 1 BatchStageArrivalEvents             from event #105 replica_schedule 
> Debug: time=0.12658433250028583 Event #106 of type batch_stage_arrival Generates 1 ReplicaStageScheduleEvent replica_id=0 stage_id=0
> Debug: time=0.13245226567862284 Generates 1 BatchStageArrivalEvents             from event #111 replica_schedule 
> Debug: time=0.13245226567862284 Event #112 of type batch_stage_arrival Generates 1 ReplicaStageScheduleEvent replica_id=0 stage_id=0
> Debug: time=0.13832019885695984 Generates 1 BatchStageArrivalEvents             from event #117 replica_schedule 
> Debug: time=0.13832019885695984 Event #118 of type batch_stage_arrival Generates 1 ReplicaStageScheduleEvent replica_id=0 stage_id=0
> Debug: time=0.14418813203529685 Generates 1 BatchStageArrivalEvents             from event #123 replica_schedule 
> Debug: time=0.14418813203529685 Event #124 of type batch_stage_arrival Generates 1 ReplicaStageScheduleEvent replica_id=0 stage_id=0
> Debug: time=0.15005606521363385 Generates 1 BatchStageArrivalEvents             from event #129 replica_schedule 
> Debug: time=0.15005606521363385 Event #130 of type batch_stage_arrival Generates 1 ReplicaStageScheduleEvent replica_id=0 stage_id=0
> Debug: time=0.15592399839197085 Generates 1 BatchStageArrivalEvents             from event #135 replica_schedule 
> Debug: time=0.15592399839197085 Event #136 of type batch_stage_arrival Generates 1 ReplicaStageScheduleEvent replica_id=0 stage_id=0
> Debug: time=0.16179193157030786 Generates 1 BatchStageArrivalEvents             from event #141 replica_schedule 
> Debug: time=0.16179193157030786 Event #142 of type batch_stage_arrival Generates 1 ReplicaStageScheduleEvent replica_id=0 stage_id=0
> Debug: time=0.16765986474864486 Generates 1 BatchStageArrivalEvents             from event #147 replica_schedule 
> Debug: time=0.16765986474864486 Event #148 of type batch_stage_arrival Generates 1 ReplicaStageScheduleEvent replica_id=0 stage_id=0
> Debug: time=0.17352779792698186 Generates 1 BatchStageArrivalEvents             from event #153 replica_schedule 
> Debug: time=0.17352779792698186 Event #154 of type batch_stage_arrival Generates 1 ReplicaStageScheduleEvent replica_id=0 stage_id=0
> Debug: time=0.17939573110531887 Generates 1 BatchStageArrivalEvents             from event #159 replica_schedule 
> Debug: time=0.17939573110531887 Event #160 of type batch_stage_arrival Generates 1 ReplicaStageScheduleEvent replica_id=0 stage_id=0
> Debug: time=0.18526366428365587 Generates 1 BatchStageArrivalEvents             from event #165 replica_schedule 
> Debug: time=0.18526366428365587 Event #166 of type batch_stage_arrival Generates 1 ReplicaStageScheduleEvent replica_id=0 stage_id=0
> Debug: time=0.19113159746199287 Generates 1 BatchStageArrivalEvents             from event #171 replica_schedule 
> Debug: time=0.19113159746199287 Event #172 of type batch_stage_arrival Generates 1 ReplicaStageScheduleEvent replica_id=0 stage_id=0
> Debug: time=0.19699953064032988 Generates 1 BatchStageArrivalEvents             from event #177 replica_schedule 
> Debug: time=0.19699953064032988 Event #178 of type batch_stage_arrival Generates 1 ReplicaStageScheduleEvent replica_id=0 stage_id=0
> Debug: time=0.20286746381866688 Generates 1 BatchStageArrivalEvents             from event #183 replica_schedule 
> Debug: time=0.20286746381866688 Event #184 of type batch_stage_arrival Generates 1 ReplicaStageScheduleEvent replica_id=0 stage_id=0
> Debug: time=0.20873539699700389 Generates 1 BatchStageArrivalEvents             from event #189 replica_schedule 
> Debug: time=0.20873539699700389 Event #190 of type batch_stage_arrival Generates 1 ReplicaStageScheduleEvent replica_id=0 stage_id=0
> Debug: time=0.2146033301753409 Generates 1 BatchStageArrivalEvents             from event #195 replica_schedule 
> Debug: time=0.2146033301753409 Event #196 of type batch_stage_arrival Generates 1 ReplicaStageScheduleEvent replica_id=0 stage_id=0
> Debug: time=0.2204712633536779 Generates 1 BatchStageArrivalEvents             from event #201 replica_schedule 
> Debug: time=0.2204712633536779 Event #202 of type batch_stage_arrival Generates 1 ReplicaStageScheduleEvent replica_id=0 stage_id=0
> Debug: time=0.2263391965320149 Generates 1 BatchStageArrivalEvents             from event #207 replica_schedule 
> Debug: time=0.2263391965320149 Event #208 of type batch_stage_arrival Generates 1 ReplicaStageScheduleEvent replica_id=0 stage_id=0
> Debug: time=0.2322071297103519 Generates 1 BatchStageArrivalEvents             from event #213 replica_schedule 
> Debug: time=0.2322071297103519 Event #214 of type batch_stage_arrival Generates 1 ReplicaStageScheduleEvent replica_id=0 stage_id=0
> Debug: time=0.2380750628886889 Generates 1 BatchStageArrivalEvents             from event #219 replica_schedule 
> Debug: time=0.2380750628886889 Event #220 of type batch_stage_arrival Generates 1 ReplicaStageScheduleEvent replica_id=0 stage_id=0
> Debug: time=0.2439429960670259 Generates 1 BatchStageArrivalEvents             from event #225 replica_schedule 
> Debug: time=0.2439429960670259 Event #226 of type batch_stage_arrival Generates 1 ReplicaStageScheduleEvent replica_id=0 stage_id=0
> Debug: time=0.2498109292453629 Generates 1 BatchStageArrivalEvents             from event #231 replica_schedule 
> Debug: time=0.2498109292453629 Event #232 of type batch_stage_arrival Generates 1 ReplicaStageScheduleEvent replica_id=0 stage_id=0
> Debug: time=0.2556788624236999 Generates 1 BatchStageArrivalEvents             from event #237 replica_schedule 
> Debug: time=0.2556788624236999 Event #238 of type batch_stage_arrival Generates 1 ReplicaStageScheduleEvent replica_id=0 stage_id=0
> Debug: time=0.2615467956020369 Generates 1 BatchStageArrivalEvents             from event #243 replica_schedule 
> Debug: time=0.2615467956020369 Event #244 of type batch_stage_arrival Generates 1 ReplicaStageScheduleEvent replica_id=0 stage_id=0
> Debug: time=0.2674147287803739 Generates 1 BatchStageArrivalEvents             from event #249 replica_schedule 
> Debug: time=0.2674147287803739 Event #250 of type batch_stage_arrival Generates 1 ReplicaStageScheduleEvent replica_id=0 stage_id=0
> Debug: time=0.2732826619587109 Generates 1 BatchStageArrivalEvents             from event #255 replica_schedule 
> Debug: time=0.2732826619587109 Event #256 of type batch_stage_arrival Generates 1 ReplicaStageScheduleEvent replica_id=0 stage_id=0
> Debug: time=0.27915059513704793 Generates 1 BatchStageArrivalEvents             from event #261 replica_schedule 
> Debug: time=0.27915059513704793 Event #262 of type batch_stage_arrival Generates 1 ReplicaStageScheduleEvent replica_id=0 stage_id=0
> Debug: time=0.28501852831538493 Generates 1 BatchStageArrivalEvents             from event #267 replica_schedule 
> Debug: time=0.28501852831538493 Event #268 of type batch_stage_arrival Generates 1 ReplicaStageScheduleEvent replica_id=0 stage_id=0
> Debug: time=0.29088646149372194 Generates 1 BatchStageArrivalEvents             from event #273 replica_schedule 
> Debug: time=0.29088646149372194 Event #274 of type batch_stage_arrival Generates 1 ReplicaStageScheduleEvent replica_id=0 stage_id=0
> Debug: time=0.29675439467205894 Generates 1 BatchStageArrivalEvents             from event #279 replica_schedule 
> Debug: time=0.29675439467205894 Event #280 of type batch_stage_arrival Generates 1 ReplicaStageScheduleEvent replica_id=0 stage_id=0
> Debug: time=0.30262232785039594 Generates 1 BatchStageArrivalEvents             from event #285 replica_schedule 
> Debug: time=0.30262232785039594 Event #286 of type batch_stage_arrival Generates 1 ReplicaStageScheduleEvent replica_id=0 stage_id=0
> Debug: time=0.30849026102873295 Generates 1 BatchStageArrivalEvents             from event #291 replica_schedule 
> Debug: time=0.30849026102873295 Event #292 of type batch_stage_arrival Generates 1 ReplicaStageScheduleEvent replica_id=0 stage_id=0
> Debug: time=0.31435819420706995 Generates 1 BatchStageArrivalEvents             from event #297 replica_schedule 
> Debug: time=0.31435819420706995 Event #298 of type batch_stage_arrival Generates 1 ReplicaStageScheduleEvent replica_id=0 stage_id=0
INFO 09-15 00:48:05 simulator.py:110] Simulation ended at: 0.32022612738540696s
INFO 09-15 00:48:05 simulator.py:121] Writing output
/home/turbo_ops/miniconda3/envs/sarathi/lib/python3.10/site-packages/numpy/lib/_function_base_impl.py:4653: RuntimeWarning: invalid value encountered in subtract
  diff_b_a = subtract(b, a)
/home/turbo_ops/miniconda3/envs/sarathi/lib/python3.10/site-packages/numpy/lib/_function_base_impl.py:4653: RuntimeWarning: invalid value encountered in subtract
  diff_b_a = subtract(b, a)
/home/turbo_ops/miniconda3/envs/sarathi/lib/python3.10/site-packages/numpy/lib/_function_base_impl.py:4653: RuntimeWarning: invalid value encountered in subtract
  diff_b_a = subtract(b, a)
/home/turbo_ops/miniconda3/envs/sarathi/lib/python3.10/site-packages/numpy/lib/_function_base_impl.py:4653: RuntimeWarning: invalid value encountered in subtract
  diff_b_a = subtract(b, a)
/home/turbo_ops/miniconda3/envs/sarathi/lib/python3.10/site-packages/numpy/lib/_function_base_impl.py:4653: RuntimeWarning: invalid value encountered in subtract
  diff_b_a = subtract(b, a)
/home/turbo_ops/miniconda3/envs/sarathi/lib/python3.10/site-packages/numpy/lib/_function_base_impl.py:4653: RuntimeWarning: invalid value encountered in subtract
  diff_b_a = subtract(b, a)
/home/turbo_ops/miniconda3/envs/sarathi/lib/python3.10/site-packages/numpy/lib/_function_base_impl.py:4653: RuntimeWarning: invalid value encountered in subtract
  diff_b_a = subtract(b, a)
/home/turbo_ops/miniconda3/envs/sarathi/lib/python3.10/site-packages/numpy/lib/_function_base_impl.py:4653: RuntimeWarning: invalid value encountered in subtract
  diff_b_a = subtract(b, a)
/home/turbo_ops/miniconda3/envs/sarathi/lib/python3.10/site-packages/numpy/lib/_function_base_impl.py:4653: RuntimeWarning: invalid value encountered in subtract
  diff_b_a = subtract(b, a)
INFO 09-15 00:48:05 simulator.py:124] Metrics written
p=512 rc=0
