INFO 09-15 01:20:36 sklearn_execution_time_predictor.py:241] Attention data filtering: original 58490 rows, filtered 14639 rows. Model config: n_embd=4096, n_q_head=32, n_kv_head=32, block_size=16, tp_workers=2
INFO 09-15 01:20:36 sklearn_execution_time_predictor.py:241] Attention data filtering: original 58490 rows, filtered 14639 rows. Model config: n_embd=4096, n_q_head=32, n_kv_head=32, block_size=16, tp_workers=2
INFO 09-15 01:20:37 simulator.py:68] Starting simulation with cluster: Cluster({'id': 0, 'num_replicas': 1}) and 1 requests
> Debug: time=0.01020060287274801 Event 1 of type request_arrival Generates 1 GlobalScheduleEvent
> Debug: time=0.01020060287274801 Generates 1 ReplicaScheduleEvents                 from event #2 global_schedule, replica_id=0
> Debug: time=0.01020060287274801 Generates 1 BatchStageArrivalEvents             from event #3 replica_schedule 
> Debug: time=0.01020060287274801 Event #4 of type batch_stage_arrival Generates 1 ReplicaStageScheduleEvent replica_id=0 stage_id=0
> Debug: time=0.03224043522943634 Generates 1 BatchStageArrivalEvents             from event #9 replica_schedule 
> Debug: time=0.03224043522943634 Event #10 of type batch_stage_arrival Generates 1 ReplicaStageScheduleEvent replica_id=0 stage_id=0
> Debug: time=0.05513624625279136 Generates 1 BatchStageArrivalEvents             from event #15 replica_schedule 
> Debug: time=0.05513624625279136 Event #16 of type batch_stage_arrival Generates 1 ReplicaStageScheduleEvent replica_id=0 stage_id=0
> Debug: time=0.07878480394281301 Generates 1 BatchStageArrivalEvents             from event #21 replica_schedule 
> Debug: time=0.07878480394281301 Event #22 of type batch_stage_arrival Generates 1 ReplicaStageScheduleEvent replica_id=0 stage_id=0
> Debug: time=0.10310585229950135 Generates 1 BatchStageArrivalEvents             from event #27 replica_schedule 
> Debug: time=0.10310585229950135 Event #28 of type batch_stage_arrival Generates 1 ReplicaStageScheduleEvent replica_id=0 stage_id=0
> Debug: time=0.11096634658890141 Generates 1 BatchStageArrivalEvents             from event #33 replica_schedule 
> Debug: time=0.11096634658890141 Event #34 of type batch_stage_arrival Generates 1 ReplicaStageScheduleEvent replica_id=0 stage_id=0
> Debug: time=0.11882684087830146 Generates 1 BatchStageArrivalEvents             from event #39 replica_schedule 
> Debug: time=0.11882684087830146 Event #40 of type batch_stage_arrival Generates 1 ReplicaStageScheduleEvent replica_id=0 stage_id=0
> Debug: time=0.1266873351677015 Generates 1 BatchStageArrivalEvents             from event #45 replica_schedule 
> Debug: time=0.1266873351677015 Event #46 of type batch_stage_arrival Generates 1 ReplicaStageScheduleEvent replica_id=0 stage_id=0
> Debug: time=0.13454782945710156 Generates 1 BatchStageArrivalEvents             from event #51 replica_schedule 
> Debug: time=0.13454782945710156 Event #52 of type batch_stage_arrival Generates 1 ReplicaStageScheduleEvent replica_id=0 stage_id=0
> Debug: time=0.1424083237465016 Generates 1 BatchStageArrivalEvents             from event #57 replica_schedule 
> Debug: time=0.1424083237465016 Event #58 of type batch_stage_arrival Generates 1 ReplicaStageScheduleEvent replica_id=0 stage_id=0
> Debug: time=0.15026881803590167 Generates 1 BatchStageArrivalEvents             from event #63 replica_schedule 
> Debug: time=0.15026881803590167 Event #64 of type batch_stage_arrival Generates 1 ReplicaStageScheduleEvent replica_id=0 stage_id=0
> Debug: time=0.15812931232530172 Generates 1 BatchStageArrivalEvents             from event #69 replica_schedule 
> Debug: time=0.15812931232530172 Event #70 of type batch_stage_arrival Generates 1 ReplicaStageScheduleEvent replica_id=0 stage_id=0
> Debug: time=0.16598980661470178 Generates 1 BatchStageArrivalEvents             from event #75 replica_schedule 
> Debug: time=0.16598980661470178 Event #76 of type batch_stage_arrival Generates 1 ReplicaStageScheduleEvent replica_id=0 stage_id=0
> Debug: time=0.17385030090410183 Generates 1 BatchStageArrivalEvents             from event #81 replica_schedule 
> Debug: time=0.17385030090410183 Event #82 of type batch_stage_arrival Generates 1 ReplicaStageScheduleEvent replica_id=0 stage_id=0
> Debug: time=0.1817107951935019 Generates 1 BatchStageArrivalEvents             from event #87 replica_schedule 
> Debug: time=0.1817107951935019 Event #88 of type batch_stage_arrival Generates 1 ReplicaStageScheduleEvent replica_id=0 stage_id=0
> Debug: time=0.18957128948290194 Generates 1 BatchStageArrivalEvents             from event #93 replica_schedule 
> Debug: time=0.18957128948290194 Event #94 of type batch_stage_arrival Generates 1 ReplicaStageScheduleEvent replica_id=0 stage_id=0
> Debug: time=0.197431783772302 Generates 1 BatchStageArrivalEvents             from event #99 replica_schedule 
> Debug: time=0.197431783772302 Event #100 of type batch_stage_arrival Generates 1 ReplicaStageScheduleEvent replica_id=0 stage_id=0
> Debug: time=0.20529227806170205 Generates 1 BatchStageArrivalEvents             from event #105 replica_schedule 
> Debug: time=0.20529227806170205 Event #106 of type batch_stage_arrival Generates 1 ReplicaStageScheduleEvent replica_id=0 stage_id=0
> Debug: time=0.2131527723511021 Generates 1 BatchStageArrivalEvents             from event #111 replica_schedule 
> Debug: time=0.2131527723511021 Event #112 of type batch_stage_arrival Generates 1 ReplicaStageScheduleEvent replica_id=0 stage_id=0
> Debug: time=0.22101326664050217 Generates 1 BatchStageArrivalEvents             from event #117 replica_schedule 
> Debug: time=0.22101326664050217 Event #118 of type batch_stage_arrival Generates 1 ReplicaStageScheduleEvent replica_id=0 stage_id=0
> Debug: time=0.22887376092990222 Generates 1 BatchStageArrivalEvents             from event #123 replica_schedule 
> Debug: time=0.22887376092990222 Event #124 of type batch_stage_arrival Generates 1 ReplicaStageScheduleEvent replica_id=0 stage_id=0
> Debug: time=0.23673425521930228 Generates 1 BatchStageArrivalEvents             from event #129 replica_schedule 
> Debug: time=0.23673425521930228 Event #130 of type batch_stage_arrival Generates 1 ReplicaStageScheduleEvent replica_id=0 stage_id=0
> Debug: time=0.24459474950870233 Generates 1 BatchStageArrivalEvents             from event #135 replica_schedule 
> Debug: time=0.24459474950870233 Event #136 of type batch_stage_arrival Generates 1 ReplicaStageScheduleEvent replica_id=0 stage_id=0
> Debug: time=0.25245524379810236 Generates 1 BatchStageArrivalEvents             from event #141 replica_schedule 
> Debug: time=0.25245524379810236 Event #142 of type batch_stage_arrival Generates 1 ReplicaStageScheduleEvent replica_id=0 stage_id=0
> Debug: time=0.2603157380875024 Generates 1 BatchStageArrivalEvents             from event #147 replica_schedule 
> Debug: time=0.2603157380875024 Event #148 of type batch_stage_arrival Generates 1 ReplicaStageScheduleEvent replica_id=0 stage_id=0
> Debug: time=0.26817623237690247 Generates 1 BatchStageArrivalEvents             from event #153 replica_schedule 
> Debug: time=0.26817623237690247 Event #154 of type batch_stage_arrival Generates 1 ReplicaStageScheduleEvent replica_id=0 stage_id=0
> Debug: time=0.2760367266663025 Generates 1 BatchStageArrivalEvents             from event #159 replica_schedule 
> Debug: time=0.2760367266663025 Event #160 of type batch_stage_arrival Generates 1 ReplicaStageScheduleEvent replica_id=0 stage_id=0
> Debug: time=0.2838972209557026 Generates 1 BatchStageArrivalEvents             from event #165 replica_schedule 
> Debug: time=0.2838972209557026 Event #166 of type batch_stage_arrival Generates 1 ReplicaStageScheduleEvent replica_id=0 stage_id=0
> Debug: time=0.29175771524510263 Generates 1 BatchStageArrivalEvents             from event #171 replica_schedule 
> Debug: time=0.29175771524510263 Event #172 of type batch_stage_arrival Generates 1 ReplicaStageScheduleEvent replica_id=0 stage_id=0
> Debug: time=0.2996182095345027 Generates 1 BatchStageArrivalEvents             from event #177 replica_schedule 
> Debug: time=0.2996182095345027 Event #178 of type batch_stage_arrival Generates 1 ReplicaStageScheduleEvent replica_id=0 stage_id=0
> Debug: time=0.30747870382390274 Generates 1 BatchStageArrivalEvents             from event #183 replica_schedule 
> Debug: time=0.30747870382390274 Event #184 of type batch_stage_arrival Generates 1 ReplicaStageScheduleEvent replica_id=0 stage_id=0
> Debug: time=0.3153391981133028 Generates 1 BatchStageArrivalEvents             from event #189 replica_schedule 
> Debug: time=0.3153391981133028 Event #190 of type batch_stage_arrival Generates 1 ReplicaStageScheduleEvent replica_id=0 stage_id=0
> Debug: time=0.32319969240270285 Generates 1 BatchStageArrivalEvents             from event #195 replica_schedule 
> Debug: time=0.32319969240270285 Event #196 of type batch_stage_arrival Generates 1 ReplicaStageScheduleEvent replica_id=0 stage_id=0
> Debug: time=0.3310601866921029 Generates 1 BatchStageArrivalEvents             from event #201 replica_schedule 
> Debug: time=0.3310601866921029 Event #202 of type batch_stage_arrival Generates 1 ReplicaStageScheduleEvent replica_id=0 stage_id=0
> Debug: time=0.33892068098150296 Generates 1 BatchStageArrivalEvents             from event #207 replica_schedule 
> Debug: time=0.33892068098150296 Event #208 of type batch_stage_arrival Generates 1 ReplicaStageScheduleEvent replica_id=0 stage_id=0
> Debug: time=0.346781175270903 Generates 1 BatchStageArrivalEvents             from event #213 replica_schedule 
> Debug: time=0.346781175270903 Event #214 of type batch_stage_arrival Generates 1 ReplicaStageScheduleEvent replica_id=0 stage_id=0
> Debug: time=0.3546416695603031 Generates 1 BatchStageArrivalEvents             from event #219 replica_schedule 
> Debug: time=0.3546416695603031 Event #220 of type batch_stage_arrival Generates 1 ReplicaStageScheduleEvent replica_id=0 stage_id=0
> Debug: time=0.36250216384970313 Generates 1 BatchStageArrivalEvents             from event #225 replica_schedule 
> Debug: time=0.36250216384970313 Event #226 of type batch_stage_arrival Generates 1 ReplicaStageScheduleEvent replica_id=0 stage_id=0
> Debug: time=0.3703626581391032 Generates 1 BatchStageArrivalEvents             from event #231 replica_schedule 
> Debug: time=0.3703626581391032 Event #232 of type batch_stage_arrival Generates 1 ReplicaStageScheduleEvent replica_id=0 stage_id=0
> Debug: time=0.37822315242850324 Generates 1 BatchStageArrivalEvents             from event #237 replica_schedule 
> Debug: time=0.37822315242850324 Event #238 of type batch_stage_arrival Generates 1 ReplicaStageScheduleEvent replica_id=0 stage_id=0
> Debug: time=0.3860836467179033 Generates 1 BatchStageArrivalEvents             from event #243 replica_schedule 
> Debug: time=0.3860836467179033 Event #244 of type batch_stage_arrival Generates 1 ReplicaStageScheduleEvent replica_id=0 stage_id=0
> Debug: time=0.39394414100730335 Generates 1 BatchStageArrivalEvents             from event #249 replica_schedule 
> Debug: time=0.39394414100730335 Event #250 of type batch_stage_arrival Generates 1 ReplicaStageScheduleEvent replica_id=0 stage_id=0
> Debug: time=0.4018046352967034 Generates 1 BatchStageArrivalEvents             from event #255 replica_schedule 
> Debug: time=0.4018046352967034 Event #256 of type batch_stage_arrival Generates 1 ReplicaStageScheduleEvent replica_id=0 stage_id=0
> Debug: time=0.40966512958610346 Generates 1 BatchStageArrivalEvents             from event #261 replica_schedule 
> Debug: time=0.40966512958610346 Event #262 of type batch_stage_arrival Generates 1 ReplicaStageScheduleEvent replica_id=0 stage_id=0
> Debug: time=0.4175256238755035 Generates 1 BatchStageArrivalEvents             from event #267 replica_schedule 
> Debug: time=0.4175256238755035 Event #268 of type batch_stage_arrival Generates 1 ReplicaStageScheduleEvent replica_id=0 stage_id=0
> Debug: time=0.42538611816490357 Generates 1 BatchStageArrivalEvents             from event #273 replica_schedule 
> Debug: time=0.42538611816490357 Event #274 of type batch_stage_arrival Generates 1 ReplicaStageScheduleEvent replica_id=0 stage_id=0
> Debug: time=0.4332466124543036 Generates 1 BatchStageArrivalEvents             from event #279 replica_schedule 
> Debug: time=0.4332466124543036 Event #280 of type batch_stage_arrival Generates 1 ReplicaStageScheduleEvent replica_id=0 stage_id=0
> Debug: time=0.4411071067437037 Generates 1 BatchStageArrivalEvents             from event #285 replica_schedule 
> Debug: time=0.4411071067437037 Event #286 of type batch_stage_arrival Generates 1 ReplicaStageScheduleEvent replica_id=0 stage_id=0
> Debug: time=0.44896760103310374 Generates 1 BatchStageArrivalEvents             from event #291 replica_schedule 
> Debug: time=0.44896760103310374 Event #292 of type batch_stage_arrival Generates 1 ReplicaStageScheduleEvent replica_id=0 stage_id=0
> Debug: time=0.4568280953225038 Generates 1 BatchStageArrivalEvents             from event #297 replica_schedule 
> Debug: time=0.4568280953225038 Event #298 of type batch_stage_arrival Generates 1 ReplicaStageScheduleEvent replica_id=0 stage_id=0
> Debug: time=0.46468858961190385 Generates 1 BatchStageArrivalEvents             from event #303 replica_schedule 
> Debug: time=0.46468858961190385 Event #304 of type batch_stage_arrival Generates 1 ReplicaStageScheduleEvent replica_id=0 stage_id=0
> Debug: time=0.4725490839013039 Generates 1 BatchStageArrivalEvents             from event #309 replica_schedule 
> Debug: time=0.4725490839013039 Event #310 of type batch_stage_arrival Generates 1 ReplicaStageScheduleEvent replica_id=0 stage_id=0
> Debug: time=0.48040957819070396 Generates 1 BatchStageArrivalEvents             from event #315 replica_schedule 
> Debug: time=0.48040957819070396 Event #316 of type batch_stage_arrival Generates 1 ReplicaStageScheduleEvent replica_id=0 stage_id=0
INFO 09-15 01:20:37 simulator.py:110] Simulation ended at: 0.488270072480104s
INFO 09-15 01:20:37 simulator.py:121] Writing output
/home/turbo_ops/miniconda3/envs/sarathi/lib/python3.10/site-packages/numpy/lib/_function_base_impl.py:4653: RuntimeWarning: invalid value encountered in subtract
  diff_b_a = subtract(b, a)
/home/turbo_ops/miniconda3/envs/sarathi/lib/python3.10/site-packages/numpy/lib/_function_base_impl.py:4653: RuntimeWarning: invalid value encountered in subtract
  diff_b_a = subtract(b, a)
/home/turbo_ops/miniconda3/envs/sarathi/lib/python3.10/site-packages/numpy/lib/_function_base_impl.py:4653: RuntimeWarning: invalid value encountered in subtract
  diff_b_a = subtract(b, a)
/home/turbo_ops/miniconda3/envs/sarathi/lib/python3.10/site-packages/numpy/lib/_function_base_impl.py:4653: RuntimeWarning: invalid value encountered in subtract
  diff_b_a = subtract(b, a)
/home/turbo_ops/miniconda3/envs/sarathi/lib/python3.10/site-packages/numpy/lib/_function_base_impl.py:4653: RuntimeWarning: invalid value encountered in subtract
  diff_b_a = subtract(b, a)
/home/turbo_ops/miniconda3/envs/sarathi/lib/python3.10/site-packages/numpy/lib/_function_base_impl.py:4653: RuntimeWarning: invalid value encountered in subtract
  diff_b_a = subtract(b, a)
/home/turbo_ops/miniconda3/envs/sarathi/lib/python3.10/site-packages/numpy/lib/_function_base_impl.py:4653: RuntimeWarning: invalid value encountered in subtract
  diff_b_a = subtract(b, a)
/home/turbo_ops/miniconda3/envs/sarathi/lib/python3.10/site-packages/numpy/lib/_function_base_impl.py:4653: RuntimeWarning: invalid value encountered in subtract
  diff_b_a = subtract(b, a)
/home/turbo_ops/miniconda3/envs/sarathi/lib/python3.10/site-packages/numpy/lib/_function_base_impl.py:4653: RuntimeWarning: invalid value encountered in subtract
  diff_b_a = subtract(b, a)
INFO 09-15 01:20:37 simulator.py:124] Metrics written
tp=2 p=2048 rc=0
