INFO 09-15 00:48:01 sklearn_execution_time_predictor.py:241] Attention data filtering: original 43888 rows, filtered 10972 rows. Model config: n_embd=4096, n_q_head=32, n_kv_head=32, block_size=16, tp_workers=1
INFO 09-15 00:48:01 sklearn_execution_time_predictor.py:241] Attention data filtering: original 43888 rows, filtered 10972 rows. Model config: n_embd=4096, n_q_head=32, n_kv_head=32, block_size=16, tp_workers=1
INFO 09-15 00:48:02 simulator.py:68] Starting simulation with cluster: Cluster({'id': 0, 'num_replicas': 1}) and 1 requests
> Debug: time=0.01020060287274801 Event 1 of type request_arrival Generates 1 GlobalScheduleEvent
> Debug: time=0.01020060287274801 Generates 1 ReplicaScheduleEvents                 from event #2 global_schedule, replica_id=0
> Debug: time=0.01020060287274801 Generates 1 BatchStageArrivalEvents             from event #3 replica_schedule 
> Debug: time=0.01020060287274801 Event #4 of type batch_stage_arrival Generates 1 ReplicaStageScheduleEvent replica_id=0 stage_id=0
> Debug: time=0.023869707321235015 Generates 1 BatchStageArrivalEvents             from event #9 replica_schedule 
> Debug: time=0.023869707321235015 Event #10 of type batch_stage_arrival Generates 1 ReplicaStageScheduleEvent replica_id=0 stage_id=0
> Debug: time=0.029649024883572017 Generates 1 BatchStageArrivalEvents             from event #15 replica_schedule 
> Debug: time=0.029649024883572017 Event #16 of type batch_stage_arrival Generates 1 ReplicaStageScheduleEvent replica_id=0 stage_id=0
> Debug: time=0.03542834244590902 Generates 1 BatchStageArrivalEvents             from event #21 replica_schedule 
> Debug: time=0.03542834244590902 Event #22 of type batch_stage_arrival Generates 1 ReplicaStageScheduleEvent replica_id=0 stage_id=0
> Debug: time=0.04120766000824602 Generates 1 BatchStageArrivalEvents             from event #27 replica_schedule 
> Debug: time=0.04120766000824602 Event #28 of type batch_stage_arrival Generates 1 ReplicaStageScheduleEvent replica_id=0 stage_id=0
> Debug: time=0.046986977570583024 Generates 1 BatchStageArrivalEvents             from event #33 replica_schedule 
> Debug: time=0.046986977570583024 Event #34 of type batch_stage_arrival Generates 1 ReplicaStageScheduleEvent replica_id=0 stage_id=0
> Debug: time=0.05276629513292003 Generates 1 BatchStageArrivalEvents             from event #39 replica_schedule 
> Debug: time=0.05276629513292003 Event #40 of type batch_stage_arrival Generates 1 ReplicaStageScheduleEvent replica_id=0 stage_id=0
> Debug: time=0.05854561269525703 Generates 1 BatchStageArrivalEvents             from event #45 replica_schedule 
> Debug: time=0.05854561269525703 Event #46 of type batch_stage_arrival Generates 1 ReplicaStageScheduleEvent replica_id=0 stage_id=0
> Debug: time=0.06432493025759403 Generates 1 BatchStageArrivalEvents             from event #51 replica_schedule 
> Debug: time=0.06432493025759403 Event #52 of type batch_stage_arrival Generates 1 ReplicaStageScheduleEvent replica_id=0 stage_id=0
> Debug: time=0.07010424781993103 Generates 1 BatchStageArrivalEvents             from event #57 replica_schedule 
> Debug: time=0.07010424781993103 Event #58 of type batch_stage_arrival Generates 1 ReplicaStageScheduleEvent replica_id=0 stage_id=0
> Debug: time=0.07588356538226804 Generates 1 BatchStageArrivalEvents             from event #63 replica_schedule 
> Debug: time=0.07588356538226804 Event #64 of type batch_stage_arrival Generates 1 ReplicaStageScheduleEvent replica_id=0 stage_id=0
> Debug: time=0.08166288294460504 Generates 1 BatchStageArrivalEvents             from event #69 replica_schedule 
> Debug: time=0.08166288294460504 Event #70 of type batch_stage_arrival Generates 1 ReplicaStageScheduleEvent replica_id=0 stage_id=0
> Debug: time=0.08744220050694204 Generates 1 BatchStageArrivalEvents             from event #75 replica_schedule 
> Debug: time=0.08744220050694204 Event #76 of type batch_stage_arrival Generates 1 ReplicaStageScheduleEvent replica_id=0 stage_id=0
> Debug: time=0.09322151806927904 Generates 1 BatchStageArrivalEvents             from event #81 replica_schedule 
> Debug: time=0.09322151806927904 Event #82 of type batch_stage_arrival Generates 1 ReplicaStageScheduleEvent replica_id=0 stage_id=0
> Debug: time=0.09900083563161605 Generates 1 BatchStageArrivalEvents             from event #87 replica_schedule 
> Debug: time=0.09900083563161605 Event #88 of type batch_stage_arrival Generates 1 ReplicaStageScheduleEvent replica_id=0 stage_id=0
> Debug: time=0.10478015319395305 Generates 1 BatchStageArrivalEvents             from event #93 replica_schedule 
> Debug: time=0.10478015319395305 Event #94 of type batch_stage_arrival Generates 1 ReplicaStageScheduleEvent replica_id=0 stage_id=0
> Debug: time=0.11055947075629005 Generates 1 BatchStageArrivalEvents             from event #99 replica_schedule 
> Debug: time=0.11055947075629005 Event #100 of type batch_stage_arrival Generates 1 ReplicaStageScheduleEvent replica_id=0 stage_id=0
> Debug: time=0.11633878831862705 Generates 1 BatchStageArrivalEvents             from event #105 replica_schedule 
> Debug: time=0.11633878831862705 Event #106 of type batch_stage_arrival Generates 1 ReplicaStageScheduleEvent replica_id=0 stage_id=0
> Debug: time=0.12211810588096406 Generates 1 BatchStageArrivalEvents             from event #111 replica_schedule 
> Debug: time=0.12211810588096406 Event #112 of type batch_stage_arrival Generates 1 ReplicaStageScheduleEvent replica_id=0 stage_id=0
> Debug: time=0.12789742344330107 Generates 1 BatchStageArrivalEvents             from event #117 replica_schedule 
> Debug: time=0.12789742344330107 Event #118 of type batch_stage_arrival Generates 1 ReplicaStageScheduleEvent replica_id=0 stage_id=0
> Debug: time=0.1336767410056381 Generates 1 BatchStageArrivalEvents             from event #123 replica_schedule 
> Debug: time=0.1336767410056381 Event #124 of type batch_stage_arrival Generates 1 ReplicaStageScheduleEvent replica_id=0 stage_id=0
> Debug: time=0.1394560585679751 Generates 1 BatchStageArrivalEvents             from event #129 replica_schedule 
> Debug: time=0.1394560585679751 Event #130 of type batch_stage_arrival Generates 1 ReplicaStageScheduleEvent replica_id=0 stage_id=0
> Debug: time=0.14523537613031212 Generates 1 BatchStageArrivalEvents             from event #135 replica_schedule 
> Debug: time=0.14523537613031212 Event #136 of type batch_stage_arrival Generates 1 ReplicaStageScheduleEvent replica_id=0 stage_id=0
> Debug: time=0.15101469369264914 Generates 1 BatchStageArrivalEvents             from event #141 replica_schedule 
> Debug: time=0.15101469369264914 Event #142 of type batch_stage_arrival Generates 1 ReplicaStageScheduleEvent replica_id=0 stage_id=0
> Debug: time=0.15679401125498615 Generates 1 BatchStageArrivalEvents             from event #147 replica_schedule 
> Debug: time=0.15679401125498615 Event #148 of type batch_stage_arrival Generates 1 ReplicaStageScheduleEvent replica_id=0 stage_id=0
> Debug: time=0.16257332881732317 Generates 1 BatchStageArrivalEvents             from event #153 replica_schedule 
> Debug: time=0.16257332881732317 Event #154 of type batch_stage_arrival Generates 1 ReplicaStageScheduleEvent replica_id=0 stage_id=0
> Debug: time=0.1683526463796602 Generates 1 BatchStageArrivalEvents             from event #159 replica_schedule 
> Debug: time=0.1683526463796602 Event #160 of type batch_stage_arrival Generates 1 ReplicaStageScheduleEvent replica_id=0 stage_id=0
> Debug: time=0.1741319639419972 Generates 1 BatchStageArrivalEvents             from event #165 replica_schedule 
> Debug: time=0.1741319639419972 Event #166 of type batch_stage_arrival Generates 1 ReplicaStageScheduleEvent replica_id=0 stage_id=0
> Debug: time=0.17991128150433422 Generates 1 BatchStageArrivalEvents             from event #171 replica_schedule 
> Debug: time=0.17991128150433422 Event #172 of type batch_stage_arrival Generates 1 ReplicaStageScheduleEvent replica_id=0 stage_id=0
> Debug: time=0.18569059906667124 Generates 1 BatchStageArrivalEvents             from event #177 replica_schedule 
> Debug: time=0.18569059906667124 Event #178 of type batch_stage_arrival Generates 1 ReplicaStageScheduleEvent replica_id=0 stage_id=0
> Debug: time=0.19146991662900825 Generates 1 BatchStageArrivalEvents             from event #183 replica_schedule 
> Debug: time=0.19146991662900825 Event #184 of type batch_stage_arrival Generates 1 ReplicaStageScheduleEvent replica_id=0 stage_id=0
> Debug: time=0.19724923419134527 Generates 1 BatchStageArrivalEvents             from event #189 replica_schedule 
> Debug: time=0.19724923419134527 Event #190 of type batch_stage_arrival Generates 1 ReplicaStageScheduleEvent replica_id=0 stage_id=0
> Debug: time=0.20302855175368228 Generates 1 BatchStageArrivalEvents             from event #195 replica_schedule 
> Debug: time=0.20302855175368228 Event #196 of type batch_stage_arrival Generates 1 ReplicaStageScheduleEvent replica_id=0 stage_id=0
> Debug: time=0.2088078693160193 Generates 1 BatchStageArrivalEvents             from event #201 replica_schedule 
> Debug: time=0.2088078693160193 Event #202 of type batch_stage_arrival Generates 1 ReplicaStageScheduleEvent replica_id=0 stage_id=0
> Debug: time=0.21458718687835632 Generates 1 BatchStageArrivalEvents             from event #207 replica_schedule 
> Debug: time=0.21458718687835632 Event #208 of type batch_stage_arrival Generates 1 ReplicaStageScheduleEvent replica_id=0 stage_id=0
> Debug: time=0.22036650444069333 Generates 1 BatchStageArrivalEvents             from event #213 replica_schedule 
> Debug: time=0.22036650444069333 Event #214 of type batch_stage_arrival Generates 1 ReplicaStageScheduleEvent replica_id=0 stage_id=0
> Debug: time=0.22614582200303035 Generates 1 BatchStageArrivalEvents             from event #219 replica_schedule 
> Debug: time=0.22614582200303035 Event #220 of type batch_stage_arrival Generates 1 ReplicaStageScheduleEvent replica_id=0 stage_id=0
> Debug: time=0.23192513956536737 Generates 1 BatchStageArrivalEvents             from event #225 replica_schedule 
> Debug: time=0.23192513956536737 Event #226 of type batch_stage_arrival Generates 1 ReplicaStageScheduleEvent replica_id=0 stage_id=0
> Debug: time=0.23770445712770438 Generates 1 BatchStageArrivalEvents             from event #231 replica_schedule 
> Debug: time=0.23770445712770438 Event #232 of type batch_stage_arrival Generates 1 ReplicaStageScheduleEvent replica_id=0 stage_id=0
> Debug: time=0.2434837746900414 Generates 1 BatchStageArrivalEvents             from event #237 replica_schedule 
> Debug: time=0.2434837746900414 Event #238 of type batch_stage_arrival Generates 1 ReplicaStageScheduleEvent replica_id=0 stage_id=0
> Debug: time=0.24926309225237842 Generates 1 BatchStageArrivalEvents             from event #243 replica_schedule 
> Debug: time=0.24926309225237842 Event #244 of type batch_stage_arrival Generates 1 ReplicaStageScheduleEvent replica_id=0 stage_id=0
> Debug: time=0.25504240981471543 Generates 1 BatchStageArrivalEvents             from event #249 replica_schedule 
> Debug: time=0.25504240981471543 Event #250 of type batch_stage_arrival Generates 1 ReplicaStageScheduleEvent replica_id=0 stage_id=0
> Debug: time=0.26082172737705245 Generates 1 BatchStageArrivalEvents             from event #255 replica_schedule 
> Debug: time=0.26082172737705245 Event #256 of type batch_stage_arrival Generates 1 ReplicaStageScheduleEvent replica_id=0 stage_id=0
> Debug: time=0.26660104493938946 Generates 1 BatchStageArrivalEvents             from event #261 replica_schedule 
> Debug: time=0.26660104493938946 Event #262 of type batch_stage_arrival Generates 1 ReplicaStageScheduleEvent replica_id=0 stage_id=0
> Debug: time=0.2723803625017265 Generates 1 BatchStageArrivalEvents             from event #267 replica_schedule 
> Debug: time=0.2723803625017265 Event #268 of type batch_stage_arrival Generates 1 ReplicaStageScheduleEvent replica_id=0 stage_id=0
> Debug: time=0.2781596800640635 Generates 1 BatchStageArrivalEvents             from event #273 replica_schedule 
> Debug: time=0.2781596800640635 Event #274 of type batch_stage_arrival Generates 1 ReplicaStageScheduleEvent replica_id=0 stage_id=0
> Debug: time=0.2839389976264005 Generates 1 BatchStageArrivalEvents             from event #279 replica_schedule 
> Debug: time=0.2839389976264005 Event #280 of type batch_stage_arrival Generates 1 ReplicaStageScheduleEvent replica_id=0 stage_id=0
> Debug: time=0.28971831518873753 Generates 1 BatchStageArrivalEvents             from event #285 replica_schedule 
> Debug: time=0.28971831518873753 Event #286 of type batch_stage_arrival Generates 1 ReplicaStageScheduleEvent replica_id=0 stage_id=0
> Debug: time=0.29549763275107455 Generates 1 BatchStageArrivalEvents             from event #291 replica_schedule 
> Debug: time=0.29549763275107455 Event #292 of type batch_stage_arrival Generates 1 ReplicaStageScheduleEvent replica_id=0 stage_id=0
> Debug: time=0.30127695031341156 Generates 1 BatchStageArrivalEvents             from event #297 replica_schedule 
> Debug: time=0.30127695031341156 Event #298 of type batch_stage_arrival Generates 1 ReplicaStageScheduleEvent replica_id=0 stage_id=0
INFO 09-15 00:48:02 simulator.py:110] Simulation ended at: 0.3070562678757486s
INFO 09-15 00:48:02 simulator.py:121] Writing output
/home/turbo_ops/miniconda3/envs/sarathi/lib/python3.10/site-packages/numpy/lib/_function_base_impl.py:4653: RuntimeWarning: invalid value encountered in subtract
  diff_b_a = subtract(b, a)
/home/turbo_ops/miniconda3/envs/sarathi/lib/python3.10/site-packages/numpy/lib/_function_base_impl.py:4653: RuntimeWarning: invalid value encountered in subtract
  diff_b_a = subtract(b, a)
/home/turbo_ops/miniconda3/envs/sarathi/lib/python3.10/site-packages/numpy/lib/_function_base_impl.py:4653: RuntimeWarning: invalid value encountered in subtract
  diff_b_a = subtract(b, a)
/home/turbo_ops/miniconda3/envs/sarathi/lib/python3.10/site-packages/numpy/lib/_function_base_impl.py:4653: RuntimeWarning: invalid value encountered in subtract
  diff_b_a = subtract(b, a)
/home/turbo_ops/miniconda3/envs/sarathi/lib/python3.10/site-packages/numpy/lib/_function_base_impl.py:4653: RuntimeWarning: invalid value encountered in subtract
  diff_b_a = subtract(b, a)
/home/turbo_ops/miniconda3/envs/sarathi/lib/python3.10/site-packages/numpy/lib/_function_base_impl.py:4653: RuntimeWarning: invalid value encountered in subtract
  diff_b_a = subtract(b, a)
/home/turbo_ops/miniconda3/envs/sarathi/lib/python3.10/site-packages/numpy/lib/_function_base_impl.py:4653: RuntimeWarning: invalid value encountered in subtract
  diff_b_a = subtract(b, a)
/home/turbo_ops/miniconda3/envs/sarathi/lib/python3.10/site-packages/numpy/lib/_function_base_impl.py:4653: RuntimeWarning: invalid value encountered in subtract
  diff_b_a = subtract(b, a)
/home/turbo_ops/miniconda3/envs/sarathi/lib/python3.10/site-packages/numpy/lib/_function_base_impl.py:4653: RuntimeWarning: invalid value encountered in subtract
  diff_b_a = subtract(b, a)
INFO 09-15 00:48:02 simulator.py:124] Metrics written
p=256 rc=0
