INFO 09-15 00:49:54 sklearn_execution_time_predictor.py:241] Attention data filtering: original 43888 rows, filtered 10972 rows. Model config: n_embd=4096, n_q_head=32, n_kv_head=32, block_size=16, tp_workers=2
INFO 09-15 00:49:54 sklearn_execution_time_predictor.py:241] Attention data filtering: original 43888 rows, filtered 10972 rows. Model config: n_embd=4096, n_q_head=32, n_kv_head=32, block_size=16, tp_workers=2
INFO 09-15 00:49:54 simulator.py:68] Starting simulation with cluster: Cluster({'id': 0, 'num_replicas': 1}) and 1 requests
> Debug: time=0.01020060287274801 Event 1 of type request_arrival Generates 1 GlobalScheduleEvent
> Debug: time=0.01020060287274801 Generates 1 ReplicaScheduleEvents                 from event #2 global_schedule, replica_id=0
> Debug: time=0.01020060287274801 Generates 1 BatchStageArrivalEvents             from event #3 replica_schedule 
> Debug: time=0.01020060287274801 Event #4 of type batch_stage_arrival Generates 1 ReplicaStageScheduleEvent replica_id=0 stage_id=0
> Debug: time=0.028259597488806708 Generates 1 BatchStageArrivalEvents             from event #9 replica_schedule 
> Debug: time=0.028259597488806708 Event #10 of type batch_stage_arrival Generates 1 ReplicaStageScheduleEvent replica_id=0 stage_id=0
> Debug: time=0.034042369472566704 Generates 1 BatchStageArrivalEvents             from event #15 replica_schedule 
> Debug: time=0.034042369472566704 Event #16 of type batch_stage_arrival Generates 1 ReplicaStageScheduleEvent replica_id=0 stage_id=0
> Debug: time=0.0398251414563267 Generates 1 BatchStageArrivalEvents             from event #21 replica_schedule 
> Debug: time=0.0398251414563267 Event #22 of type batch_stage_arrival Generates 1 ReplicaStageScheduleEvent replica_id=0 stage_id=0
> Debug: time=0.045607913440086696 Generates 1 BatchStageArrivalEvents             from event #27 replica_schedule 
> Debug: time=0.045607913440086696 Event #28 of type batch_stage_arrival Generates 1 ReplicaStageScheduleEvent replica_id=0 stage_id=0
> Debug: time=0.05139068542384669 Generates 1 BatchStageArrivalEvents             from event #33 replica_schedule 
> Debug: time=0.05139068542384669 Event #34 of type batch_stage_arrival Generates 1 ReplicaStageScheduleEvent replica_id=0 stage_id=0
> Debug: time=0.05717345740760669 Generates 1 BatchStageArrivalEvents             from event #39 replica_schedule 
> Debug: time=0.05717345740760669 Event #40 of type batch_stage_arrival Generates 1 ReplicaStageScheduleEvent replica_id=0 stage_id=0
> Debug: time=0.06295622939136668 Generates 1 BatchStageArrivalEvents             from event #45 replica_schedule 
> Debug: time=0.06295622939136668 Event #46 of type batch_stage_arrival Generates 1 ReplicaStageScheduleEvent replica_id=0 stage_id=0
> Debug: time=0.06873900137512667 Generates 1 BatchStageArrivalEvents             from event #51 replica_schedule 
> Debug: time=0.06873900137512667 Event #52 of type batch_stage_arrival Generates 1 ReplicaStageScheduleEvent replica_id=0 stage_id=0
> Debug: time=0.07452177335888667 Generates 1 BatchStageArrivalEvents             from event #57 replica_schedule 
> Debug: time=0.07452177335888667 Event #58 of type batch_stage_arrival Generates 1 ReplicaStageScheduleEvent replica_id=0 stage_id=0
> Debug: time=0.08030454534264667 Generates 1 BatchStageArrivalEvents             from event #63 replica_schedule 
> Debug: time=0.08030454534264667 Event #64 of type batch_stage_arrival Generates 1 ReplicaStageScheduleEvent replica_id=0 stage_id=0
> Debug: time=0.08608731732640666 Generates 1 BatchStageArrivalEvents             from event #69 replica_schedule 
> Debug: time=0.08608731732640666 Event #70 of type batch_stage_arrival Generates 1 ReplicaStageScheduleEvent replica_id=0 stage_id=0
> Debug: time=0.09187008931016666 Generates 1 BatchStageArrivalEvents             from event #75 replica_schedule 
> Debug: time=0.09187008931016666 Event #76 of type batch_stage_arrival Generates 1 ReplicaStageScheduleEvent replica_id=0 stage_id=0
> Debug: time=0.09765286129392665 Generates 1 BatchStageArrivalEvents             from event #81 replica_schedule 
> Debug: time=0.09765286129392665 Event #82 of type batch_stage_arrival Generates 1 ReplicaStageScheduleEvent replica_id=0 stage_id=0
> Debug: time=0.10343563327768665 Generates 1 BatchStageArrivalEvents             from event #87 replica_schedule 
> Debug: time=0.10343563327768665 Event #88 of type batch_stage_arrival Generates 1 ReplicaStageScheduleEvent replica_id=0 stage_id=0
> Debug: time=0.10921840526144665 Generates 1 BatchStageArrivalEvents             from event #93 replica_schedule 
> Debug: time=0.10921840526144665 Event #94 of type batch_stage_arrival Generates 1 ReplicaStageScheduleEvent replica_id=0 stage_id=0
> Debug: time=0.11500117724520664 Generates 1 BatchStageArrivalEvents             from event #99 replica_schedule 
> Debug: time=0.11500117724520664 Event #100 of type batch_stage_arrival Generates 1 ReplicaStageScheduleEvent replica_id=0 stage_id=0
> Debug: time=0.12078394922896664 Generates 1 BatchStageArrivalEvents             from event #105 replica_schedule 
> Debug: time=0.12078394922896664 Event #106 of type batch_stage_arrival Generates 1 ReplicaStageScheduleEvent replica_id=0 stage_id=0
> Debug: time=0.12656672121272664 Generates 1 BatchStageArrivalEvents             from event #111 replica_schedule 
> Debug: time=0.12656672121272664 Event #112 of type batch_stage_arrival Generates 1 ReplicaStageScheduleEvent replica_id=0 stage_id=0
> Debug: time=0.13234949319648662 Generates 1 BatchStageArrivalEvents             from event #117 replica_schedule 
> Debug: time=0.13234949319648662 Event #118 of type batch_stage_arrival Generates 1 ReplicaStageScheduleEvent replica_id=0 stage_id=0
> Debug: time=0.1381322651802466 Generates 1 BatchStageArrivalEvents             from event #123 replica_schedule 
> Debug: time=0.1381322651802466 Event #124 of type batch_stage_arrival Generates 1 ReplicaStageScheduleEvent replica_id=0 stage_id=0
> Debug: time=0.14391503716400658 Generates 1 BatchStageArrivalEvents             from event #129 replica_schedule 
> Debug: time=0.14391503716400658 Event #130 of type batch_stage_arrival Generates 1 ReplicaStageScheduleEvent replica_id=0 stage_id=0
> Debug: time=0.14969780914776656 Generates 1 BatchStageArrivalEvents             from event #135 replica_schedule 
> Debug: time=0.14969780914776656 Event #136 of type batch_stage_arrival Generates 1 ReplicaStageScheduleEvent replica_id=0 stage_id=0
> Debug: time=0.15548058113152655 Generates 1 BatchStageArrivalEvents             from event #141 replica_schedule 
> Debug: time=0.15548058113152655 Event #142 of type batch_stage_arrival Generates 1 ReplicaStageScheduleEvent replica_id=0 stage_id=0
> Debug: time=0.16126335311528653 Generates 1 BatchStageArrivalEvents             from event #147 replica_schedule 
> Debug: time=0.16126335311528653 Event #148 of type batch_stage_arrival Generates 1 ReplicaStageScheduleEvent replica_id=0 stage_id=0
> Debug: time=0.1670461250990465 Generates 1 BatchStageArrivalEvents             from event #153 replica_schedule 
> Debug: time=0.1670461250990465 Event #154 of type batch_stage_arrival Generates 1 ReplicaStageScheduleEvent replica_id=0 stage_id=0
> Debug: time=0.1728288970828065 Generates 1 BatchStageArrivalEvents             from event #159 replica_schedule 
> Debug: time=0.1728288970828065 Event #160 of type batch_stage_arrival Generates 1 ReplicaStageScheduleEvent replica_id=0 stage_id=0
> Debug: time=0.17861166906656648 Generates 1 BatchStageArrivalEvents             from event #165 replica_schedule 
> Debug: time=0.17861166906656648 Event #166 of type batch_stage_arrival Generates 1 ReplicaStageScheduleEvent replica_id=0 stage_id=0
> Debug: time=0.18439444105032646 Generates 1 BatchStageArrivalEvents             from event #171 replica_schedule 
> Debug: time=0.18439444105032646 Event #172 of type batch_stage_arrival Generates 1 ReplicaStageScheduleEvent replica_id=0 stage_id=0
> Debug: time=0.19017721303408644 Generates 1 BatchStageArrivalEvents             from event #177 replica_schedule 
> Debug: time=0.19017721303408644 Event #178 of type batch_stage_arrival Generates 1 ReplicaStageScheduleEvent replica_id=0 stage_id=0
> Debug: time=0.19595998501784642 Generates 1 BatchStageArrivalEvents             from event #183 replica_schedule 
> Debug: time=0.19595998501784642 Event #184 of type batch_stage_arrival Generates 1 ReplicaStageScheduleEvent replica_id=0 stage_id=0
> Debug: time=0.2017427570016064 Generates 1 BatchStageArrivalEvents             from event #189 replica_schedule 
> Debug: time=0.2017427570016064 Event #190 of type batch_stage_arrival Generates 1 ReplicaStageScheduleEvent replica_id=0 stage_id=0
> Debug: time=0.2075255289853664 Generates 1 BatchStageArrivalEvents             from event #195 replica_schedule 
> Debug: time=0.2075255289853664 Event #196 of type batch_stage_arrival Generates 1 ReplicaStageScheduleEvent replica_id=0 stage_id=0
> Debug: time=0.21330830096912637 Generates 1 BatchStageArrivalEvents             from event #201 replica_schedule 
> Debug: time=0.21330830096912637 Event #202 of type batch_stage_arrival Generates 1 ReplicaStageScheduleEvent replica_id=0 stage_id=0
> Debug: time=0.21909107295288635 Generates 1 BatchStageArrivalEvents             from event #207 replica_schedule 
> Debug: time=0.21909107295288635 Event #208 of type batch_stage_arrival Generates 1 ReplicaStageScheduleEvent replica_id=0 stage_id=0
> Debug: time=0.22487384493664633 Generates 1 BatchStageArrivalEvents             from event #213 replica_schedule 
> Debug: time=0.22487384493664633 Event #214 of type batch_stage_arrival Generates 1 ReplicaStageScheduleEvent replica_id=0 stage_id=0
> Debug: time=0.23065661692040632 Generates 1 BatchStageArrivalEvents             from event #219 replica_schedule 
> Debug: time=0.23065661692040632 Event #220 of type batch_stage_arrival Generates 1 ReplicaStageScheduleEvent replica_id=0 stage_id=0
> Debug: time=0.2364393889041663 Generates 1 BatchStageArrivalEvents             from event #225 replica_schedule 
> Debug: time=0.2364393889041663 Event #226 of type batch_stage_arrival Generates 1 ReplicaStageScheduleEvent replica_id=0 stage_id=0
> Debug: time=0.24222216088792628 Generates 1 BatchStageArrivalEvents             from event #231 replica_schedule 
> Debug: time=0.24222216088792628 Event #232 of type batch_stage_arrival Generates 1 ReplicaStageScheduleEvent replica_id=0 stage_id=0
> Debug: time=0.24800493287168626 Generates 1 BatchStageArrivalEvents             from event #237 replica_schedule 
> Debug: time=0.24800493287168626 Event #238 of type batch_stage_arrival Generates 1 ReplicaStageScheduleEvent replica_id=0 stage_id=0
> Debug: time=0.25378770485544627 Generates 1 BatchStageArrivalEvents             from event #243 replica_schedule 
> Debug: time=0.25378770485544627 Event #244 of type batch_stage_arrival Generates 1 ReplicaStageScheduleEvent replica_id=0 stage_id=0
> Debug: time=0.25957047683920625 Generates 1 BatchStageArrivalEvents             from event #249 replica_schedule 
> Debug: time=0.25957047683920625 Event #250 of type batch_stage_arrival Generates 1 ReplicaStageScheduleEvent replica_id=0 stage_id=0
> Debug: time=0.26535324882296624 Generates 1 BatchStageArrivalEvents             from event #255 replica_schedule 
> Debug: time=0.26535324882296624 Event #256 of type batch_stage_arrival Generates 1 ReplicaStageScheduleEvent replica_id=0 stage_id=0
> Debug: time=0.2711360208067262 Generates 1 BatchStageArrivalEvents             from event #261 replica_schedule 
> Debug: time=0.2711360208067262 Event #262 of type batch_stage_arrival Generates 1 ReplicaStageScheduleEvent replica_id=0 stage_id=0
> Debug: time=0.2769187927904862 Generates 1 BatchStageArrivalEvents             from event #267 replica_schedule 
> Debug: time=0.2769187927904862 Event #268 of type batch_stage_arrival Generates 1 ReplicaStageScheduleEvent replica_id=0 stage_id=0
> Debug: time=0.2827015647742462 Generates 1 BatchStageArrivalEvents             from event #273 replica_schedule 
> Debug: time=0.2827015647742462 Event #274 of type batch_stage_arrival Generates 1 ReplicaStageScheduleEvent replica_id=0 stage_id=0
> Debug: time=0.28848433675800617 Generates 1 BatchStageArrivalEvents             from event #279 replica_schedule 
> Debug: time=0.28848433675800617 Event #280 of type batch_stage_arrival Generates 1 ReplicaStageScheduleEvent replica_id=0 stage_id=0
> Debug: time=0.29426710874176615 Generates 1 BatchStageArrivalEvents             from event #285 replica_schedule 
> Debug: time=0.29426710874176615 Event #286 of type batch_stage_arrival Generates 1 ReplicaStageScheduleEvent replica_id=0 stage_id=0
> Debug: time=0.30004988072552613 Generates 1 BatchStageArrivalEvents             from event #291 replica_schedule 
> Debug: time=0.30004988072552613 Event #292 of type batch_stage_arrival Generates 1 ReplicaStageScheduleEvent replica_id=0 stage_id=0
> Debug: time=0.3058326527092861 Generates 1 BatchStageArrivalEvents             from event #297 replica_schedule 
> Debug: time=0.3058326527092861 Event #298 of type batch_stage_arrival Generates 1 ReplicaStageScheduleEvent replica_id=0 stage_id=0
INFO 09-15 00:49:54 simulator.py:110] Simulation ended at: 0.3116154246930461s
INFO 09-15 00:49:54 simulator.py:121] Writing output
/home/turbo_ops/miniconda3/envs/sarathi/lib/python3.10/site-packages/numpy/lib/_function_base_impl.py:4653: RuntimeWarning: invalid value encountered in subtract
  diff_b_a = subtract(b, a)
/home/turbo_ops/miniconda3/envs/sarathi/lib/python3.10/site-packages/numpy/lib/_function_base_impl.py:4653: RuntimeWarning: invalid value encountered in subtract
  diff_b_a = subtract(b, a)
/home/turbo_ops/miniconda3/envs/sarathi/lib/python3.10/site-packages/numpy/lib/_function_base_impl.py:4653: RuntimeWarning: invalid value encountered in subtract
  diff_b_a = subtract(b, a)
/home/turbo_ops/miniconda3/envs/sarathi/lib/python3.10/site-packages/numpy/lib/_function_base_impl.py:4653: RuntimeWarning: invalid value encountered in subtract
  diff_b_a = subtract(b, a)
/home/turbo_ops/miniconda3/envs/sarathi/lib/python3.10/site-packages/numpy/lib/_function_base_impl.py:4653: RuntimeWarning: invalid value encountered in subtract
  diff_b_a = subtract(b, a)
/home/turbo_ops/miniconda3/envs/sarathi/lib/python3.10/site-packages/numpy/lib/_function_base_impl.py:4653: RuntimeWarning: invalid value encountered in subtract
  diff_b_a = subtract(b, a)
/home/turbo_ops/miniconda3/envs/sarathi/lib/python3.10/site-packages/numpy/lib/_function_base_impl.py:4653: RuntimeWarning: invalid value encountered in subtract
  diff_b_a = subtract(b, a)
/home/turbo_ops/miniconda3/envs/sarathi/lib/python3.10/site-packages/numpy/lib/_function_base_impl.py:4653: RuntimeWarning: invalid value encountered in subtract
  diff_b_a = subtract(b, a)
/home/turbo_ops/miniconda3/envs/sarathi/lib/python3.10/site-packages/numpy/lib/_function_base_impl.py:4653: RuntimeWarning: invalid value encountered in subtract
  diff_b_a = subtract(b, a)
INFO 09-15 00:49:55 simulator.py:124] Metrics written
p=512 rc=0
