INFO 09-15 01:21:46 sklearn_execution_time_predictor.py:241] Attention data filtering: original 43888 rows, filtered 10972 rows. Model config: n_embd=4096, n_q_head=32, n_kv_head=32, block_size=16, tp_workers=2
INFO 09-15 01:21:46 sklearn_execution_time_predictor.py:241] Attention data filtering: original 43888 rows, filtered 10972 rows. Model config: n_embd=4096, n_q_head=32, n_kv_head=32, block_size=16, tp_workers=2
INFO 09-15 01:21:47 simulator.py:68] Starting simulation with cluster: Cluster({'id': 0, 'num_replicas': 1}) and 1 requests
> Debug: time=0.01020060287274801 Event 1 of type request_arrival Generates 1 GlobalScheduleEvent
> Debug: time=0.01020060287274801 Generates 1 ReplicaScheduleEvents                 from event #2 global_schedule, replica_id=0
> Debug: time=0.01020060287274801 Generates 1 BatchStageArrivalEvents             from event #3 replica_schedule 
> Debug: time=0.01020060287274801 Event #4 of type batch_stage_arrival Generates 1 ReplicaStageScheduleEvent replica_id=0 stage_id=0
> Debug: time=0.029539597488806704 Generates 1 BatchStageArrivalEvents             from event #9 replica_schedule 
> Debug: time=0.029539597488806704 Event #10 of type batch_stage_arrival Generates 1 ReplicaStageScheduleEvent replica_id=0 stage_id=0
> Debug: time=0.049114193675608264 Generates 1 BatchStageArrivalEvents             from event #15 replica_schedule 
> Debug: time=0.049114193675608264 Event #16 of type batch_stage_arrival Generates 1 ReplicaStageScheduleEvent replica_id=0 stage_id=0
> Debug: time=0.06896011837440982 Generates 1 BatchStageArrivalEvents             from event #21 replica_schedule 
> Debug: time=0.06896011837440982 Event #22 of type batch_stage_arrival Generates 1 ReplicaStageScheduleEvent replica_id=0 stage_id=0
> Debug: time=0.08903454662521139 Generates 1 BatchStageArrivalEvents             from event #27 replica_schedule 
> Debug: time=0.08903454662521139 Event #28 of type batch_stage_arrival Generates 1 ReplicaStageScheduleEvent replica_id=0 stage_id=0
> Debug: time=0.09626253550497138 Generates 1 BatchStageArrivalEvents             from event #33 replica_schedule 
> Debug: time=0.09626253550497138 Event #34 of type batch_stage_arrival Generates 1 ReplicaStageScheduleEvent replica_id=0 stage_id=0
> Debug: time=0.10349052438473137 Generates 1 BatchStageArrivalEvents             from event #39 replica_schedule 
> Debug: time=0.10349052438473137 Event #40 of type batch_stage_arrival Generates 1 ReplicaStageScheduleEvent replica_id=0 stage_id=0
> Debug: time=0.11071851326449136 Generates 1 BatchStageArrivalEvents             from event #45 replica_schedule 
> Debug: time=0.11071851326449136 Event #46 of type batch_stage_arrival Generates 1 ReplicaStageScheduleEvent replica_id=0 stage_id=0
> Debug: time=0.11794650214425136 Generates 1 BatchStageArrivalEvents             from event #51 replica_schedule 
> Debug: time=0.11794650214425136 Event #52 of type batch_stage_arrival Generates 1 ReplicaStageScheduleEvent replica_id=0 stage_id=0
> Debug: time=0.12517449102401135 Generates 1 BatchStageArrivalEvents             from event #57 replica_schedule 
> Debug: time=0.12517449102401135 Event #58 of type batch_stage_arrival Generates 1 ReplicaStageScheduleEvent replica_id=0 stage_id=0
> Debug: time=0.13240247990377135 Generates 1 BatchStageArrivalEvents             from event #63 replica_schedule 
> Debug: time=0.13240247990377135 Event #64 of type batch_stage_arrival Generates 1 ReplicaStageScheduleEvent replica_id=0 stage_id=0
> Debug: time=0.13963046878353136 Generates 1 BatchStageArrivalEvents             from event #69 replica_schedule 
> Debug: time=0.13963046878353136 Event #70 of type batch_stage_arrival Generates 1 ReplicaStageScheduleEvent replica_id=0 stage_id=0
> Debug: time=0.14685845766329136 Generates 1 BatchStageArrivalEvents             from event #75 replica_schedule 
> Debug: time=0.14685845766329136 Event #76 of type batch_stage_arrival Generates 1 ReplicaStageScheduleEvent replica_id=0 stage_id=0
> Debug: time=0.15408644654305137 Generates 1 BatchStageArrivalEvents             from event #81 replica_schedule 
> Debug: time=0.15408644654305137 Event #82 of type batch_stage_arrival Generates 1 ReplicaStageScheduleEvent replica_id=0 stage_id=0
> Debug: time=0.16131443542281138 Generates 1 BatchStageArrivalEvents             from event #87 replica_schedule 
> Debug: time=0.16131443542281138 Event #88 of type batch_stage_arrival Generates 1 ReplicaStageScheduleEvent replica_id=0 stage_id=0
> Debug: time=0.16854242430257138 Generates 1 BatchStageArrivalEvents             from event #93 replica_schedule 
> Debug: time=0.16854242430257138 Event #94 of type batch_stage_arrival Generates 1 ReplicaStageScheduleEvent replica_id=0 stage_id=0
> Debug: time=0.1757704131823314 Generates 1 BatchStageArrivalEvents             from event #99 replica_schedule 
> Debug: time=0.1757704131823314 Event #100 of type batch_stage_arrival Generates 1 ReplicaStageScheduleEvent replica_id=0 stage_id=0
> Debug: time=0.1829984020620914 Generates 1 BatchStageArrivalEvents             from event #105 replica_schedule 
> Debug: time=0.1829984020620914 Event #106 of type batch_stage_arrival Generates 1 ReplicaStageScheduleEvent replica_id=0 stage_id=0
> Debug: time=0.1902263909418514 Generates 1 BatchStageArrivalEvents             from event #111 replica_schedule 
> Debug: time=0.1902263909418514 Event #112 of type batch_stage_arrival Generates 1 ReplicaStageScheduleEvent replica_id=0 stage_id=0
> Debug: time=0.1974543798216114 Generates 1 BatchStageArrivalEvents             from event #117 replica_schedule 
> Debug: time=0.1974543798216114 Event #118 of type batch_stage_arrival Generates 1 ReplicaStageScheduleEvent replica_id=0 stage_id=0
> Debug: time=0.2046823687013714 Generates 1 BatchStageArrivalEvents             from event #123 replica_schedule 
> Debug: time=0.2046823687013714 Event #124 of type batch_stage_arrival Generates 1 ReplicaStageScheduleEvent replica_id=0 stage_id=0
> Debug: time=0.21191035758113141 Generates 1 BatchStageArrivalEvents             from event #129 replica_schedule 
> Debug: time=0.21191035758113141 Event #130 of type batch_stage_arrival Generates 1 ReplicaStageScheduleEvent replica_id=0 stage_id=0
> Debug: time=0.21913834646089142 Generates 1 BatchStageArrivalEvents             from event #135 replica_schedule 
> Debug: time=0.21913834646089142 Event #136 of type batch_stage_arrival Generates 1 ReplicaStageScheduleEvent replica_id=0 stage_id=0
> Debug: time=0.22636633534065143 Generates 1 BatchStageArrivalEvents             from event #141 replica_schedule 
> Debug: time=0.22636633534065143 Event #142 of type batch_stage_arrival Generates 1 ReplicaStageScheduleEvent replica_id=0 stage_id=0
> Debug: time=0.23359432422041143 Generates 1 BatchStageArrivalEvents             from event #147 replica_schedule 
> Debug: time=0.23359432422041143 Event #148 of type batch_stage_arrival Generates 1 ReplicaStageScheduleEvent replica_id=0 stage_id=0
> Debug: time=0.24082231310017144 Generates 1 BatchStageArrivalEvents             from event #153 replica_schedule 
> Debug: time=0.24082231310017144 Event #154 of type batch_stage_arrival Generates 1 ReplicaStageScheduleEvent replica_id=0 stage_id=0
> Debug: time=0.24805030197993144 Generates 1 BatchStageArrivalEvents             from event #159 replica_schedule 
> Debug: time=0.24805030197993144 Event #160 of type batch_stage_arrival Generates 1 ReplicaStageScheduleEvent replica_id=0 stage_id=0
> Debug: time=0.25527829085969145 Generates 1 BatchStageArrivalEvents             from event #165 replica_schedule 
> Debug: time=0.25527829085969145 Event #166 of type batch_stage_arrival Generates 1 ReplicaStageScheduleEvent replica_id=0 stage_id=0
> Debug: time=0.26250627973945145 Generates 1 BatchStageArrivalEvents             from event #171 replica_schedule 
> Debug: time=0.26250627973945145 Event #172 of type batch_stage_arrival Generates 1 ReplicaStageScheduleEvent replica_id=0 stage_id=0
> Debug: time=0.26973426861921146 Generates 1 BatchStageArrivalEvents             from event #177 replica_schedule 
> Debug: time=0.26973426861921146 Event #178 of type batch_stage_arrival Generates 1 ReplicaStageScheduleEvent replica_id=0 stage_id=0
> Debug: time=0.27696225749897146 Generates 1 BatchStageArrivalEvents             from event #183 replica_schedule 
> Debug: time=0.27696225749897146 Event #184 of type batch_stage_arrival Generates 1 ReplicaStageScheduleEvent replica_id=0 stage_id=0
> Debug: time=0.28419024637873147 Generates 1 BatchStageArrivalEvents             from event #189 replica_schedule 
> Debug: time=0.28419024637873147 Event #190 of type batch_stage_arrival Generates 1 ReplicaStageScheduleEvent replica_id=0 stage_id=0
> Debug: time=0.2914182352584915 Generates 1 BatchStageArrivalEvents             from event #195 replica_schedule 
> Debug: time=0.2914182352584915 Event #196 of type batch_stage_arrival Generates 1 ReplicaStageScheduleEvent replica_id=0 stage_id=0
> Debug: time=0.2986462241382515 Generates 1 BatchStageArrivalEvents             from event #201 replica_schedule 
> Debug: time=0.2986462241382515 Event #202 of type batch_stage_arrival Generates 1 ReplicaStageScheduleEvent replica_id=0 stage_id=0
> Debug: time=0.3058742130180115 Generates 1 BatchStageArrivalEvents             from event #207 replica_schedule 
> Debug: time=0.3058742130180115 Event #208 of type batch_stage_arrival Generates 1 ReplicaStageScheduleEvent replica_id=0 stage_id=0
> Debug: time=0.3131022018977715 Generates 1 BatchStageArrivalEvents             from event #213 replica_schedule 
> Debug: time=0.3131022018977715 Event #214 of type batch_stage_arrival Generates 1 ReplicaStageScheduleEvent replica_id=0 stage_id=0
> Debug: time=0.3203301907775315 Generates 1 BatchStageArrivalEvents             from event #219 replica_schedule 
> Debug: time=0.3203301907775315 Event #220 of type batch_stage_arrival Generates 1 ReplicaStageScheduleEvent replica_id=0 stage_id=0
> Debug: time=0.3275581796572915 Generates 1 BatchStageArrivalEvents             from event #225 replica_schedule 
> Debug: time=0.3275581796572915 Event #226 of type batch_stage_arrival Generates 1 ReplicaStageScheduleEvent replica_id=0 stage_id=0
> Debug: time=0.3347861685370515 Generates 1 BatchStageArrivalEvents             from event #231 replica_schedule 
> Debug: time=0.3347861685370515 Event #232 of type batch_stage_arrival Generates 1 ReplicaStageScheduleEvent replica_id=0 stage_id=0
> Debug: time=0.3420141574168115 Generates 1 BatchStageArrivalEvents             from event #237 replica_schedule 
> Debug: time=0.3420141574168115 Event #238 of type batch_stage_arrival Generates 1 ReplicaStageScheduleEvent replica_id=0 stage_id=0
> Debug: time=0.3492421462965715 Generates 1 BatchStageArrivalEvents             from event #243 replica_schedule 
> Debug: time=0.3492421462965715 Event #244 of type batch_stage_arrival Generates 1 ReplicaStageScheduleEvent replica_id=0 stage_id=0
> Debug: time=0.3564701351763315 Generates 1 BatchStageArrivalEvents             from event #249 replica_schedule 
> Debug: time=0.3564701351763315 Event #250 of type batch_stage_arrival Generates 1 ReplicaStageScheduleEvent replica_id=0 stage_id=0
> Debug: time=0.36369812405609153 Generates 1 BatchStageArrivalEvents             from event #255 replica_schedule 
> Debug: time=0.36369812405609153 Event #256 of type batch_stage_arrival Generates 1 ReplicaStageScheduleEvent replica_id=0 stage_id=0
> Debug: time=0.37092611293585154 Generates 1 BatchStageArrivalEvents             from event #261 replica_schedule 
> Debug: time=0.37092611293585154 Event #262 of type batch_stage_arrival Generates 1 ReplicaStageScheduleEvent replica_id=0 stage_id=0
> Debug: time=0.37815410181561154 Generates 1 BatchStageArrivalEvents             from event #267 replica_schedule 
> Debug: time=0.37815410181561154 Event #268 of type batch_stage_arrival Generates 1 ReplicaStageScheduleEvent replica_id=0 stage_id=0
> Debug: time=0.38538209069537155 Generates 1 BatchStageArrivalEvents             from event #273 replica_schedule 
> Debug: time=0.38538209069537155 Event #274 of type batch_stage_arrival Generates 1 ReplicaStageScheduleEvent replica_id=0 stage_id=0
> Debug: time=0.39261007957513155 Generates 1 BatchStageArrivalEvents             from event #279 replica_schedule 
> Debug: time=0.39261007957513155 Event #280 of type batch_stage_arrival Generates 1 ReplicaStageScheduleEvent replica_id=0 stage_id=0
> Debug: time=0.39983806845489156 Generates 1 BatchStageArrivalEvents             from event #285 replica_schedule 
> Debug: time=0.39983806845489156 Event #286 of type batch_stage_arrival Generates 1 ReplicaStageScheduleEvent replica_id=0 stage_id=0
> Debug: time=0.40706605733465157 Generates 1 BatchStageArrivalEvents             from event #291 replica_schedule 
> Debug: time=0.40706605733465157 Event #292 of type batch_stage_arrival Generates 1 ReplicaStageScheduleEvent replica_id=0 stage_id=0
> Debug: time=0.41429404621441157 Generates 1 BatchStageArrivalEvents             from event #297 replica_schedule 
> Debug: time=0.41429404621441157 Event #298 of type batch_stage_arrival Generates 1 ReplicaStageScheduleEvent replica_id=0 stage_id=0
> Debug: time=0.4215220350941716 Generates 1 BatchStageArrivalEvents             from event #303 replica_schedule 
> Debug: time=0.4215220350941716 Event #304 of type batch_stage_arrival Generates 1 ReplicaStageScheduleEvent replica_id=0 stage_id=0
> Debug: time=0.4287500239739316 Generates 1 BatchStageArrivalEvents             from event #309 replica_schedule 
> Debug: time=0.4287500239739316 Event #310 of type batch_stage_arrival Generates 1 ReplicaStageScheduleEvent replica_id=0 stage_id=0
> Debug: time=0.4359780128536916 Generates 1 BatchStageArrivalEvents             from event #315 replica_schedule 
> Debug: time=0.4359780128536916 Event #316 of type batch_stage_arrival Generates 1 ReplicaStageScheduleEvent replica_id=0 stage_id=0
INFO 09-15 01:21:47 simulator.py:110] Simulation ended at: 0.4432060017334516s
INFO 09-15 01:21:47 simulator.py:121] Writing output
/home/turbo_ops/miniconda3/envs/sarathi/lib/python3.10/site-packages/numpy/lib/_function_base_impl.py:4653: RuntimeWarning: invalid value encountered in subtract
  diff_b_a = subtract(b, a)
/home/turbo_ops/miniconda3/envs/sarathi/lib/python3.10/site-packages/numpy/lib/_function_base_impl.py:4653: RuntimeWarning: invalid value encountered in subtract
  diff_b_a = subtract(b, a)
/home/turbo_ops/miniconda3/envs/sarathi/lib/python3.10/site-packages/numpy/lib/_function_base_impl.py:4653: RuntimeWarning: invalid value encountered in subtract
  diff_b_a = subtract(b, a)
/home/turbo_ops/miniconda3/envs/sarathi/lib/python3.10/site-packages/numpy/lib/_function_base_impl.py:4653: RuntimeWarning: invalid value encountered in subtract
  diff_b_a = subtract(b, a)
/home/turbo_ops/miniconda3/envs/sarathi/lib/python3.10/site-packages/numpy/lib/_function_base_impl.py:4653: RuntimeWarning: invalid value encountered in subtract
  diff_b_a = subtract(b, a)
/home/turbo_ops/miniconda3/envs/sarathi/lib/python3.10/site-packages/numpy/lib/_function_base_impl.py:4653: RuntimeWarning: invalid value encountered in subtract
  diff_b_a = subtract(b, a)
/home/turbo_ops/miniconda3/envs/sarathi/lib/python3.10/site-packages/numpy/lib/_function_base_impl.py:4653: RuntimeWarning: invalid value encountered in subtract
  diff_b_a = subtract(b, a)
/home/turbo_ops/miniconda3/envs/sarathi/lib/python3.10/site-packages/numpy/lib/_function_base_impl.py:4653: RuntimeWarning: invalid value encountered in subtract
  diff_b_a = subtract(b, a)
/home/turbo_ops/miniconda3/envs/sarathi/lib/python3.10/site-packages/numpy/lib/_function_base_impl.py:4653: RuntimeWarning: invalid value encountered in subtract
  diff_b_a = subtract(b, a)
INFO 09-15 01:21:47 simulator.py:124] Metrics written
p=2048 rc=0
